mips-harvard-os161-gcc -g -Wall -W -Wwrite-strings -Wmissing-prototypes  -std=gnu99 -mno-abicalls -fno-pic -ffixed-23 -nostdinc -I../../include -I../../dev -I. -Iincludelinks -ffreestanding -D_KERNEL -DUW -c ../../../common/libc/printf/__printf.c
mips-harvard-os161-gcc -g -Wall -W -Wwrite-strings -Wmissing-prototypes  -std=gnu99 -mno-abicalls -fno-pic -ffixed-23 -nostdinc -I../../include -I../../dev -I. -Iincludelinks -ffreestanding -D_KERNEL -DUW -c ../../../common/libc/printf/snprintf.c
mips-harvard-os161-gcc -g -Wall -W -Wwrite-strings -Wmissing-prototypes  -std=gnu99 -mno-abicalls -fno-pic -ffixed-23 -nostdinc -I../../include -I../../dev -I. -Iincludelinks -ffreestanding -D_KERNEL -DUW -c ../../../common/libc/stdlib/atoi.c
mips-harvard-os161-gcc -g -Wall -W -Wwrite-strings -Wmissing-prototypes  -std=gnu99 -mno-abicalls -fno-pic -ffixed-23 -nostdinc -I../../include -I../../dev -I. -Iincludelinks -ffreestanding -D_KERNEL -DUW -c ../../../common/libc/string/bzero.c
mips-harvard-os161-gcc -g -Wall -W -Wwrite-strings -Wmissing-prototypes  -std=gnu99 -mno-abicalls -fno-pic -ffixed-23 -nostdinc -I../../include -I../../dev -I. -Iincludelinks -ffreestanding -D_KERNEL -DUW -c ../../../common/libc/string/memcpy.c
mips-harvard-os161-gcc -g -Wall -W -Wwrite-strings -Wmissing-prototypes  -std=gnu99 -mno-abicalls -fno-pic -ffixed-23 -nostdinc -I../../include -I../../dev -I. -Iincludelinks -ffreestanding -D_KERNEL -DUW -c ../../../common/libc/string/memmove.c
mips-harvard-os161-gcc -g -Wall -W -Wwrite-strings -Wmissing-prototypes  -std=gnu99 -mno-abicalls -fno-pic -ffixed-23 -nostdinc -I../../include -I../../dev -I. -Iincludelinks -ffreestanding -D_KERNEL -DUW -c ../../../common/libc/string/strcat.c
mips-harvard-os161-gcc -g -Wall -W -Wwrite-strings -Wmissing-prototypes  -std=gnu99 -mno-abicalls -fno-pic -ffixed-23 -nostdinc -I../../include -I../../dev -I. -Iincludelinks -ffreestanding -D_KERNEL -DUW -c ../../../common/libc/string/strchr.c
mips-harvard-os161-gcc -g -Wall -W -Wwrite-strings -Wmissing-prototypes  -std=gnu99 -mno-abicalls -fno-pic -ffixed-23 -nostdinc -I../../include -I../../dev -I. -Iincludelinks -ffreestanding -D_KERNEL -DUW -c ../../../common/libc/string/strcmp.c
mips-harvard-os161-gcc -g -Wall -W -Wwrite-strings -Wmissing-prototypes  -std=gnu99 -mno-abicalls -fno-pic -ffixed-23 -nostdinc -I../../include -I../../dev -I. -Iincludelinks -ffreestanding -D_KERNEL -DUW -c ../../../common/libc/string/strcpy.c
mips-harvard-os161-gcc -g -Wall -W -Wwrite-strings -Wmissing-prototypes  -std=gnu99 -mno-abicalls -fno-pic -ffixed-23 -nostdinc -I../../include -I../../dev -I. -Iincludelinks -ffreestanding -D_KERNEL -DUW -c ../../../common/libc/string/strlen.c
mips-harvard-os161-gcc -g -Wall -W -Wwrite-strings -Wmissing-prototypes  -std=gnu99 -mno-abicalls -fno-pic -ffixed-23 -nostdinc -I../../include -I../../dev -I. -Iincludelinks -ffreestanding -D_KERNEL -DUW -c ../../../common/libc/string/strrchr.c
mips-harvard-os161-gcc -g -Wall -W -Wwrite-strings -Wmissing-prototypes  -std=gnu99 -mno-abicalls -fno-pic -ffixed-23 -nostdinc -I../../include -I../../dev -I. -Iincludelinks -ffreestanding -D_KERNEL -DUW -c ../../../common/libc/string/strtok_r.c
mips-harvard-os161-gcc -g -Wall -W -Wwrite-strings -Wmissing-prototypes  -std=gnu99 -mno-abicalls -fno-pic -ffixed-23 -nostdinc -I../../include -I../../dev -I. -Iincludelinks -ffreestanding -D_KERNEL -DUW -c ../../compile/ASST2/autoconf.c
mips-harvard-os161-gcc -g -Wall -W -Wwrite-strings -Wmissing-prototypes  -std=gnu99 -mno-abicalls -fno-pic -ffixed-23 -nostdinc -I../../include -I../../dev -I. -Iincludelinks -ffreestanding -D_KERNEL -DUW -c ../../dev/generic/beep.c
mips-harvard-os161-gcc -g -Wall -W -Wwrite-strings -Wmissing-prototypes  -std=gnu99 -mno-abicalls -fno-pic -ffixed-23 -nostdinc -I../../include -I../../dev -I. -Iincludelinks -ffreestanding -D_KERNEL -DUW -c ../../dev/generic/console.c
mips-harvard-os161-gcc -g -Wall -W -Wwrite-strings -Wmissing-prototypes  -std=gnu99 -mno-abicalls -fno-pic -ffixed-23 -nostdinc -I../../include -I../../dev -I. -Iincludelinks -ffreestanding -D_KERNEL -DUW -c ../../dev/generic/random.c
mips-harvard-os161-gcc -g -Wall -W -Wwrite-strings -Wmissing-prototypes  -std=gnu99 -mno-abicalls -fno-pic -ffixed-23 -nostdinc -I../../include -I../../dev -I. -Iincludelinks -ffreestanding -D_KERNEL -DUW -c ../../dev/generic/rtclock.c
mips-harvard-os161-gcc -g -Wall -W -Wwrite-strings -Wmissing-prototypes  -std=gnu99 -mno-abicalls -fno-pic -ffixed-23 -nostdinc -I../../include -I../../dev -I. -Iincludelinks -ffreestanding -D_KERNEL -DUW -c ../../dev/lamebus/beep_ltimer.c
mips-harvard-os161-gcc -g -Wall -W -Wwrite-strings -Wmissing-prototypes  -std=gnu99 -mno-abicalls -fno-pic -ffixed-23 -nostdinc -I../../include -I../../dev -I. -Iincludelinks -ffreestanding -D_KERNEL -DUW -c ../../dev/lamebus/con_lser.c
mips-harvard-os161-gcc -g -Wall -W -Wwrite-strings -Wmissing-prototypes  -std=gnu99 -mno-abicalls -fno-pic -ffixed-23 -nostdinc -I../../include -I../../dev -I. -Iincludelinks -ffreestanding -D_KERNEL -DUW -c ../../dev/lamebus/emu.c
mips-harvard-os161-gcc -g -Wall -W -Wwrite-strings -Wmissing-prototypes  -std=gnu99 -mno-abicalls -fno-pic -ffixed-23 -nostdinc -I../../include -I../../dev -I. -Iincludelinks -ffreestanding -D_KERNEL -DUW -c ../../dev/lamebus/emu_att.c
mips-harvard-os161-gcc -g -Wall -W -Wwrite-strings -Wmissing-prototypes  -std=gnu99 -mno-abicalls -fno-pic -ffixed-23 -nostdinc -I../../include -I../../dev -I. -Iincludelinks -ffreestanding -D_KERNEL -DUW -c ../../dev/lamebus/lamebus.c
mips-harvard-os161-gcc -g -Wall -W -Wwrite-strings -Wmissing-prototypes  -std=gnu99 -mno-abicalls -fno-pic -ffixed-23 -nostdinc -I../../include -I../../dev -I. -Iincludelinks -ffreestanding -D_KERNEL -DUW -c ../../dev/lamebus/lhd.c
mips-harvard-os161-gcc -g -Wall -W -Wwrite-strings -Wmissing-prototypes  -std=gnu99 -mno-abicalls -fno-pic -ffixed-23 -nostdinc -I../../include -I../../dev -I. -Iincludelinks -ffreestanding -D_KERNEL -DUW -c ../../dev/lamebus/lhd_att.c
mips-harvard-os161-gcc -g -Wall -W -Wwrite-strings -Wmissing-prototypes  -std=gnu99 -mno-abicalls -fno-pic -ffixed-23 -nostdinc -I../../include -I../../dev -I. -Iincludelinks -ffreestanding -D_KERNEL -DUW -c ../../dev/lamebus/lrandom.c
mips-harvard-os161-gcc -g -Wall -W -Wwrite-strings -Wmissing-prototypes  -std=gnu99 -mno-abicalls -fno-pic -ffixed-23 -nostdinc -I../../include -I../../dev -I. -Iincludelinks -ffreestanding -D_KERNEL -DUW -c ../../dev/lamebus/lrandom_att.c
mips-harvard-os161-gcc -g -Wall -W -Wwrite-strings -Wmissing-prototypes  -std=gnu99 -mno-abicalls -fno-pic -ffixed-23 -nostdinc -I../../include -I../../dev -I. -Iincludelinks -ffreestanding -D_KERNEL -DUW -c ../../dev/lamebus/lser.c
mips-harvard-os161-gcc -g -Wall -W -Wwrite-strings -Wmissing-prototypes  -std=gnu99 -mno-abicalls -fno-pic -ffixed-23 -nostdinc -I../../include -I../../dev -I. -Iincludelinks -ffreestanding -D_KERNEL -DUW -c ../../dev/lamebus/lser_att.c
mips-harvard-os161-gcc -g -Wall -W -Wwrite-strings -Wmissing-prototypes  -std=gnu99 -mno-abicalls -fno-pic -ffixed-23 -nostdinc -I../../include -I../../dev -I. -Iincludelinks -ffreestanding -D_KERNEL -DUW -c ../../dev/lamebus/ltimer.c
mips-harvard-os161-gcc -g -Wall -W -Wwrite-strings -Wmissing-prototypes  -std=gnu99 -mno-abicalls -fno-pic -ffixed-23 -nostdinc -I../../include -I../../dev -I. -Iincludelinks -ffreestanding -D_KERNEL -DUW -c ../../dev/lamebus/ltimer_att.c
mips-harvard-os161-gcc -g -Wall -W -Wwrite-strings -Wmissing-prototypes  -std=gnu99 -mno-abicalls -fno-pic -ffixed-23 -nostdinc -I../../include -I../../dev -I. -Iincludelinks -ffreestanding -D_KERNEL -DUW -c ../../dev/lamebus/ltrace.c
mips-harvard-os161-gcc -g -Wall -W -Wwrite-strings -Wmissing-prototypes  -std=gnu99 -mno-abicalls -fno-pic -ffixed-23 -nostdinc -I../../include -I../../dev -I. -Iincludelinks -ffreestanding -D_KERNEL -DUW -c ../../dev/lamebus/ltrace_att.c
mips-harvard-os161-gcc -g -Wall -W -Wwrite-strings -Wmissing-prototypes  -std=gnu99 -mno-abicalls -fno-pic -ffixed-23 -nostdinc -I../../include -I../../dev -I. -Iincludelinks -ffreestanding -D_KERNEL -DUW -c ../../dev/lamebus/random_lrandom.c
mips-harvard-os161-gcc -g -Wall -W -Wwrite-strings -Wmissing-prototypes  -std=gnu99 -mno-abicalls -fno-pic -ffixed-23 -nostdinc -I../../include -I../../dev -I. -Iincludelinks -ffreestanding -D_KERNEL -DUW -c ../../dev/lamebus/rtclock_ltimer.c
mips-harvard-os161-gcc -g -Wall -W -Wwrite-strings -Wmissing-prototypes  -std=gnu99 -mno-abicalls -fno-pic -ffixed-23 -nostdinc -I../../include -I../../dev -I. -Iincludelinks -ffreestanding -D_KERNEL -DUW -c ../../fs/sfs/sfs_fs.c
mips-harvard-os161-gcc -g -Wall -W -Wwrite-strings -Wmissing-prototypes  -std=gnu99 -mno-abicalls -fno-pic -ffixed-23 -nostdinc -I../../include -I../../dev -I. -Iincludelinks -ffreestanding -D_KERNEL -DUW -c ../../fs/sfs/sfs_io.c
mips-harvard-os161-gcc -g -Wall -W -Wwrite-strings -Wmissing-prototypes  -std=gnu99 -mno-abicalls -fno-pic -ffixed-23 -nostdinc -I../../include -I../../dev -I. -Iincludelinks -ffreestanding -D_KERNEL -DUW -c ../../fs/sfs/sfs_vnode.c
mips-harvard-os161-gcc -g -Wall -W -Wwrite-strings -Wmissing-prototypes  -std=gnu99 -mno-abicalls -fno-pic -ffixed-23 -nostdinc -I../../include -I../../dev -I. -Iincludelinks -ffreestanding -D_KERNEL -DUW -c ../../lib/array.c
mips-harvard-os161-gcc -g -Wall -W -Wwrite-strings -Wmissing-prototypes  -std=gnu99 -mno-abicalls -fno-pic -ffixed-23 -nostdinc -I../../include -I../../dev -I. -Iincludelinks -ffreestanding -D_KERNEL -DUW -c ../../lib/bitmap.c
mips-harvard-os161-gcc -g -Wall -W -Wwrite-strings -Wmissing-prototypes  -std=gnu99 -mno-abicalls -fno-pic -ffixed-23 -nostdinc -I../../include -I../../dev -I. -Iincludelinks -ffreestanding -D_KERNEL -DUW -c ../../lib/bswap.c
mips-harvard-os161-gcc -g -Wall -W -Wwrite-strings -Wmissing-prototypes  -std=gnu99 -mno-abicalls -fno-pic -ffixed-23 -nostdinc -I../../include -I../../dev -I. -Iincludelinks -ffreestanding -D_KERNEL -DUW -c ../../lib/kgets.c
mips-harvard-os161-gcc -g -Wall -W -Wwrite-strings -Wmissing-prototypes  -std=gnu99 -mno-abicalls -fno-pic -ffixed-23 -nostdinc -I../../include -I../../dev -I. -Iincludelinks -ffreestanding -D_KERNEL -DUW -c ../../lib/kprintf.c
mips-harvard-os161-gcc -g -Wall -W -Wwrite-strings -Wmissing-prototypes  -std=gnu99 -mno-abicalls -fno-pic -ffixed-23 -nostdinc -I../../include -I../../dev -I. -Iincludelinks -ffreestanding -D_KERNEL -DUW -c ../../lib/misc.c
mips-harvard-os161-gcc -g -Wall -W -Wwrite-strings -Wmissing-prototypes  -std=gnu99 -mno-abicalls -fno-pic -ffixed-23 -nostdinc -I../../include -I../../dev -I. -Iincludelinks -ffreestanding -D_KERNEL -DUW -c ../../lib/queue.c
mips-harvard-os161-gcc -g -Wall -W -Wwrite-strings -Wmissing-prototypes  -std=gnu99 -mno-abicalls -fno-pic -ffixed-23 -nostdinc -I../../include -I../../dev -I. -Iincludelinks -ffreestanding -D_KERNEL -DUW -c ../../lib/uio.c
mips-harvard-os161-gcc -g -Wall -W -Wwrite-strings -Wmissing-prototypes  -std=gnu99 -mno-abicalls -fno-pic -ffixed-23 -nostdinc -I../../include -I../../dev -I. -Iincludelinks -ffreestanding -D_KERNEL -DUW -c ../../proc/proc.c
mips-harvard-os161-gcc -g -Wall -W -Wwrite-strings -Wmissing-prototypes  -std=gnu99 -mno-abicalls -fno-pic -ffixed-23 -nostdinc -I../../include -I../../dev -I. -Iincludelinks -ffreestanding -D_KERNEL -DUW -c ../../startup/main.c
mips-harvard-os161-gcc -g -Wall -W -Wwrite-strings -Wmissing-prototypes  -std=gnu99 -mno-abicalls -fno-pic -ffixed-23 -nostdinc -I../../include -I../../dev -I. -Iincludelinks -ffreestanding -D_KERNEL -DUW -c ../../startup/menu.c
mips-harvard-os161-gcc -g -Wall -W -Wwrite-strings -Wmissing-prototypes  -std=gnu99 -mno-abicalls -fno-pic -ffixed-23 -nostdinc -I../../include -I../../dev -I. -Iincludelinks -ffreestanding -D_KERNEL -DUW -c ../../syscall/file_syscalls.c
mips-harvard-os161-gcc -g -Wall -W -Wwrite-strings -Wmissing-prototypes  -std=gnu99 -mno-abicalls -fno-pic -ffixed-23 -nostdinc -I../../include -I../../dev -I. -Iincludelinks -ffreestanding -D_KERNEL -DUW -c ../../syscall/loadelf.c
mips-harvard-os161-gcc -g -Wall -W -Wwrite-strings -Wmissing-prototypes  -std=gnu99 -mno-abicalls -fno-pic -ffixed-23 -nostdinc -I../../include -I../../dev -I. -Iincludelinks -ffreestanding -D_KERNEL -DUW -c ../../syscall/proc_syscalls.c
../../syscall/proc_syscalls.c: In function 'sys_execv':
../../syscall/proc_syscalls.c:110: warning: passing argument 1 of 'strlen' from incompatible pointer type
../../syscall/proc_syscalls.c:115: warning: passing argument 2 of 'strcpy' from incompatible pointer type
../../syscall/proc_syscalls.c:125: warning: passing argument 1 of 'vfs_open' from incompatible pointer type
mips-harvard-os161-gcc -g -Wall -W -Wwrite-strings -Wmissing-prototypes  -std=gnu99 -mno-abicalls -fno-pic -ffixed-23 -nostdinc -I../../include -I../../dev -I. -Iincludelinks -ffreestanding -D_KERNEL -DUW -c ../../syscall/runprogram.c
mips-harvard-os161-gcc -g -Wall -W -Wwrite-strings -Wmissing-prototypes  -std=gnu99 -mno-abicalls -fno-pic -ffixed-23 -nostdinc -I../../include -I../../dev -I. -Iincludelinks -ffreestanding -D_KERNEL -DUW -c ../../syscall/time_syscalls.c
mips-harvard-os161-gcc -g -Wall -W -Wwrite-strings -Wmissing-prototypes  -std=gnu99 -mno-abicalls -fno-pic -ffixed-23 -nostdinc -I../../include -I../../dev -I. -Iincludelinks -ffreestanding -D_KERNEL -DUW -c ../../test/arraytest.c
mips-harvard-os161-gcc -g -Wall -W -Wwrite-strings -Wmissing-prototypes  -std=gnu99 -mno-abicalls -fno-pic -ffixed-23 -nostdinc -I../../include -I../../dev -I. -Iincludelinks -ffreestanding -D_KERNEL -DUW -c ../../test/bitmaptest.c
mips-harvard-os161-gcc -g -Wall -W -Wwrite-strings -Wmissing-prototypes  -std=gnu99 -mno-abicalls -fno-pic -ffixed-23 -nostdinc -I../../include -I../../dev -I. -Iincludelinks -ffreestanding -D_KERNEL -DUW -c ../../test/fstest.c
mips-harvard-os161-gcc -g -Wall -W -Wwrite-strings -Wmissing-prototypes  -std=gnu99 -mno-abicalls -fno-pic -ffixed-23 -nostdinc -I../../include -I../../dev -I. -Iincludelinks -ffreestanding -D_KERNEL -DUW -c ../../test/malloctest.c
mips-harvard-os161-gcc -g -Wall -W -Wwrite-strings -Wmissing-prototypes  -std=gnu99 -mno-abicalls -fno-pic -ffixed-23 -nostdinc -I../../include -I../../dev -I. -Iincludelinks -ffreestanding -D_KERNEL -DUW -c ../../test/synchtest.c
mips-harvard-os161-gcc -g -Wall -W -Wwrite-strings -Wmissing-prototypes  -std=gnu99 -mno-abicalls -fno-pic -ffixed-23 -nostdinc -I../../include -I../../dev -I. -Iincludelinks -ffreestanding -D_KERNEL -DUW -c ../../test/threadtest.c
mips-harvard-os161-gcc -g -Wall -W -Wwrite-strings -Wmissing-prototypes  -std=gnu99 -mno-abicalls -fno-pic -ffixed-23 -nostdinc -I../../include -I../../dev -I. -Iincludelinks -ffreestanding -D_KERNEL -DUW -c ../../test/tt3.c
mips-harvard-os161-gcc -g -Wall -W -Wwrite-strings -Wmissing-prototypes  -std=gnu99 -mno-abicalls -fno-pic -ffixed-23 -nostdinc -I../../include -I../../dev -I. -Iincludelinks -ffreestanding -D_KERNEL -DUW -c ../../test/uw-tests.c
mips-harvard-os161-gcc -g -Wall -W -Wwrite-strings -Wmissing-prototypes  -std=gnu99 -mno-abicalls -fno-pic -ffixed-23 -nostdinc -I../../include -I../../dev -I. -Iincludelinks -ffreestanding -D_KERNEL -DUW -c ../../thread/clock.c
mips-harvard-os161-gcc -g -Wall -W -Wwrite-strings -Wmissing-prototypes  -std=gnu99 -mno-abicalls -fno-pic -ffixed-23 -nostdinc -I../../include -I../../dev -I. -Iincludelinks -ffreestanding -D_KERNEL -DUW -c ../../thread/spinlock.c
mips-harvard-os161-gcc -g -Wall -W -Wwrite-strings -Wmissing-prototypes  -std=gnu99 -mno-abicalls -fno-pic -ffixed-23 -nostdinc -I../../include -I../../dev -I. -Iincludelinks -ffreestanding -D_KERNEL -DUW -c ../../thread/spl.c
mips-harvard-os161-gcc -g -Wall -W -Wwrite-strings -Wmissing-prototypes  -std=gnu99 -mno-abicalls -fno-pic -ffixed-23 -nostdinc -I../../include -I../../dev -I. -Iincludelinks -ffreestanding -D_KERNEL -DUW -c ../../thread/synch.c
mips-harvard-os161-gcc -g -Wall -W -Wwrite-strings -Wmissing-prototypes  -std=gnu99 -mno-abicalls -fno-pic -ffixed-23 -nostdinc -I../../include -I../../dev -I. -Iincludelinks -ffreestanding -D_KERNEL -DUW -c ../../thread/thread.c
mips-harvard-os161-gcc -g -Wall -W -Wwrite-strings -Wmissing-prototypes  -std=gnu99 -mno-abicalls -fno-pic -ffixed-23 -nostdinc -I../../include -I../../dev -I. -Iincludelinks -ffreestanding -D_KERNEL -DUW -c ../../thread/threadlist.c
mips-harvard-os161-gcc -g -Wall -W -Wwrite-strings -Wmissing-prototypes  -std=gnu99 -mno-abicalls -fno-pic -ffixed-23 -nostdinc -I../../include -I../../dev -I. -Iincludelinks -ffreestanding -D_KERNEL -DUW -c ../../vfs/device.c
mips-harvard-os161-gcc -g -Wall -W -Wwrite-strings -Wmissing-prototypes  -std=gnu99 -mno-abicalls -fno-pic -ffixed-23 -nostdinc -I../../include -I../../dev -I. -Iincludelinks -ffreestanding -D_KERNEL -DUW -c ../../vfs/devnull.c
mips-harvard-os161-gcc -g -Wall -W -Wwrite-strings -Wmissing-prototypes  -std=gnu99 -mno-abicalls -fno-pic -ffixed-23 -nostdinc -I../../include -I../../dev -I. -Iincludelinks -ffreestanding -D_KERNEL -DUW -c ../../vfs/vfscwd.c
mips-harvard-os161-gcc -g -Wall -W -Wwrite-strings -Wmissing-prototypes  -std=gnu99 -mno-abicalls -fno-pic -ffixed-23 -nostdinc -I../../include -I../../dev -I. -Iincludelinks -ffreestanding -D_KERNEL -DUW -c ../../vfs/vfslist.c
mips-harvard-os161-gcc -g -Wall -W -Wwrite-strings -Wmissing-prototypes  -std=gnu99 -mno-abicalls -fno-pic -ffixed-23 -nostdinc -I../../include -I../../dev -I. -Iincludelinks -ffreestanding -D_KERNEL -DUW -c ../../vfs/vfslookup.c
mips-harvard-os161-gcc -g -Wall -W -Wwrite-strings -Wmissing-prototypes  -std=gnu99 -mno-abicalls -fno-pic -ffixed-23 -nostdinc -I../../include -I../../dev -I. -Iincludelinks -ffreestanding -D_KERNEL -DUW -c ../../vfs/vfspath.c
mips-harvard-os161-gcc -g -Wall -W -Wwrite-strings -Wmissing-prototypes  -std=gnu99 -mno-abicalls -fno-pic -ffixed-23 -nostdinc -I../../include -I../../dev -I. -Iincludelinks -ffreestanding -D_KERNEL -DUW -c ../../vfs/vnode.c
mips-harvard-os161-gcc -g -Wall -W -Wwrite-strings -Wmissing-prototypes  -std=gnu99 -mno-abicalls -fno-pic -ffixed-23 -nostdinc -I../../include -I../../dev -I. -Iincludelinks -ffreestanding -D_KERNEL -DUW -c ../../vm/kmalloc.c
mips-harvard-os161-gcc -g -Wall -W -Wwrite-strings -Wmissing-prototypes  -std=gnu99 -mno-abicalls -fno-pic -ffixed-23 -nostdinc -I../../include -I../../dev -I. -Iincludelinks -ffreestanding -D_KERNEL -DUW -c ../../vm/uw-vmstats.c
mips-harvard-os161-gcc -g -Wall -W -Wwrite-strings -Wmissing-prototypes  -std=gnu99 -mno-abicalls -fno-pic -ffixed-23 -nostdinc -I../../include -I../../dev -I. -Iincludelinks -ffreestanding -D_KERNEL -DUW -c ../../../common/gcc-millicode/adddi3.c
mips-harvard-os161-gcc -g -Wall -W -Wwrite-strings -Wmissing-prototypes  -std=gnu99 -mno-abicalls -fno-pic -ffixed-23 -nostdinc -I../../include -I../../dev -I. -Iincludelinks -ffreestanding -D_KERNEL -DUW -c ../../../common/gcc-millicode/anddi3.c
mips-harvard-os161-gcc -g -Wall -W -Wwrite-strings -Wmissing-prototypes  -std=gnu99 -mno-abicalls -fno-pic -ffixed-23 -nostdinc -I../../include -I../../dev -I. -Iincludelinks -ffreestanding -D_KERNEL -DUW -c ../../../common/gcc-millicode/ashldi3.c
mips-harvard-os161-gcc -g -Wall -W -Wwrite-strings -Wmissing-prototypes  -std=gnu99 -mno-abicalls -fno-pic -ffixed-23 -nostdinc -I../../include -I../../dev -I. -Iincludelinks -ffreestanding -D_KERNEL -DUW -c ../../../common/gcc-millicode/ashrdi3.c
mips-harvard-os161-gcc -g -Wall -W -Wwrite-strings -Wmissing-prototypes  -std=gnu99 -mno-abicalls -fno-pic -ffixed-23 -nostdinc -I../../include -I../../dev -I. -Iincludelinks -ffreestanding -D_KERNEL -DUW -c ../../../common/gcc-millicode/cmpdi2.c
mips-harvard-os161-gcc -g -Wall -W -Wwrite-strings -Wmissing-prototypes  -std=gnu99 -mno-abicalls -fno-pic -ffixed-23 -nostdinc -I../../include -I../../dev -I. -Iincludelinks -ffreestanding -D_KERNEL -DUW -c ../../../common/gcc-millicode/divdi3.c
mips-harvard-os161-gcc -g -Wall -W -Wwrite-strings -Wmissing-prototypes  -std=gnu99 -mno-abicalls -fno-pic -ffixed-23 -nostdinc -I../../include -I../../dev -I. -Iincludelinks -ffreestanding -D_KERNEL -DUW -c ../../../common/gcc-millicode/iordi3.c
mips-harvard-os161-gcc -g -Wall -W -Wwrite-strings -Wmissing-prototypes  -std=gnu99 -mno-abicalls -fno-pic -ffixed-23 -nostdinc -I../../include -I../../dev -I. -Iincludelinks -ffreestanding -D_KERNEL -DUW -c ../../../common/gcc-millicode/lshldi3.c
mips-harvard-os161-gcc -g -Wall -W -Wwrite-strings -Wmissing-prototypes  -std=gnu99 -mno-abicalls -fno-pic -ffixed-23 -nostdinc -I../../include -I../../dev -I. -Iincludelinks -ffreestanding -D_KERNEL -DUW -c ../../../common/gcc-millicode/lshrdi3.c
mips-harvard-os161-gcc -g -Wall -W -Wwrite-strings -Wmissing-prototypes  -std=gnu99 -mno-abicalls -fno-pic -ffixed-23 -nostdinc -I../../include -I../../dev -I. -Iincludelinks -ffreestanding -D_KERNEL -DUW -c ../../../common/gcc-millicode/moddi3.c
mips-harvard-os161-gcc -g -Wall -W -Wwrite-strings -Wmissing-prototypes  -std=gnu99 -mno-abicalls -fno-pic -ffixed-23 -nostdinc -I../../include -I../../dev -I. -Iincludelinks -ffreestanding -D_KERNEL -DUW -c ../../../common/gcc-millicode/muldi3.c
mips-harvard-os161-gcc -g -Wall -W -Wwrite-strings -Wmissing-prototypes  -std=gnu99 -mno-abicalls -fno-pic -ffixed-23 -nostdinc -I../../include -I../../dev -I. -Iincludelinks -ffreestanding -D_KERNEL -DUW -c ../../../common/gcc-millicode/negdi2.c
mips-harvard-os161-gcc -g -Wall -W -Wwrite-strings -Wmissing-prototypes  -std=gnu99 -mno-abicalls -fno-pic -ffixed-23 -nostdinc -I../../include -I../../dev -I. -Iincludelinks -ffreestanding -D_KERNEL -DUW -c ../../../common/gcc-millicode/notdi2.c
mips-harvard-os161-gcc -g -Wall -W -Wwrite-strings -Wmissing-prototypes  -std=gnu99 -mno-abicalls -fno-pic -ffixed-23 -nostdinc -I../../include -I../../dev -I. -Iincludelinks -ffreestanding -D_KERNEL -DUW -c ../../../common/gcc-millicode/qdivrem.c
mips-harvard-os161-gcc -g -Wall -W -Wwrite-strings -Wmissing-prototypes  -std=gnu99 -mno-abicalls -fno-pic -ffixed-23 -nostdinc -I../../include -I../../dev -I. -Iincludelinks -ffreestanding -D_KERNEL -DUW -c ../../../common/gcc-millicode/subdi3.c
mips-harvard-os161-gcc -g -Wall -W -Wwrite-strings -Wmissing-prototypes  -std=gnu99 -mno-abicalls -fno-pic -ffixed-23 -nostdinc -I../../include -I../../dev -I. -Iincludelinks -ffreestanding -D_KERNEL -DUW -c ../../../common/gcc-millicode/ucmpdi2.c
mips-harvard-os161-gcc -g -Wall -W -Wwrite-strings -Wmissing-prototypes  -std=gnu99 -mno-abicalls -fno-pic -ffixed-23 -nostdinc -I../../include -I../../dev -I. -Iincludelinks -ffreestanding -D_KERNEL -DUW -c ../../../common/gcc-millicode/udivdi3.c
mips-harvard-os161-gcc -g -Wall -W -Wwrite-strings -Wmissing-prototypes  -std=gnu99 -mno-abicalls -fno-pic -ffixed-23 -nostdinc -I../../include -I../../dev -I. -Iincludelinks -ffreestanding -D_KERNEL -DUW -c ../../../common/gcc-millicode/umoddi3.c
mips-harvard-os161-gcc -g -Wall -W -Wwrite-strings -Wmissing-prototypes  -std=gnu99 -mno-abicalls -fno-pic -ffixed-23 -nostdinc -I../../include -I../../dev -I. -Iincludelinks -ffreestanding -D_KERNEL -DUW -c ../../../common/gcc-millicode/xordi3.c
mips-harvard-os161-gcc -g -Wall -W -Wwrite-strings -Wmissing-prototypes  -std=gnu99 -mno-abicalls -fno-pic -ffixed-23 -nostdinc -I../../include -I../../dev -I. -Iincludelinks -ffreestanding -D_KERNEL -DUW -c ../../../common/libc/arch/mips/setjmp.S
mips-harvard-os161-gcc -g -Wall -W -Wwrite-strings -Wmissing-prototypes  -std=gnu99 -mno-abicalls -fno-pic -ffixed-23 -nostdinc -I../../include -I../../dev -I. -Iincludelinks -ffreestanding -D_KERNEL -DUW -c ../../arch/mips/locore/trap.c
mips-harvard-os161-gcc -g -Wall -W -Wwrite-strings -Wmissing-prototypes  -std=gnu99 -mno-abicalls -fno-pic -ffixed-23 -nostdinc -I../../include -I../../dev -I. -Iincludelinks -ffreestanding -D_KERNEL -DUW -c ../../arch/mips/syscall/syscall.c
mips-harvard-os161-gcc -g -Wall -W -Wwrite-strings -Wmissing-prototypes  -std=gnu99 -mno-abicalls -fno-pic -ffixed-23 -nostdinc -I../../include -I../../dev -I. -Iincludelinks -ffreestanding -D_KERNEL -DUW -c ../../arch/mips/thread/cpu.c
mips-harvard-os161-gcc -g -Wall -W -Wwrite-strings -Wmissing-prototypes  -std=gnu99 -mno-abicalls -fno-pic -ffixed-23 -nostdinc -I../../include -I../../dev -I. -Iincludelinks -ffreestanding -D_KERNEL -DUW -c ../../arch/mips/thread/switch.S
mips-harvard-os161-gcc -g -Wall -W -Wwrite-strings -Wmissing-prototypes  -std=gnu99 -mno-abicalls -fno-pic -ffixed-23 -nostdinc -I../../include -I../../dev -I. -Iincludelinks -ffreestanding -D_KERNEL -DUW -c ../../arch/mips/thread/switchframe.c
mips-harvard-os161-gcc -g -Wall -W -Wwrite-strings -Wmissing-prototypes  -std=gnu99 -mno-abicalls -fno-pic -ffixed-23 -nostdinc -I../../include -I../../dev -I. -Iincludelinks -ffreestanding -D_KERNEL -DUW -c ../../arch/mips/thread/thread_machdep.c
mips-harvard-os161-gcc -g -Wall -W -Wwrite-strings -Wmissing-prototypes  -std=gnu99 -mno-abicalls -fno-pic -ffixed-23 -nostdinc -I../../include -I../../dev -I. -Iincludelinks -ffreestanding -D_KERNEL -DUW -c ../../arch/mips/thread/threadstart.S
mips-harvard-os161-gcc -g -Wall -W -Wwrite-strings -Wmissing-prototypes  -std=gnu99 -mno-abicalls -fno-pic -ffixed-23 -nostdinc -I../../include -I../../dev -I. -Iincludelinks -ffreestanding -D_KERNEL -DUW -c ../../arch/mips/vm/dumbvm.c
mips-harvard-os161-gcc -g -Wall -W -Wwrite-strings -Wmissing-prototypes  -std=gnu99 -mno-abicalls -fno-pic -ffixed-23 -nostdinc -I../../include -I../../dev -I. -Iincludelinks -ffreestanding -D_KERNEL -DUW -c ../../arch/mips/vm/ram.c
mips-harvard-os161-gcc -g -Wall -W -Wwrite-strings -Wmissing-prototypes  -std=gnu99 -mno-abicalls -fno-pic -ffixed-23 -nostdinc -I../../include -I../../dev -I. -Iincludelinks -ffreestanding -D_KERNEL -DUW -c ../../vm/copyinout.c
mips-harvard-os161-gcc -g -Wall -W -Wwrite-strings -Wmissing-prototypes  -std=gnu99 -mno-abicalls -fno-pic -ffixed-23 -nostdinc -I../../include -I../../dev -I. -Iincludelinks -ffreestanding -D_KERNEL -DUW -c ../../arch/mips/locore/cache-mips161.S
mips-harvard-os161-gcc -g -Wall -W -Wwrite-strings -Wmissing-prototypes  -std=gnu99 -mno-abicalls -fno-pic -ffixed-23 -nostdinc -I../../include -I../../dev -I. -Iincludelinks -ffreestanding -D_KERNEL -DUW -c ../../arch/mips/locore/exception-mips1.S
mips-harvard-os161-gcc -g -Wall -W -Wwrite-strings -Wmissing-prototypes  -std=gnu99 -mno-abicalls -fno-pic -ffixed-23 -nostdinc -I../../include -I../../dev -I. -Iincludelinks -ffreestanding -D_KERNEL -DUW -c ../../arch/mips/vm/tlb-mips1.S
mips-harvard-os161-gcc -g -Wall -W -Wwrite-strings -Wmissing-prototypes  -std=gnu99 -mno-abicalls -fno-pic -ffixed-23 -nostdinc -I../../include -I../../dev -I. -Iincludelinks -ffreestanding -D_KERNEL -DUW -c ../../arch/sys161/dev/lamebus_machdep.c
mips-harvard-os161-gcc -g -Wall -W -Wwrite-strings -Wmissing-prototypes  -std=gnu99 -mno-abicalls -fno-pic -ffixed-23 -nostdinc -I../../include -I../../dev -I. -Iincludelinks -ffreestanding -D_KERNEL -DUW -c ../../arch/sys161/startup/start.S
../../conf/newvers.sh ASST2
*** This is ASST2 build #1 ***
mips-harvard-os161-gcc -g -Wall -W -Wwrite-strings -Wmissing-prototypes  -std=gnu99 -mno-abicalls -fno-pic -ffixed-23 -nostdinc -I../../include -I../../dev -I. -Iincludelinks -ffreestanding -D_KERNEL -DUW -c vers.c
mips-harvard-os161-ld   -nostdlib -T ../../arch/mips/conf/ldscript __printf.o snprintf.o atoi.o bzero.o memcpy.o memmove.o strcat.o strchr.o strcmp.o strcpy.o strlen.o strrchr.o strtok_r.o autoconf.o beep.o console.o random.o rtclock.o beep_ltimer.o con_lser.o emu.o emu_att.o lamebus.o lhd.o lhd_att.o lrandom.o lrandom_att.o lser.o lser_att.o ltimer.o ltimer_att.o ltrace.o ltrace_att.o random_lrandom.o rtclock_ltimer.o sfs_fs.o sfs_io.o sfs_vnode.o array.o bitmap.o bswap.o kgets.o kprintf.o misc.o queue.o uio.o proc.o main.o menu.o file_syscalls.o loadelf.o proc_syscalls.o runprogram.o time_syscalls.o arraytest.o bitmaptest.o fstest.o malloctest.o synchtest.o threadtest.o tt3.o uw-tests.o clock.o spinlock.o spl.o synch.o thread.o threadlist.o device.o devnull.o vfscwd.o vfslist.o vfslookup.o vfspath.o vnode.o kmalloc.o uw-vmstats.o adddi3.o anddi3.o ashldi3.o ashrdi3.o cmpdi2.o divdi3.o iordi3.o lshldi3.o lshrdi3.o moddi3.o muldi3.o negdi2.o notdi2.o qdivrem.o subdi3.o ucmpdi2.o udivdi3.o umoddi3.o xordi3.o setjmp.o trap.o syscall.o cpu.o switch.o switchframe.o thread_machdep.o threadstart.o dumbvm.o ram.o copyinout.o cache-mips161.o exception-mips1.o tlb-mips1.o lamebus_machdep.o start.o vers.o -o kernel
mips-harvard-os161-size kernel
   text	   data	    bss	    dec	    hex	filename
 201304	    528	   7880	 209712	  33330	kernel
[ -d /os-compile ] || mkdir /os-compile
cp kernel /os-compile/kernel-ASST2
rm -f /os-compile/kernel
ln -s kernel-ASST2 /os-compile/kernel
Building Userspace programs
(cd kern && bmake includes)
../mk/installheaders.sh include/kern ../build/install/include/kern
../mk/installheaders.sh arch/mips/include/kern ../build/install/include/kern/mips
(cd user && bmake includes)
(cd lib/hostcompat && bmake includes)
cp hostcompat.h ../../../build/install/hostinclude/
ln -sf ../include/kern ../../../build/install/hostinclude/kern
../mk/installheaders.sh include ../build/install/include
../mk/installheaders.sh include/sys ../build/install/include/sys
../mk/installheaders.sh include/types ../build/install/include/types
ln -sf kern/machine ../build/install/include/machine
ln -sf mips ../build/install/include/kern/machine
(cd user && bmake build)
(cd lib && bmake build)
(cd crt0 && bmake build)
mips-harvard-os161-gcc -O2 -Wall -W -Wwrite-strings -Wmissing-prototypes  -std=gnu99 -mno-abicalls -fno-pic -nostdinc  -I../../../build/install/include -M mips/crt0.S | awk '{x=$0~"^ ";for(i=1;i<=NF;i++){printf "%d %s\n",x,$i;x=1; }}'| sed '/1 \\/d' | awk '{ printf "%s%s", $1?" \\\n ":"\n", $2 }' | sed 's|../../../build/install|$(INSTALLTOP)|;$p;$x' | sed 's|^\([^ ]\)|$(MYBUILDDIR)/\1|' > .deptmp
mv -f .deptmp .depend
cp  ../../../build/user/lib/crt0/crt0.o ../../../build/install/lib/
(cd libc && bmake build)
mips-harvard-os161-gcc -O2 -Wall -W -Wwrite-strings -Wmissing-prototypes  -std=gnu99 -mno-abicalls -fno-pic -nostdinc  -I../../../build/install/include -M ../../../common/libc/printf/__printf.c  ../../../common/libc/printf/snprintf.c stdio/__puts.c  stdio/getchar.c  stdio/printf.c  stdio/putchar.c  stdio/puts.c stdlib/abort.c  ../../../common/libc/stdlib/atoi.c  stdlib/exit.c  stdlib/malloc.c  stdlib/random.c  stdlib/system.c ../../../common/libc/string/bzero.c  string/memcmp.c  ../../../common/libc/string/memcpy.c  ../../../common/libc/string/memmove.c  string/memset.c  ../../../common/libc/string/strcat.c  ../../../common/libc/string/strchr.c  ../../../common/libc/string/strcmp.c  ../../../common/libc/string/strcpy.c  string/strerror.c  ../../../common/libc/string/strlen.c  ../../../common/libc/string/strrchr.c  string/strtok.c  ../../../common/libc/string/strtok_r.c time/time.c ../../../build/user/lib/libc/syscalls.S ../../../common/gcc-millicode/adddi3.c  ../../../common/gcc-millicode/anddi3.c  ../../../common/gcc-millicode/ashldi3.c  ../../../common/gcc-millicode/ashrdi3.c  ../../../common/gcc-millicode/cmpdi2.c  ../../../common/gcc-millicode/divdi3.c  ../../../common/gcc-millicode/iordi3.c  ../../../common/gcc-millicode/lshldi3.c  ../../../common/gcc-millicode/lshrdi3.c  ../../../common/gcc-millicode/moddi3.c  ../../../common/gcc-millicode/muldi3.c  ../../../common/gcc-millicode/negdi2.c  ../../../common/gcc-millicode/notdi2.c  ../../../common/gcc-millicode/qdivrem.c  ../../../common/gcc-millicode/subdi3.c  ../../../common/gcc-millicode/ucmpdi2.c  ../../../common/gcc-millicode/udivdi3.c  ../../../common/gcc-millicode/umoddi3.c  ../../../common/gcc-millicode/xordi3.c unix/__assert.c  unix/err.c  unix/errno.c  unix/getcwd.c  ../../../common/libc/arch/mips/setjmp.S | awk '{x=$0~"^ ";for(i=1;i<=NF;i++){printf "%d %s\n",x,$i;x=1; }}'| sed '/1 \\/d' | awk '{ printf "%s%s", $1?" \\\n ":"\n", $2 }' | sed 's|../../../build/install|$(INSTALLTOP)|;$p;$x' | sed 's|^\([^ ]\)|$(MYBUILDDIR)/\1|' > .deptmp
mv -f .deptmp .depend
bmake ../../../build/user/lib/libc/syscalls.S
rm -f ../../../build/user/lib/libc/syscalls.S ../../../build/user/lib/libc/syscalls.S.tmp
echo '/* Automatically generated; do not edit */' > ../../../build/user/lib/libc/syscalls.S.tmp
cat arch/mips/syscalls-mips.S >> ../../../build/user/lib/libc/syscalls.S.tmp
syscalls/gensyscalls.sh < ../../../build/install/include/kern/syscall.h >> ../../../build/user/lib/libc/syscalls.S.tmp
mv -f ../../../build/user/lib/libc/syscalls.S.tmp ../../../build/user/lib/libc/syscalls.S
rm -f ../../../build/user/lib/libc/syscalls.S ../../../build/user/lib/libc/syscalls.S.tmp
echo '/* Automatically generated; do not edit */' > ../../../build/user/lib/libc/syscalls.S.tmp
cat arch/mips/syscalls-mips.S >> ../../../build/user/lib/libc/syscalls.S.tmp
syscalls/gensyscalls.sh < ../../../build/install/include/kern/syscall.h >> ../../../build/user/lib/libc/syscalls.S.tmp
mv -f ../../../build/user/lib/libc/syscalls.S.tmp ../../../build/user/lib/libc/syscalls.S
mips-harvard-os161-gcc -O2 -Wall -W -Wwrite-strings -Wmissing-prototypes  -std=gnu99 -mno-abicalls -fno-pic -nostdinc  -I../../../build/install/include -c ../../../build/user/lib/libc/syscalls.S -o ../../../build/user/lib/libc/syscalls.o
rm -f ../../../build/user/lib/libc/libc.a
mips-harvard-os161-ar -cq ../../../build/user/lib/libc/libc.a  ../../../build/user/lib/libc/__printf.o ../../../build/user/lib/libc/snprintf.o ../../../build/user/lib/libc/__puts.o ../../../build/user/lib/libc/getchar.o ../../../build/user/lib/libc/printf.o ../../../build/user/lib/libc/putchar.o ../../../build/user/lib/libc/puts.o ../../../build/user/lib/libc/abort.o ../../../build/user/lib/libc/atoi.o ../../../build/user/lib/libc/exit.o ../../../build/user/lib/libc/malloc.o ../../../build/user/lib/libc/random.o ../../../build/user/lib/libc/system.o ../../../build/user/lib/libc/bzero.o ../../../build/user/lib/libc/memcmp.o ../../../build/user/lib/libc/memcpy.o ../../../build/user/lib/libc/memmove.o ../../../build/user/lib/libc/memset.o ../../../build/user/lib/libc/strcat.o ../../../build/user/lib/libc/strchr.o ../../../build/user/lib/libc/strcmp.o ../../../build/user/lib/libc/strcpy.o ../../../build/user/lib/libc/strerror.o ../../../build/user/lib/libc/strlen.o ../../../build/user/lib/libc/strrchr.o ../../../build/user/lib/libc/strtok.o ../../../build/user/lib/libc/strtok_r.o ../../../build/user/lib/libc/time.o ../../../build/user/lib/libc/syscalls.o ../../../build/user/lib/libc/adddi3.o ../../../build/user/lib/libc/anddi3.o ../../../build/user/lib/libc/ashldi3.o ../../../build/user/lib/libc/ashrdi3.o ../../../build/user/lib/libc/cmpdi2.o ../../../build/user/lib/libc/divdi3.o ../../../build/user/lib/libc/iordi3.o ../../../build/user/lib/libc/lshldi3.o ../../../build/user/lib/libc/lshrdi3.o ../../../build/user/lib/libc/moddi3.o ../../../build/user/lib/libc/muldi3.o ../../../build/user/lib/libc/negdi2.o ../../../build/user/lib/libc/notdi2.o ../../../build/user/lib/libc/qdivrem.o ../../../build/user/lib/libc/subdi3.o ../../../build/user/lib/libc/ucmpdi2.o ../../../build/user/lib/libc/udivdi3.o ../../../build/user/lib/libc/umoddi3.o ../../../build/user/lib/libc/xordi3.o ../../../build/user/lib/libc/__assert.o ../../../build/user/lib/libc/err.o ../../../build/user/lib/libc/errno.o ../../../build/user/lib/libc/getcwd.o ../../../build/user/lib/libc/setjmp.o
mips-harvard-os161-ranlib ../../../build/user/lib/libc/libc.a
rm -f ../../../build/install/lib/libc.a
ln ../../../build/user/lib/libc/libc.a ../../../build/install/lib/libc.a ||  cp ../../../build/user/lib/libc/libc.a ../../../build/install/lib/libc.a
(cd hostcompat && bmake build)
gcc -O2 -Wall -W -Wwrite-strings -Wmissing-prototypes   -I../../../build/install/hostinclude -DHOST -MM err.c time.c hostcompat.c | awk '{x=$0~"^ ";for(i=1;i<=NF;i++){printf "%d %s\n",x,$i;x=1; }}'| sed '/1 \\/d' | awk '{ printf "%s%s", $1?" \\\n ":"\n", $2 }' | sed 's/\.o/\.ho/' | sed 's|../../../build/install|$(INSTALLTOP)|;$p;$x' | sed 's|^\([^ ]\)|$(MYBUILDDIR)/\1|' > .deptmp
mv -f .deptmp .depend
(cd bin && bmake build)
(cd true && bmake build)
mips-harvard-os161-gcc -O2 -Wall -W -Wwrite-strings -Wmissing-prototypes  -std=gnu99 -mno-abicalls -fno-pic -nostdinc  -I../../../build/install/include -M true.c | awk '{x=$0~"^ ";for(i=1;i<=NF;i++){printf "%d %s\n",x,$i;x=1; }}'| sed '/1 \\/d' | awk '{ printf "%s%s", $1?" \\\n ":"\n", $2 }' | sed 's|../../../build/install|$(INSTALLTOP)|;$p;$x' | sed 's|^\([^ ]\)|$(MYBUILDDIR)/\1|' > .deptmp
mv -f .deptmp .depend
mips-harvard-os161-gcc  -nostdlib -L../../../build/install/lib ../../../build/install/lib/crt0.o -T ../../../mk/uw-prog-ldscript  ../../../build/user/bin/true/true.o   -lc -o ../../../build/user/bin/true/true
rm -f ../../../build/install/bin/true
ln ../../../build/user/bin/true/true ../../../build/install/bin/true ||  cp ../../../build/user/bin/true/true ../../../build/install/bin/true
(cd false && bmake build)
mips-harvard-os161-gcc -O2 -Wall -W -Wwrite-strings -Wmissing-prototypes  -std=gnu99 -mno-abicalls -fno-pic -nostdinc  -I../../../build/install/include -M false.c | awk '{x=$0~"^ ";for(i=1;i<=NF;i++){printf "%d %s\n",x,$i;x=1; }}'| sed '/1 \\/d' | awk '{ printf "%s%s", $1?" \\\n ":"\n", $2 }' | sed 's|../../../build/install|$(INSTALLTOP)|;$p;$x' | sed 's|^\([^ ]\)|$(MYBUILDDIR)/\1|' > .deptmp
mv -f .deptmp .depend
mips-harvard-os161-gcc  -nostdlib -L../../../build/install/lib ../../../build/install/lib/crt0.o -T ../../../mk/uw-prog-ldscript  ../../../build/user/bin/false/false.o   -lc -o ../../../build/user/bin/false/false
rm -f ../../../build/install/bin/false
ln ../../../build/user/bin/false/false ../../../build/install/bin/false ||  cp ../../../build/user/bin/false/false ../../../build/install/bin/false
(cd sync && bmake build)
mips-harvard-os161-gcc -O2 -Wall -W -Wwrite-strings -Wmissing-prototypes  -std=gnu99 -mno-abicalls -fno-pic -nostdinc  -I../../../build/install/include -M sync.c | awk '{x=$0~"^ ";for(i=1;i<=NF;i++){printf "%d %s\n",x,$i;x=1; }}'| sed '/1 \\/d' | awk '{ printf "%s%s", $1?" \\\n ":"\n", $2 }' | sed 's|../../../build/install|$(INSTALLTOP)|;$p;$x' | sed 's|^\([^ ]\)|$(MYBUILDDIR)/\1|' > .deptmp
mv -f .deptmp .depend
mips-harvard-os161-gcc  -nostdlib -L../../../build/install/lib ../../../build/install/lib/crt0.o -T ../../../mk/uw-prog-ldscript  ../../../build/user/bin/sync/sync.o   -lc -o ../../../build/user/bin/sync/sync
rm -f ../../../build/install/bin/sync
ln ../../../build/user/bin/sync/sync ../../../build/install/bin/sync ||  cp ../../../build/user/bin/sync/sync ../../../build/install/bin/sync
(cd mkdir && bmake build)
mips-harvard-os161-gcc -O2 -Wall -W -Wwrite-strings -Wmissing-prototypes  -std=gnu99 -mno-abicalls -fno-pic -nostdinc  -I../../../build/install/include -M mkdir.c | awk '{x=$0~"^ ";for(i=1;i<=NF;i++){printf "%d %s\n",x,$i;x=1; }}'| sed '/1 \\/d' | awk '{ printf "%s%s", $1?" \\\n ":"\n", $2 }' | sed 's|../../../build/install|$(INSTALLTOP)|;$p;$x' | sed 's|^\([^ ]\)|$(MYBUILDDIR)/\1|' > .deptmp
mv -f .deptmp .depend
mips-harvard-os161-gcc  -nostdlib -L../../../build/install/lib ../../../build/install/lib/crt0.o -T ../../../mk/uw-prog-ldscript  ../../../build/user/bin/mkdir/mkdir.o   -lc -o ../../../build/user/bin/mkdir/mkdir
rm -f ../../../build/install/bin/mkdir
ln ../../../build/user/bin/mkdir/mkdir ../../../build/install/bin/mkdir ||  cp ../../../build/user/bin/mkdir/mkdir ../../../build/install/bin/mkdir
(cd rmdir && bmake build)
mips-harvard-os161-gcc -O2 -Wall -W -Wwrite-strings -Wmissing-prototypes  -std=gnu99 -mno-abicalls -fno-pic -nostdinc  -I../../../build/install/include -M rmdir.c | awk '{x=$0~"^ ";for(i=1;i<=NF;i++){printf "%d %s\n",x,$i;x=1; }}'| sed '/1 \\/d' | awk '{ printf "%s%s", $1?" \\\n ":"\n", $2 }' | sed 's|../../../build/install|$(INSTALLTOP)|;$p;$x' | sed 's|^\([^ ]\)|$(MYBUILDDIR)/\1|' > .deptmp
mv -f .deptmp .depend
mips-harvard-os161-gcc  -nostdlib -L../../../build/install/lib ../../../build/install/lib/crt0.o -T ../../../mk/uw-prog-ldscript  ../../../build/user/bin/rmdir/rmdir.o   -lc -o ../../../build/user/bin/rmdir/rmdir
rm -f ../../../build/install/bin/rmdir
ln ../../../build/user/bin/rmdir/rmdir ../../../build/install/bin/rmdir ||  cp ../../../build/user/bin/rmdir/rmdir ../../../build/install/bin/rmdir
(cd pwd && bmake build)
mips-harvard-os161-gcc -O2 -Wall -W -Wwrite-strings -Wmissing-prototypes  -std=gnu99 -mno-abicalls -fno-pic -nostdinc  -I../../../build/install/include -M pwd.c | awk '{x=$0~"^ ";for(i=1;i<=NF;i++){printf "%d %s\n",x,$i;x=1; }}'| sed '/1 \\/d' | awk '{ printf "%s%s", $1?" \\\n ":"\n", $2 }' | sed 's|../../../build/install|$(INSTALLTOP)|;$p;$x' | sed 's|^\([^ ]\)|$(MYBUILDDIR)/\1|' > .deptmp
mv -f .deptmp .depend
mips-harvard-os161-gcc  -nostdlib -L../../../build/install/lib ../../../build/install/lib/crt0.o -T ../../../mk/uw-prog-ldscript  ../../../build/user/bin/pwd/pwd.o   -lc -o ../../../build/user/bin/pwd/pwd
rm -f ../../../build/install/bin/pwd
ln ../../../build/user/bin/pwd/pwd ../../../build/install/bin/pwd ||  cp ../../../build/user/bin/pwd/pwd ../../../build/install/bin/pwd
(cd cat && bmake build)
mips-harvard-os161-gcc -O2 -Wall -W -Wwrite-strings -Wmissing-prototypes  -std=gnu99 -mno-abicalls -fno-pic -nostdinc  -I../../../build/install/include -M cat.c | awk '{x=$0~"^ ";for(i=1;i<=NF;i++){printf "%d %s\n",x,$i;x=1; }}'| sed '/1 \\/d' | awk '{ printf "%s%s", $1?" \\\n ":"\n", $2 }' | sed 's|../../../build/install|$(INSTALLTOP)|;$p;$x' | sed 's|^\([^ ]\)|$(MYBUILDDIR)/\1|' > .deptmp
mv -f .deptmp .depend
mips-harvard-os161-gcc  -nostdlib -L../../../build/install/lib ../../../build/install/lib/crt0.o -T ../../../mk/uw-prog-ldscript  ../../../build/user/bin/cat/cat.o   -lc -o ../../../build/user/bin/cat/cat
rm -f ../../../build/install/bin/cat
ln ../../../build/user/bin/cat/cat ../../../build/install/bin/cat ||  cp ../../../build/user/bin/cat/cat ../../../build/install/bin/cat
(cd cp && bmake build)
mips-harvard-os161-gcc -O2 -Wall -W -Wwrite-strings -Wmissing-prototypes  -std=gnu99 -mno-abicalls -fno-pic -nostdinc  -I../../../build/install/include -M cp.c | awk '{x=$0~"^ ";for(i=1;i<=NF;i++){printf "%d %s\n",x,$i;x=1; }}'| sed '/1 \\/d' | awk '{ printf "%s%s", $1?" \\\n ":"\n", $2 }' | sed 's|../../../build/install|$(INSTALLTOP)|;$p;$x' | sed 's|^\([^ ]\)|$(MYBUILDDIR)/\1|' > .deptmp
mv -f .deptmp .depend
mips-harvard-os161-gcc  -nostdlib -L../../../build/install/lib ../../../build/install/lib/crt0.o -T ../../../mk/uw-prog-ldscript  ../../../build/user/bin/cp/cp.o   -lc -o ../../../build/user/bin/cp/cp
rm -f ../../../build/install/bin/cp
ln ../../../build/user/bin/cp/cp ../../../build/install/bin/cp ||  cp ../../../build/user/bin/cp/cp ../../../build/install/bin/cp
(cd ln && bmake build)
mips-harvard-os161-gcc -O2 -Wall -W -Wwrite-strings -Wmissing-prototypes  -std=gnu99 -mno-abicalls -fno-pic -nostdinc  -I../../../build/install/include -M ln.c | awk '{x=$0~"^ ";for(i=1;i<=NF;i++){printf "%d %s\n",x,$i;x=1; }}'| sed '/1 \\/d' | awk '{ printf "%s%s", $1?" \\\n ":"\n", $2 }' | sed 's|../../../build/install|$(INSTALLTOP)|;$p;$x' | sed 's|^\([^ ]\)|$(MYBUILDDIR)/\1|' > .deptmp
mv -f .deptmp .depend
mips-harvard-os161-gcc  -nostdlib -L../../../build/install/lib ../../../build/install/lib/crt0.o -T ../../../mk/uw-prog-ldscript  ../../../build/user/bin/ln/ln.o   -lc -o ../../../build/user/bin/ln/ln
rm -f ../../../build/install/bin/ln
ln ../../../build/user/bin/ln/ln ../../../build/install/bin/ln ||  cp ../../../build/user/bin/ln/ln ../../../build/install/bin/ln
(cd mv && bmake build)
mips-harvard-os161-gcc -O2 -Wall -W -Wwrite-strings -Wmissing-prototypes  -std=gnu99 -mno-abicalls -fno-pic -nostdinc  -I../../../build/install/include -M mv.c | awk '{x=$0~"^ ";for(i=1;i<=NF;i++){printf "%d %s\n",x,$i;x=1; }}'| sed '/1 \\/d' | awk '{ printf "%s%s", $1?" \\\n ":"\n", $2 }' | sed 's|../../../build/install|$(INSTALLTOP)|;$p;$x' | sed 's|^\([^ ]\)|$(MYBUILDDIR)/\1|' > .deptmp
mv -f .deptmp .depend
mips-harvard-os161-gcc  -nostdlib -L../../../build/install/lib ../../../build/install/lib/crt0.o -T ../../../mk/uw-prog-ldscript  ../../../build/user/bin/mv/mv.o   -lc -o ../../../build/user/bin/mv/mv
rm -f ../../../build/install/bin/mv
ln ../../../build/user/bin/mv/mv ../../../build/install/bin/mv ||  cp ../../../build/user/bin/mv/mv ../../../build/install/bin/mv
(cd rm && bmake build)
mips-harvard-os161-gcc -O2 -Wall -W -Wwrite-strings -Wmissing-prototypes  -std=gnu99 -mno-abicalls -fno-pic -nostdinc  -I../../../build/install/include -M rm.c | awk '{x=$0~"^ ";for(i=1;i<=NF;i++){printf "%d %s\n",x,$i;x=1; }}'| sed '/1 \\/d' | awk '{ printf "%s%s", $1?" \\\n ":"\n", $2 }' | sed 's|../../../build/install|$(INSTALLTOP)|;$p;$x' | sed 's|^\([^ ]\)|$(MYBUILDDIR)/\1|' > .deptmp
mv -f .deptmp .depend
mips-harvard-os161-gcc  -nostdlib -L../../../build/install/lib ../../../build/install/lib/crt0.o -T ../../../mk/uw-prog-ldscript  ../../../build/user/bin/rm/rm.o   -lc -o ../../../build/user/bin/rm/rm
rm -f ../../../build/install/bin/rm
ln ../../../build/user/bin/rm/rm ../../../build/install/bin/rm ||  cp ../../../build/user/bin/rm/rm ../../../build/install/bin/rm
(cd ls && bmake build)
mips-harvard-os161-gcc -O2 -Wall -W -Wwrite-strings -Wmissing-prototypes  -std=gnu99 -mno-abicalls -fno-pic -nostdinc  -I../../../build/install/include -M ls.c | awk '{x=$0~"^ ";for(i=1;i<=NF;i++){printf "%d %s\n",x,$i;x=1; }}'| sed '/1 \\/d' | awk '{ printf "%s%s", $1?" \\\n ":"\n", $2 }' | sed 's|../../../build/install|$(INSTALLTOP)|;$p;$x' | sed 's|^\([^ ]\)|$(MYBUILDDIR)/\1|' > .deptmp
mv -f .deptmp .depend
mips-harvard-os161-gcc  -nostdlib -L../../../build/install/lib ../../../build/install/lib/crt0.o -T ../../../mk/uw-prog-ldscript  ../../../build/user/bin/ls/ls.o   -lc -o ../../../build/user/bin/ls/ls
rm -f ../../../build/install/bin/ls
ln ../../../build/user/bin/ls/ls ../../../build/install/bin/ls ||  cp ../../../build/user/bin/ls/ls ../../../build/install/bin/ls
(cd sh && bmake build)
mips-harvard-os161-gcc -O2 -Wall -W -Wwrite-strings -Wmissing-prototypes  -std=gnu99 -mno-abicalls -fno-pic -nostdinc  -I../../../build/install/include -M sh.c | awk '{x=$0~"^ ";for(i=1;i<=NF;i++){printf "%d %s\n",x,$i;x=1; }}'| sed '/1 \\/d' | awk '{ printf "%s%s", $1?" \\\n ":"\n", $2 }' | sed 's|../../../build/install|$(INSTALLTOP)|;$p;$x' | sed 's|^\([^ ]\)|$(MYBUILDDIR)/\1|' > .deptmp
mv -f .deptmp .depend
mips-harvard-os161-gcc  -nostdlib -L../../../build/install/lib ../../../build/install/lib/crt0.o -T ../../../mk/uw-prog-ldscript  ../../../build/user/bin/sh/sh.o   -lc -o ../../../build/user/bin/sh/sh
rm -f ../../../build/install/bin/sh
ln ../../../build/user/bin/sh/sh ../../../build/install/bin/sh ||  cp ../../../build/user/bin/sh/sh ../../../build/install/bin/sh
(cd sbin && bmake build)
(cd reboot && bmake build)
mips-harvard-os161-gcc -O2 -Wall -W -Wwrite-strings -Wmissing-prototypes  -std=gnu99 -mno-abicalls -fno-pic -nostdinc  -I../../../build/install/include -M reboot.c | awk '{x=$0~"^ ";for(i=1;i<=NF;i++){printf "%d %s\n",x,$i;x=1; }}'| sed '/1 \\/d' | awk '{ printf "%s%s", $1?" \\\n ":"\n", $2 }' | sed 's|../../../build/install|$(INSTALLTOP)|;$p;$x' | sed 's|^\([^ ]\)|$(MYBUILDDIR)/\1|' > .deptmp
mv -f .deptmp .depend
mips-harvard-os161-gcc  -nostdlib -L../../../build/install/lib ../../../build/install/lib/crt0.o -T ../../../mk/uw-prog-ldscript  ../../../build/user/sbin/reboot/reboot.o   -lc -o ../../../build/user/sbin/reboot/reboot
rm -f ../../../build/install/sbin/reboot
ln ../../../build/user/sbin/reboot/reboot ../../../build/install/sbin/reboot ||  cp ../../../build/user/sbin/reboot/reboot ../../../build/install/sbin/reboot
(cd halt && bmake build)
mips-harvard-os161-gcc -O2 -Wall -W -Wwrite-strings -Wmissing-prototypes  -std=gnu99 -mno-abicalls -fno-pic -nostdinc  -I../../../build/install/include -M halt.c | awk '{x=$0~"^ ";for(i=1;i<=NF;i++){printf "%d %s\n",x,$i;x=1; }}'| sed '/1 \\/d' | awk '{ printf "%s%s", $1?" \\\n ":"\n", $2 }' | sed 's|../../../build/install|$(INSTALLTOP)|;$p;$x' | sed 's|^\([^ ]\)|$(MYBUILDDIR)/\1|' > .deptmp
mv -f .deptmp .depend
mips-harvard-os161-gcc  -nostdlib -L../../../build/install/lib ../../../build/install/lib/crt0.o -T ../../../mk/uw-prog-ldscript  ../../../build/user/sbin/halt/halt.o   -lc -o ../../../build/user/sbin/halt/halt
rm -f ../../../build/install/sbin/halt
ln ../../../build/user/sbin/halt/halt ../../../build/install/sbin/halt ||  cp ../../../build/user/sbin/halt/halt ../../../build/install/sbin/halt
(cd poweroff && bmake build)
mips-harvard-os161-gcc -O2 -Wall -W -Wwrite-strings -Wmissing-prototypes  -std=gnu99 -mno-abicalls -fno-pic -nostdinc  -I../../../build/install/include -M poweroff.c | awk '{x=$0~"^ ";for(i=1;i<=NF;i++){printf "%d %s\n",x,$i;x=1; }}'| sed '/1 \\/d' | awk '{ printf "%s%s", $1?" \\\n ":"\n", $2 }' | sed 's|../../../build/install|$(INSTALLTOP)|;$p;$x' | sed 's|^\([^ ]\)|$(MYBUILDDIR)/\1|' > .deptmp
mv -f .deptmp .depend
mips-harvard-os161-gcc  -nostdlib -L../../../build/install/lib ../../../build/install/lib/crt0.o -T ../../../mk/uw-prog-ldscript  ../../../build/user/sbin/poweroff/poweroff.o   -lc -o ../../../build/user/sbin/poweroff/poweroff
rm -f ../../../build/install/sbin/poweroff
ln ../../../build/user/sbin/poweroff/poweroff ../../../build/install/sbin/poweroff ||  cp ../../../build/user/sbin/poweroff/poweroff ../../../build/install/sbin/poweroff
(cd mksfs && bmake build)
mips-harvard-os161-gcc -O2 -Wall -W -Wwrite-strings -Wmissing-prototypes  -std=gnu99 -mno-abicalls -fno-pic -nostdinc  -I../../../build/install/include -M mksfs.c disk.c support.c | awk '{x=$0~"^ ";for(i=1;i<=NF;i++){printf "%d %s\n",x,$i;x=1; }}'| sed '/1 \\/d' | awk '{ printf "%s%s", $1?" \\\n ":"\n", $2 }' | sed 's|../../../build/install|$(INSTALLTOP)|;$p;$x' | sed 's|^\([^ ]\)|$(MYBUILDDIR)/\1|' > .deptmp
mv -f .deptmp .depend
gcc -O2 -Wall -W -Wwrite-strings -Wmissing-prototypes   -I../../../build/install/hostinclude -DHOST -MM mksfs.c disk.c support.c | awk '{x=$0~"^ ";for(i=1;i<=NF;i++){printf "%d %s\n",x,$i;x=1; }}'| sed '/1 \\/d' | awk '{ printf "%s%s", $1?" \\\n ":"\n", $2 }' | sed 's/\.o/\.ho/' | sed 's|../../../build/install|$(INSTALLTOP)|;$p;$x' | sed 's|^\([^ ]\)|$(MYBUILDDIR)/\1|' > .deptmp
mv -f .deptmp .depend
mips-harvard-os161-gcc  -nostdlib -L../../../build/install/lib ../../../build/install/lib/crt0.o -T ../../../mk/uw-prog-ldscript  ../../../build/user/sbin/mksfs/mksfs.o ../../../build/user/sbin/mksfs/disk.o ../../../build/user/sbin/mksfs/support.o   -lc -o ../../../build/user/sbin/mksfs/mksfs
gcc -O2 -Wall -W -Wwrite-strings -Wmissing-prototypes   -I../../../build/install/hostinclude -DHOST -c mksfs.c -o ../../../build/user/sbin/mksfs/mksfs.ho
gcc   ../../../build/user/sbin/mksfs/mksfs.ho ../../../build/user/sbin/mksfs/disk.ho ../../../build/user/sbin/mksfs/support.ho  ../../../build/tooldir/hostlib/libhostcompat.a  -o ../../../build/user/sbin/mksfs/host-mksfs
rm -f ../../../build/install/sbin/mksfs
ln ../../../build/user/sbin/mksfs/mksfs ../../../build/install/sbin/mksfs ||  cp ../../../build/user/sbin/mksfs/mksfs ../../../build/install/sbin/mksfs
rm -f ../../../build/install/hostbin/host-mksfs
ln ../../../build/user/sbin/mksfs/host-mksfs ../../../build/install/hostbin/host-mksfs ||  cp ../../../build/user/sbin/mksfs/host-mksfs ../../../build/install/hostbin/host-mksfs
(cd dumpsfs && bmake build)
mips-harvard-os161-gcc -O2 -Wall -W -Wwrite-strings -Wmissing-prototypes  -std=gnu99 -mno-abicalls -fno-pic -nostdinc -I../mksfs  -I../../../build/install/include -M dumpsfs.c ../mksfs/disk.c ../mksfs/support.c | awk '{x=$0~"^ ";for(i=1;i<=NF;i++){printf "%d %s\n",x,$i;x=1; }}'| sed '/1 \\/d' | awk '{ printf "%s%s", $1?" \\\n ":"\n", $2 }' | sed 's|../../../build/install|$(INSTALLTOP)|;$p;$x' | sed 's|^\([^ ]\)|$(MYBUILDDIR)/\1|' > .deptmp
mv -f .deptmp .depend
gcc -O2 -Wall -W -Wwrite-strings -Wmissing-prototypes   -I../../../build/install/hostinclude -I../mksfs -DHOST -MM dumpsfs.c ../mksfs/disk.c ../mksfs/support.c | awk '{x=$0~"^ ";for(i=1;i<=NF;i++){printf "%d %s\n",x,$i;x=1; }}'| sed '/1 \\/d' | awk '{ printf "%s%s", $1?" \\\n ":"\n", $2 }' | sed 's/\.o/\.ho/' | sed 's|../../../build/install|$(INSTALLTOP)|;$p;$x' | sed 's|^\([^ ]\)|$(MYBUILDDIR)/\1|' > .deptmp
mv -f .deptmp .depend
mips-harvard-os161-gcc  -nostdlib -L../../../build/install/lib ../../../build/install/lib/crt0.o -T ../../../mk/uw-prog-ldscript  ../../../build/user/sbin/dumpsfs/dumpsfs.o ../../../build/user/sbin/dumpsfs/disk.o ../../../build/user/sbin/dumpsfs/support.o   -lc -o ../../../build/user/sbin/dumpsfs/dumpsfs
gcc -O2 -Wall -W -Wwrite-strings -Wmissing-prototypes   -I../../../build/install/hostinclude -I../mksfs -DHOST -c dumpsfs.c -o ../../../build/user/sbin/dumpsfs/dumpsfs.ho
gcc   ../../../build/user/sbin/dumpsfs/dumpsfs.ho ../../../build/user/sbin/dumpsfs/disk.ho ../../../build/user/sbin/dumpsfs/support.ho  ../../../build/tooldir/hostlib/libhostcompat.a  -o ../../../build/user/sbin/dumpsfs/host-dumpsfs
rm -f ../../../build/install/sbin/dumpsfs
ln ../../../build/user/sbin/dumpsfs/dumpsfs ../../../build/install/sbin/dumpsfs ||  cp ../../../build/user/sbin/dumpsfs/dumpsfs ../../../build/install/sbin/dumpsfs
rm -f ../../../build/install/hostbin/host-dumpsfs
ln ../../../build/user/sbin/dumpsfs/host-dumpsfs ../../../build/install/hostbin/host-dumpsfs ||  cp ../../../build/user/sbin/dumpsfs/host-dumpsfs ../../../build/install/hostbin/host-dumpsfs
(cd sfsck && bmake build)
mips-harvard-os161-gcc -O2 -Wall -W -Wwrite-strings -Wmissing-prototypes  -std=gnu99 -mno-abicalls -fno-pic -nostdinc -I../mksfs  -I../../../build/install/include -M sfsck.c ../mksfs/disk.c ../mksfs/support.c | awk '{x=$0~"^ ";for(i=1;i<=NF;i++){printf "%d %s\n",x,$i;x=1; }}'| sed '/1 \\/d' | awk '{ printf "%s%s", $1?" \\\n ":"\n", $2 }' | sed 's|../../../build/install|$(INSTALLTOP)|;$p;$x' | sed 's|^\([^ ]\)|$(MYBUILDDIR)/\1|' > .deptmp
mv -f .deptmp .depend
gcc -O2 -Wall -W -Wwrite-strings -Wmissing-prototypes   -I../../../build/install/hostinclude -I../mksfs -DHOST -MM sfsck.c ../mksfs/disk.c ../mksfs/support.c | awk '{x=$0~"^ ";for(i=1;i<=NF;i++){printf "%d %s\n",x,$i;x=1; }}'| sed '/1 \\/d' | awk '{ printf "%s%s", $1?" \\\n ":"\n", $2 }' | sed 's/\.o/\.ho/' | sed 's|../../../build/install|$(INSTALLTOP)|;$p;$x' | sed 's|^\([^ ]\)|$(MYBUILDDIR)/\1|' > .deptmp
mv -f .deptmp .depend
mips-harvard-os161-gcc  -nostdlib -L../../../build/install/lib ../../../build/install/lib/crt0.o -T ../../../mk/uw-prog-ldscript  ../../../build/user/sbin/sfsck/sfsck.o ../../../build/user/sbin/sfsck/disk.o ../../../build/user/sbin/sfsck/support.o   -lc -o ../../../build/user/sbin/sfsck/sfsck
gcc -O2 -Wall -W -Wwrite-strings -Wmissing-prototypes   -I../../../build/install/hostinclude -I../mksfs -DHOST -c sfsck.c -o ../../../build/user/sbin/sfsck/sfsck.ho
gcc   ../../../build/user/sbin/sfsck/sfsck.ho ../../../build/user/sbin/sfsck/disk.ho ../../../build/user/sbin/sfsck/support.ho  ../../../build/tooldir/hostlib/libhostcompat.a  -o ../../../build/user/sbin/sfsck/host-sfsck
rm -f ../../../build/install/sbin/sfsck
ln ../../../build/user/sbin/sfsck/sfsck ../../../build/install/sbin/sfsck ||  cp ../../../build/user/sbin/sfsck/sfsck ../../../build/install/sbin/sfsck
rm -f ../../../build/install/hostbin/host-sfsck
ln ../../../build/user/sbin/sfsck/host-sfsck ../../../build/install/hostbin/host-sfsck ||  cp ../../../build/user/sbin/sfsck/host-sfsck ../../../build/install/hostbin/host-sfsck
(cd testbin && bmake build)
(cd add && bmake build)
mips-harvard-os161-gcc -O2 -Wall -W -Wwrite-strings -Wmissing-prototypes  -std=gnu99 -mno-abicalls -fno-pic -nostdinc  -I../../../build/install/include -M add.c | awk '{x=$0~"^ ";for(i=1;i<=NF;i++){printf "%d %s\n",x,$i;x=1; }}'| sed '/1 \\/d' | awk '{ printf "%s%s", $1?" \\\n ":"\n", $2 }' | sed 's|../../../build/install|$(INSTALLTOP)|;$p;$x' | sed 's|^\([^ ]\)|$(MYBUILDDIR)/\1|' > .deptmp
mv -f .deptmp .depend
mips-harvard-os161-gcc  -nostdlib -L../../../build/install/lib ../../../build/install/lib/crt0.o -T ../../../mk/uw-prog-ldscript  ../../../build/user/testbin/add/add.o   -lc -o ../../../build/user/testbin/add/add
rm -f ../../../build/install/testbin/add
ln ../../../build/user/testbin/add/add ../../../build/install/testbin/add ||  cp ../../../build/user/testbin/add/add ../../../build/install/testbin/add
(cd argtest && bmake build)
mips-harvard-os161-gcc -O2 -Wall -W -Wwrite-strings -Wmissing-prototypes  -std=gnu99 -mno-abicalls -fno-pic -nostdinc  -I../../../build/install/include -M argtest.c | awk '{x=$0~"^ ";for(i=1;i<=NF;i++){printf "%d %s\n",x,$i;x=1; }}'| sed '/1 \\/d' | awk '{ printf "%s%s", $1?" \\\n ":"\n", $2 }' | sed 's|../../../build/install|$(INSTALLTOP)|;$p;$x' | sed 's|^\([^ ]\)|$(MYBUILDDIR)/\1|' > .deptmp
mv -f .deptmp .depend
mips-harvard-os161-gcc  -nostdlib -L../../../build/install/lib ../../../build/install/lib/crt0.o -T ../../../mk/uw-prog-ldscript  ../../../build/user/testbin/argtest/argtest.o   -lc -o ../../../build/user/testbin/argtest/argtest
rm -f ../../../build/install/testbin/argtest
ln ../../../build/user/testbin/argtest/argtest ../../../build/install/testbin/argtest ||  cp ../../../build/user/testbin/argtest/argtest ../../../build/install/testbin/argtest
(cd badcall && bmake build)
mips-harvard-os161-gcc -O2 -Wall -W -Wwrite-strings -Wmissing-prototypes  -std=gnu99 -mno-abicalls -fno-pic -nostdinc  -I../../../build/install/include -M bad_execv.c  bad_waitpid.c  bad_open.c  bad_read.c  bad_write.c  bad_close.c  bad_reboot.c  bad_sbrk.c  bad_ioctl.c  bad_lseek.c  bad_fsync.c  bad_ftruncate.c  bad_stat.c  bad_remove.c  bad_rename.c  bad_link.c  bad_mkdir.c  bad_rmdir.c  bad_chdir.c  bad_getdirentry.c  bad_symlink.c  bad_readlink.c  bad_dup2.c  bad_pipe.c  bad_time.c  bad_getcwd.c  common_buf.c  common_fds.c  common_path.c  driver.c | awk '{x=$0~"^ ";for(i=1;i<=NF;i++){printf "%d %s\n",x,$i;x=1; }}'| sed '/1 \\/d' | awk '{ printf "%s%s", $1?" \\\n ":"\n", $2 }' | sed 's|../../../build/install|$(INSTALLTOP)|;$p;$x' | sed 's|^\([^ ]\)|$(MYBUILDDIR)/\1|' > .deptmp
mv -f .deptmp .depend
mips-harvard-os161-gcc  -nostdlib -L../../../build/install/lib ../../../build/install/lib/crt0.o -T ../../../mk/uw-prog-ldscript  ../../../build/user/testbin/badcall/bad_execv.o ../../../build/user/testbin/badcall/bad_waitpid.o ../../../build/user/testbin/badcall/bad_open.o ../../../build/user/testbin/badcall/bad_read.o ../../../build/user/testbin/badcall/bad_write.o ../../../build/user/testbin/badcall/bad_close.o ../../../build/user/testbin/badcall/bad_reboot.o ../../../build/user/testbin/badcall/bad_sbrk.o ../../../build/user/testbin/badcall/bad_ioctl.o ../../../build/user/testbin/badcall/bad_lseek.o ../../../build/user/testbin/badcall/bad_fsync.o ../../../build/user/testbin/badcall/bad_ftruncate.o ../../../build/user/testbin/badcall/bad_stat.o ../../../build/user/testbin/badcall/bad_remove.o ../../../build/user/testbin/badcall/bad_rename.o ../../../build/user/testbin/badcall/bad_link.o ../../../build/user/testbin/badcall/bad_mkdir.o ../../../build/user/testbin/badcall/bad_rmdir.o ../../../build/user/testbin/badcall/bad_chdir.o ../../../build/user/testbin/badcall/bad_getdirentry.o ../../../build/user/testbin/badcall/bad_symlink.o ../../../build/user/testbin/badcall/bad_readlink.o ../../../build/user/testbin/badcall/bad_dup2.o ../../../build/user/testbin/badcall/bad_pipe.o ../../../build/user/testbin/badcall/bad_time.o ../../../build/user/testbin/badcall/bad_getcwd.o ../../../build/user/testbin/badcall/common_buf.o ../../../build/user/testbin/badcall/common_fds.o ../../../build/user/testbin/badcall/common_path.o ../../../build/user/testbin/badcall/driver.o   -lc -o ../../../build/user/testbin/badcall/badcall
rm -f ../../../build/install/testbin/badcall
ln ../../../build/user/testbin/badcall/badcall ../../../build/install/testbin/badcall ||  cp ../../../build/user/testbin/badcall/badcall ../../../build/install/testbin/badcall
(cd bigfile && bmake build)
mips-harvard-os161-gcc -O2 -Wall -W -Wwrite-strings -Wmissing-prototypes  -std=gnu99 -mno-abicalls -fno-pic -nostdinc  -I../../../build/install/include -M bigfile.c | awk '{x=$0~"^ ";for(i=1;i<=NF;i++){printf "%d %s\n",x,$i;x=1; }}'| sed '/1 \\/d' | awk '{ printf "%s%s", $1?" \\\n ":"\n", $2 }' | sed 's|../../../build/install|$(INSTALLTOP)|;$p;$x' | sed 's|^\([^ ]\)|$(MYBUILDDIR)/\1|' > .deptmp
mv -f .deptmp .depend
mips-harvard-os161-gcc  -nostdlib -L../../../build/install/lib ../../../build/install/lib/crt0.o -T ../../../mk/uw-prog-ldscript  ../../../build/user/testbin/bigfile/bigfile.o   -lc -o ../../../build/user/testbin/bigfile/bigfile
rm -f ../../../build/install/testbin/bigfile
ln ../../../build/user/testbin/bigfile/bigfile ../../../build/install/testbin/bigfile ||  cp ../../../build/user/testbin/bigfile/bigfile ../../../build/install/testbin/bigfile
(cd conman && bmake build)
mips-harvard-os161-gcc -O2 -Wall -W -Wwrite-strings -Wmissing-prototypes  -std=gnu99 -mno-abicalls -fno-pic -nostdinc  -I../../../build/install/include -M conman.c | awk '{x=$0~"^ ";for(i=1;i<=NF;i++){printf "%d %s\n",x,$i;x=1; }}'| sed '/1 \\/d' | awk '{ printf "%s%s", $1?" \\\n ":"\n", $2 }' | sed 's|../../../build/install|$(INSTALLTOP)|;$p;$x' | sed 's|^\([^ ]\)|$(MYBUILDDIR)/\1|' > .deptmp
mv -f .deptmp .depend
mips-harvard-os161-gcc  -nostdlib -L../../../build/install/lib ../../../build/install/lib/crt0.o -T ../../../mk/uw-prog-ldscript  ../../../build/user/testbin/conman/conman.o   -lc -o ../../../build/user/testbin/conman/conman
rm -f ../../../build/install/testbin/conman
ln ../../../build/user/testbin/conman/conman ../../../build/install/testbin/conman ||  cp ../../../build/user/testbin/conman/conman ../../../build/install/testbin/conman
(cd crash && bmake build)
mips-harvard-os161-gcc -O2 -Wall -W -Wwrite-strings -Wmissing-prototypes  -std=gnu99 -mno-abicalls -fno-pic -nostdinc  -I../../../build/install/include -M crash.c | awk '{x=$0~"^ ";for(i=1;i<=NF;i++){printf "%d %s\n",x,$i;x=1; }}'| sed '/1 \\/d' | awk '{ printf "%s%s", $1?" \\\n ":"\n", $2 }' | sed 's|../../../build/install|$(INSTALLTOP)|;$p;$x' | sed 's|^\([^ ]\)|$(MYBUILDDIR)/\1|' > .deptmp
mv -f .deptmp .depend
mips-harvard-os161-gcc  -nostdlib -L../../../build/install/lib ../../../build/install/lib/crt0.o -T ../../../mk/uw-prog-ldscript  ../../../build/user/testbin/crash/crash.o   -lc -o ../../../build/user/testbin/crash/crash
rm -f ../../../build/install/testbin/crash
ln ../../../build/user/testbin/crash/crash ../../../build/install/testbin/crash ||  cp ../../../build/user/testbin/crash/crash ../../../build/install/testbin/crash
(cd ctest && bmake build)
mips-harvard-os161-gcc -O2 -Wall -W -Wwrite-strings -Wmissing-prototypes  -std=gnu99 -mno-abicalls -fno-pic -nostdinc  -I../../../build/install/include -M ctest.c | awk '{x=$0~"^ ";for(i=1;i<=NF;i++){printf "%d %s\n",x,$i;x=1; }}'| sed '/1 \\/d' | awk '{ printf "%s%s", $1?" \\\n ":"\n", $2 }' | sed 's|../../../build/install|$(INSTALLTOP)|;$p;$x' | sed 's|^\([^ ]\)|$(MYBUILDDIR)/\1|' > .deptmp
mv -f .deptmp .depend
mips-harvard-os161-gcc  -nostdlib -L../../../build/install/lib ../../../build/install/lib/crt0.o -T ../../../mk/uw-prog-ldscript  ../../../build/user/testbin/ctest/ctest.o   -lc -o ../../../build/user/testbin/ctest/ctest
rm -f ../../../build/install/testbin/ctest
ln ../../../build/user/testbin/ctest/ctest ../../../build/install/testbin/ctest ||  cp ../../../build/user/testbin/ctest/ctest ../../../build/install/testbin/ctest
(cd dirconc && bmake build)
mips-harvard-os161-gcc -O2 -Wall -W -Wwrite-strings -Wmissing-prototypes  -std=gnu99 -mno-abicalls -fno-pic -nostdinc  -I../../../build/install/include -M dirconc.c | awk '{x=$0~"^ ";for(i=1;i<=NF;i++){printf "%d %s\n",x,$i;x=1; }}'| sed '/1 \\/d' | awk '{ printf "%s%s", $1?" \\\n ":"\n", $2 }' | sed 's|../../../build/install|$(INSTALLTOP)|;$p;$x' | sed 's|^\([^ ]\)|$(MYBUILDDIR)/\1|' > .deptmp
mv -f .deptmp .depend
mips-harvard-os161-gcc  -nostdlib -L../../../build/install/lib ../../../build/install/lib/crt0.o -T ../../../mk/uw-prog-ldscript  ../../../build/user/testbin/dirconc/dirconc.o   -lc -o ../../../build/user/testbin/dirconc/dirconc
rm -f ../../../build/install/testbin/dirconc
ln ../../../build/user/testbin/dirconc/dirconc ../../../build/install/testbin/dirconc ||  cp ../../../build/user/testbin/dirconc/dirconc ../../../build/install/testbin/dirconc
(cd dirseek && bmake build)
mips-harvard-os161-gcc -O2 -Wall -W -Wwrite-strings -Wmissing-prototypes  -std=gnu99 -mno-abicalls -fno-pic -nostdinc  -I../../../build/install/include -M dirseek.c | awk '{x=$0~"^ ";for(i=1;i<=NF;i++){printf "%d %s\n",x,$i;x=1; }}'| sed '/1 \\/d' | awk '{ printf "%s%s", $1?" \\\n ":"\n", $2 }' | sed 's|../../../build/install|$(INSTALLTOP)|;$p;$x' | sed 's|^\([^ ]\)|$(MYBUILDDIR)/\1|' > .deptmp
mv -f .deptmp .depend
mips-harvard-os161-gcc  -nostdlib -L../../../build/install/lib ../../../build/install/lib/crt0.o -T ../../../mk/uw-prog-ldscript  ../../../build/user/testbin/dirseek/dirseek.o   -lc -o ../../../build/user/testbin/dirseek/dirseek
rm -f ../../../build/install/testbin/dirseek
ln ../../../build/user/testbin/dirseek/dirseek ../../../build/install/testbin/dirseek ||  cp ../../../build/user/testbin/dirseek/dirseek ../../../build/install/testbin/dirseek
(cd dirtest && bmake build)
mips-harvard-os161-gcc -O2 -Wall -W -Wwrite-strings -Wmissing-prototypes  -std=gnu99 -mno-abicalls -fno-pic -nostdinc  -I../../../build/install/include -M dirtest.c | awk '{x=$0~"^ ";for(i=1;i<=NF;i++){printf "%d %s\n",x,$i;x=1; }}'| sed '/1 \\/d' | awk '{ printf "%s%s", $1?" \\\n ":"\n", $2 }' | sed 's|../../../build/install|$(INSTALLTOP)|;$p;$x' | sed 's|^\([^ ]\)|$(MYBUILDDIR)/\1|' > .deptmp
mv -f .deptmp .depend
mips-harvard-os161-gcc  -nostdlib -L../../../build/install/lib ../../../build/install/lib/crt0.o -T ../../../mk/uw-prog-ldscript  ../../../build/user/testbin/dirtest/dirtest.o   -lc -o ../../../build/user/testbin/dirtest/dirtest
rm -f ../../../build/install/testbin/dirtest
ln ../../../build/user/testbin/dirtest/dirtest ../../../build/install/testbin/dirtest ||  cp ../../../build/user/testbin/dirtest/dirtest ../../../build/install/testbin/dirtest
(cd f_test && bmake build)
mips-harvard-os161-gcc -O2 -Wall -W -Wwrite-strings -Wmissing-prototypes  -std=gnu99 -mno-abicalls -fno-pic -nostdinc  -I../../../build/install/include -M f_test.c f_read.c f_write.c | awk '{x=$0~"^ ";for(i=1;i<=NF;i++){printf "%d %s\n",x,$i;x=1; }}'| sed '/1 \\/d' | awk '{ printf "%s%s", $1?" \\\n ":"\n", $2 }' | sed 's|../../../build/install|$(INSTALLTOP)|;$p;$x' | sed 's|^\([^ ]\)|$(MYBUILDDIR)/\1|' > .deptmp
mv -f .deptmp .depend
mips-harvard-os161-gcc  -nostdlib -L../../../build/install/lib ../../../build/install/lib/crt0.o -T ../../../mk/uw-prog-ldscript  ../../../build/user/testbin/f_test/f_test.o ../../../build/user/testbin/f_test/f_read.o ../../../build/user/testbin/f_test/f_write.o   -lc -o ../../../build/user/testbin/f_test/f_test
rm -f ../../../build/install/testbin/f_test
ln ../../../build/user/testbin/f_test/f_test ../../../build/install/testbin/f_test ||  cp ../../../build/user/testbin/f_test/f_test ../../../build/install/testbin/f_test
(cd farm && bmake build)
mips-harvard-os161-gcc -O2 -Wall -W -Wwrite-strings -Wmissing-prototypes  -std=gnu99 -mno-abicalls -fno-pic -nostdinc  -I../../../build/install/include -M farm.c | awk '{x=$0~"^ ";for(i=1;i<=NF;i++){printf "%d %s\n",x,$i;x=1; }}'| sed '/1 \\/d' | awk '{ printf "%s%s", $1?" \\\n ":"\n", $2 }' | sed 's|../../../build/install|$(INSTALLTOP)|;$p;$x' | sed 's|^\([^ ]\)|$(MYBUILDDIR)/\1|' > .deptmp
mv -f .deptmp .depend
mips-harvard-os161-gcc  -nostdlib -L../../../build/install/lib ../../../build/install/lib/crt0.o -T ../../../mk/uw-prog-ldscript  ../../../build/user/testbin/farm/farm.o   -lc -o ../../../build/user/testbin/farm/farm
rm -f ../../../build/install/testbin/farm
ln ../../../build/user/testbin/farm/farm ../../../build/install/testbin/farm ||  cp ../../../build/user/testbin/farm/farm ../../../build/install/testbin/farm
(cd faulter && bmake build)
mips-harvard-os161-gcc -O2 -Wall -W -Wwrite-strings -Wmissing-prototypes  -std=gnu99 -mno-abicalls -fno-pic -nostdinc  -I../../../build/install/include -M faulter.c | awk '{x=$0~"^ ";for(i=1;i<=NF;i++){printf "%d %s\n",x,$i;x=1; }}'| sed '/1 \\/d' | awk '{ printf "%s%s", $1?" \\\n ":"\n", $2 }' | sed 's|../../../build/install|$(INSTALLTOP)|;$p;$x' | sed 's|^\([^ ]\)|$(MYBUILDDIR)/\1|' > .deptmp
mv -f .deptmp .depend
mips-harvard-os161-gcc  -nostdlib -L../../../build/install/lib ../../../build/install/lib/crt0.o -T ../../../mk/uw-prog-ldscript  ../../../build/user/testbin/faulter/faulter.o   -lc -o ../../../build/user/testbin/faulter/faulter
rm -f ../../../build/install/testbin/faulter
ln ../../../build/user/testbin/faulter/faulter ../../../build/install/testbin/faulter ||  cp ../../../build/user/testbin/faulter/faulter ../../../build/install/testbin/faulter
(cd filetest && bmake build)
mips-harvard-os161-gcc -O2 -Wall -W -Wwrite-strings -Wmissing-prototypes  -std=gnu99 -mno-abicalls -fno-pic -nostdinc  -I../../../build/install/include -M filetest.c | awk '{x=$0~"^ ";for(i=1;i<=NF;i++){printf "%d %s\n",x,$i;x=1; }}'| sed '/1 \\/d' | awk '{ printf "%s%s", $1?" \\\n ":"\n", $2 }' | sed 's|../../../build/install|$(INSTALLTOP)|;$p;$x' | sed 's|^\([^ ]\)|$(MYBUILDDIR)/\1|' > .deptmp
mv -f .deptmp .depend
mips-harvard-os161-gcc  -nostdlib -L../../../build/install/lib ../../../build/install/lib/crt0.o -T ../../../mk/uw-prog-ldscript  ../../../build/user/testbin/filetest/filetest.o   -lc -o ../../../build/user/testbin/filetest/filetest
rm -f ../../../build/install/testbin/filetest
ln ../../../build/user/testbin/filetest/filetest ../../../build/install/testbin/filetest ||  cp ../../../build/user/testbin/filetest/filetest ../../../build/install/testbin/filetest
(cd forkbomb && bmake build)
mips-harvard-os161-gcc -O2 -Wall -W -Wwrite-strings -Wmissing-prototypes  -std=gnu99 -mno-abicalls -fno-pic -nostdinc  -I../../../build/install/include -M forkbomb.c | awk '{x=$0~"^ ";for(i=1;i<=NF;i++){printf "%d %s\n",x,$i;x=1; }}'| sed '/1 \\/d' | awk '{ printf "%s%s", $1?" \\\n ":"\n", $2 }' | sed 's|../../../build/install|$(INSTALLTOP)|;$p;$x' | sed 's|^\([^ ]\)|$(MYBUILDDIR)/\1|' > .deptmp
mv -f .deptmp .depend
mips-harvard-os161-gcc  -nostdlib -L../../../build/install/lib ../../../build/install/lib/crt0.o -T ../../../mk/uw-prog-ldscript  ../../../build/user/testbin/forkbomb/forkbomb.o   -lc -o ../../../build/user/testbin/forkbomb/forkbomb
rm -f ../../../build/install/testbin/forkbomb
ln ../../../build/user/testbin/forkbomb/forkbomb ../../../build/install/testbin/forkbomb ||  cp ../../../build/user/testbin/forkbomb/forkbomb ../../../build/install/testbin/forkbomb
(cd forktest && bmake build)
mips-harvard-os161-gcc -O2 -Wall -W -Wwrite-strings -Wmissing-prototypes  -std=gnu99 -mno-abicalls -fno-pic -nostdinc  -I../../../build/install/include -M forktest.c | awk '{x=$0~"^ ";for(i=1;i<=NF;i++){printf "%d %s\n",x,$i;x=1; }}'| sed '/1 \\/d' | awk '{ printf "%s%s", $1?" \\\n ":"\n", $2 }' | sed 's|../../../build/install|$(INSTALLTOP)|;$p;$x' | sed 's|^\([^ ]\)|$(MYBUILDDIR)/\1|' > .deptmp
mv -f .deptmp .depend
mips-harvard-os161-gcc  -nostdlib -L../../../build/install/lib ../../../build/install/lib/crt0.o -T ../../../mk/uw-prog-ldscript  ../../../build/user/testbin/forktest/forktest.o   -lc -o ../../../build/user/testbin/forktest/forktest
rm -f ../../../build/install/testbin/forktest
ln ../../../build/user/testbin/forktest/forktest ../../../build/install/testbin/forktest ||  cp ../../../build/user/testbin/forktest/forktest ../../../build/install/testbin/forktest
(cd guzzle && bmake build)
mips-harvard-os161-gcc -O2 -Wall -W -Wwrite-strings -Wmissing-prototypes  -std=gnu99 -mno-abicalls -fno-pic -nostdinc  -I../../../build/install/include -M guzzle.c | awk '{x=$0~"^ ";for(i=1;i<=NF;i++){printf "%d %s\n",x,$i;x=1; }}'| sed '/1 \\/d' | awk '{ printf "%s%s", $1?" \\\n ":"\n", $2 }' | sed 's|../../../build/install|$(INSTALLTOP)|;$p;$x' | sed 's|^\([^ ]\)|$(MYBUILDDIR)/\1|' > .deptmp
mv -f .deptmp .depend
mips-harvard-os161-gcc  -nostdlib -L../../../build/install/lib ../../../build/install/lib/crt0.o -T ../../../mk/uw-prog-ldscript  ../../../build/user/testbin/guzzle/guzzle.o   -lc -o ../../../build/user/testbin/guzzle/guzzle
rm -f ../../../build/install/testbin/guzzle
ln ../../../build/user/testbin/guzzle/guzzle ../../../build/install/testbin/guzzle ||  cp ../../../build/user/testbin/guzzle/guzzle ../../../build/install/testbin/guzzle
(cd hash && bmake build)
mips-harvard-os161-gcc -O2 -Wall -W -Wwrite-strings -Wmissing-prototypes  -std=gnu99 -mno-abicalls -fno-pic -nostdinc  -I../../../build/install/include -M hash.c | awk '{x=$0~"^ ";for(i=1;i<=NF;i++){printf "%d %s\n",x,$i;x=1; }}'| sed '/1 \\/d' | awk '{ printf "%s%s", $1?" \\\n ":"\n", $2 }' | sed 's|../../../build/install|$(INSTALLTOP)|;$p;$x' | sed 's|^\([^ ]\)|$(MYBUILDDIR)/\1|' > .deptmp
mv -f .deptmp .depend
gcc -O2 -Wall -W -Wwrite-strings -Wmissing-prototypes   -I../../../build/install/hostinclude -DHOST -MM hash.c | awk '{x=$0~"^ ";for(i=1;i<=NF;i++){printf "%d %s\n",x,$i;x=1; }}'| sed '/1 \\/d' | awk '{ printf "%s%s", $1?" \\\n ":"\n", $2 }' | sed 's/\.o/\.ho/' | sed 's|../../../build/install|$(INSTALLTOP)|;$p;$x' | sed 's|^\([^ ]\)|$(MYBUILDDIR)/\1|' > .deptmp
mv -f .deptmp .depend
mips-harvard-os161-gcc  -nostdlib -L../../../build/install/lib ../../../build/install/lib/crt0.o -T ../../../mk/uw-prog-ldscript  ../../../build/user/testbin/hash/hash.o   -lc -o ../../../build/user/testbin/hash/hash
gcc -O2 -Wall -W -Wwrite-strings -Wmissing-prototypes   -I../../../build/install/hostinclude -DHOST -c hash.c -o ../../../build/user/testbin/hash/hash.ho
gcc   ../../../build/user/testbin/hash/hash.ho  ../../../build/tooldir/hostlib/libhostcompat.a  -o ../../../build/user/testbin/hash/host-hash
rm -f ../../../build/install/testbin/hash
ln ../../../build/user/testbin/hash/hash ../../../build/install/testbin/hash ||  cp ../../../build/user/testbin/hash/hash ../../../build/install/testbin/hash
rm -f ../../../build/install/hostbin/host-hash
ln ../../../build/user/testbin/hash/host-hash ../../../build/install/hostbin/host-hash ||  cp ../../../build/user/testbin/hash/host-hash ../../../build/install/hostbin/host-hash
(cd hog && bmake build)
mips-harvard-os161-gcc -O2 -Wall -W -Wwrite-strings -Wmissing-prototypes  -std=gnu99 -mno-abicalls -fno-pic -nostdinc  -I../../../build/install/include -M hog.c | awk '{x=$0~"^ ";for(i=1;i<=NF;i++){printf "%d %s\n",x,$i;x=1; }}'| sed '/1 \\/d' | awk '{ printf "%s%s", $1?" \\\n ":"\n", $2 }' | sed 's|../../../build/install|$(INSTALLTOP)|;$p;$x' | sed 's|^\([^ ]\)|$(MYBUILDDIR)/\1|' > .deptmp
mv -f .deptmp .depend
mips-harvard-os161-gcc  -nostdlib -L../../../build/install/lib ../../../build/install/lib/crt0.o -T ../../../mk/uw-prog-ldscript  ../../../build/user/testbin/hog/hog.o   -lc -o ../../../build/user/testbin/hog/hog
rm -f ../../../build/install/testbin/hog
ln ../../../build/user/testbin/hog/hog ../../../build/install/testbin/hog ||  cp ../../../build/user/testbin/hog/hog ../../../build/install/testbin/hog
(cd huge && bmake build)
mips-harvard-os161-gcc -O2 -Wall -W -Wwrite-strings -Wmissing-prototypes  -std=gnu99 -mno-abicalls -fno-pic -nostdinc  -I../../../build/install/include -M huge.c | awk '{x=$0~"^ ";for(i=1;i<=NF;i++){printf "%d %s\n",x,$i;x=1; }}'| sed '/1 \\/d' | awk '{ printf "%s%s", $1?" \\\n ":"\n", $2 }' | sed 's|../../../build/install|$(INSTALLTOP)|;$p;$x' | sed 's|^\([^ ]\)|$(MYBUILDDIR)/\1|' > .deptmp
mv -f .deptmp .depend
mips-harvard-os161-gcc  -nostdlib -L../../../build/install/lib ../../../build/install/lib/crt0.o -T ../../../mk/uw-prog-ldscript  ../../../build/user/testbin/huge/huge.o   -lc -o ../../../build/user/testbin/huge/huge
rm -f ../../../build/install/testbin/huge
ln ../../../build/user/testbin/huge/huge ../../../build/install/testbin/huge ||  cp ../../../build/user/testbin/huge/huge ../../../build/install/testbin/huge
(cd kitchen && bmake build)
mips-harvard-os161-gcc -O2 -Wall -W -Wwrite-strings -Wmissing-prototypes  -std=gnu99 -mno-abicalls -fno-pic -nostdinc  -I../../../build/install/include -M kitchen.c | awk '{x=$0~"^ ";for(i=1;i<=NF;i++){printf "%d %s\n",x,$i;x=1; }}'| sed '/1 \\/d' | awk '{ printf "%s%s", $1?" \\\n ":"\n", $2 }' | sed 's|../../../build/install|$(INSTALLTOP)|;$p;$x' | sed 's|^\([^ ]\)|$(MYBUILDDIR)/\1|' > .deptmp
mv -f .deptmp .depend
mips-harvard-os161-gcc  -nostdlib -L../../../build/install/lib ../../../build/install/lib/crt0.o -T ../../../mk/uw-prog-ldscript  ../../../build/user/testbin/kitchen/kitchen.o   -lc -o ../../../build/user/testbin/kitchen/kitchen
rm -f ../../../build/install/testbin/kitchen
ln ../../../build/user/testbin/kitchen/kitchen ../../../build/install/testbin/kitchen ||  cp ../../../build/user/testbin/kitchen/kitchen ../../../build/install/testbin/kitchen
(cd malloctest && bmake build)
mips-harvard-os161-gcc -O2 -Wall -W -Wwrite-strings -Wmissing-prototypes  -std=gnu99 -mno-abicalls -fno-pic -nostdinc  -I../../../build/install/include -M malloctest.c | awk '{x=$0~"^ ";for(i=1;i<=NF;i++){printf "%d %s\n",x,$i;x=1; }}'| sed '/1 \\/d' | awk '{ printf "%s%s", $1?" \\\n ":"\n", $2 }' | sed 's|../../../build/install|$(INSTALLTOP)|;$p;$x' | sed 's|^\([^ ]\)|$(MYBUILDDIR)/\1|' > .deptmp
mv -f .deptmp .depend
mips-harvard-os161-gcc  -nostdlib -L../../../build/install/lib ../../../build/install/lib/crt0.o -T ../../../mk/uw-prog-ldscript  ../../../build/user/testbin/malloctest/malloctest.o   -lc -o ../../../build/user/testbin/malloctest/malloctest
rm -f ../../../build/install/testbin/malloctest
ln ../../../build/user/testbin/malloctest/malloctest ../../../build/install/testbin/malloctest ||  cp ../../../build/user/testbin/malloctest/malloctest ../../../build/install/testbin/malloctest
(cd matmult && bmake build)
mips-harvard-os161-gcc -O2 -Wall -W -Wwrite-strings -Wmissing-prototypes  -std=gnu99 -mno-abicalls -fno-pic -nostdinc  -I../../../build/install/include -M matmult.c | awk '{x=$0~"^ ";for(i=1;i<=NF;i++){printf "%d %s\n",x,$i;x=1; }}'| sed '/1 \\/d' | awk '{ printf "%s%s", $1?" \\\n ":"\n", $2 }' | sed 's|../../../build/install|$(INSTALLTOP)|;$p;$x' | sed 's|^\([^ ]\)|$(MYBUILDDIR)/\1|' > .deptmp
mv -f .deptmp .depend
mips-harvard-os161-gcc  -nostdlib -L../../../build/install/lib ../../../build/install/lib/crt0.o -T ../../../mk/uw-prog-ldscript  ../../../build/user/testbin/matmult/matmult.o   -lc -o ../../../build/user/testbin/matmult/matmult
rm -f ../../../build/install/testbin/matmult
ln ../../../build/user/testbin/matmult/matmult ../../../build/install/testbin/matmult ||  cp ../../../build/user/testbin/matmult/matmult ../../../build/install/testbin/matmult
(cd palin && bmake build)
mips-harvard-os161-gcc -O2 -Wall -W -Wwrite-strings -Wmissing-prototypes  -std=gnu99 -mno-abicalls -fno-pic -nostdinc  -I../../../build/install/include -M palin.c | awk '{x=$0~"^ ";for(i=1;i<=NF;i++){printf "%d %s\n",x,$i;x=1; }}'| sed '/1 \\/d' | awk '{ printf "%s%s", $1?" \\\n ":"\n", $2 }' | sed 's|../../../build/install|$(INSTALLTOP)|;$p;$x' | sed 's|^\([^ ]\)|$(MYBUILDDIR)/\1|' > .deptmp
mv -f .deptmp .depend
mips-harvard-os161-gcc  -nostdlib -L../../../build/install/lib ../../../build/install/lib/crt0.o -T ../../../mk/uw-prog-ldscript  ../../../build/user/testbin/palin/palin.o   -lc -o ../../../build/user/testbin/palin/palin
rm -f ../../../build/install/testbin/palin
ln ../../../build/user/testbin/palin/palin ../../../build/install/testbin/palin ||  cp ../../../build/user/testbin/palin/palin ../../../build/install/testbin/palin
(cd parallelvm && bmake build)
mips-harvard-os161-gcc -O2 -Wall -W -Wwrite-strings -Wmissing-prototypes  -std=gnu99 -mno-abicalls -fno-pic -nostdinc  -I../../../build/install/include -M parallelvm.c | awk '{x=$0~"^ ";for(i=1;i<=NF;i++){printf "%d %s\n",x,$i;x=1; }}'| sed '/1 \\/d' | awk '{ printf "%s%s", $1?" \\\n ":"\n", $2 }' | sed 's|../../../build/install|$(INSTALLTOP)|;$p;$x' | sed 's|^\([^ ]\)|$(MYBUILDDIR)/\1|' > .deptmp
mv -f .deptmp .depend
mips-harvard-os161-gcc  -nostdlib -L../../../build/install/lib ../../../build/install/lib/crt0.o -T ../../../mk/uw-prog-ldscript  ../../../build/user/testbin/parallelvm/parallelvm.o   -lc -o ../../../build/user/testbin/parallelvm/parallelvm
rm -f ../../../build/install/testbin/parallelvm
ln ../../../build/user/testbin/parallelvm/parallelvm ../../../build/install/testbin/parallelvm ||  cp ../../../build/user/testbin/parallelvm/parallelvm ../../../build/install/testbin/parallelvm
(cd psort && bmake build)
mips-harvard-os161-gcc -O2 -Wall -W -Wwrite-strings -Wmissing-prototypes  -std=gnu99 -mno-abicalls -fno-pic -nostdinc  -I../../../build/install/include -M psort.c | awk '{x=$0~"^ ";for(i=1;i<=NF;i++){printf "%d %s\n",x,$i;x=1; }}'| sed '/1 \\/d' | awk '{ printf "%s%s", $1?" \\\n ":"\n", $2 }' | sed 's|../../../build/install|$(INSTALLTOP)|;$p;$x' | sed 's|^\([^ ]\)|$(MYBUILDDIR)/\1|' > .deptmp
mv -f .deptmp .depend
gcc -O2 -Wall -W -Wwrite-strings -Wmissing-prototypes   -I../../../build/install/hostinclude -DHOST -MM psort.c | awk '{x=$0~"^ ";for(i=1;i<=NF;i++){printf "%d %s\n",x,$i;x=1; }}'| sed '/1 \\/d' | awk '{ printf "%s%s", $1?" \\\n ":"\n", $2 }' | sed 's/\.o/\.ho/' | sed 's|../../../build/install|$(INSTALLTOP)|;$p;$x' | sed 's|^\([^ ]\)|$(MYBUILDDIR)/\1|' > .deptmp
mv -f .deptmp .depend
mips-harvard-os161-gcc  -nostdlib -L../../../build/install/lib ../../../build/install/lib/crt0.o -T ../../../mk/uw-prog-ldscript  ../../../build/user/testbin/psort/psort.o   -lc -o ../../../build/user/testbin/psort/psort
rm -f ../../../build/install/testbin/psort
ln ../../../build/user/testbin/psort/psort ../../../build/install/testbin/psort ||  cp ../../../build/user/testbin/psort/psort ../../../build/install/testbin/psort
(cd randcall && bmake build)
mips-harvard-os161-gcc -O2 -Wall -W -Wwrite-strings -Wmissing-prototypes  -std=gnu99 -mno-abicalls -fno-pic -nostdinc  -I../../../build/install/include -M calls.c main.c | awk '{x=$0~"^ ";for(i=1;i<=NF;i++){printf "%d %s\n",x,$i;x=1; }}'| sed '/1 \\/d' | awk '{ printf "%s%s", $1?" \\\n ":"\n", $2 }' | sed 's|../../../build/install|$(INSTALLTOP)|;$p;$x' | sed 's|^\([^ ]\)|$(MYBUILDDIR)/\1|' > .deptmp
mv -f .deptmp .depend
bmake calls.c
`calls.c' is up to date.
mips-harvard-os161-gcc  -nostdlib -L../../../build/install/lib ../../../build/install/lib/crt0.o -T ../../../mk/uw-prog-ldscript  ../../../build/user/testbin/randcall/calls.o ../../../build/user/testbin/randcall/main.o   -lc -o ../../../build/user/testbin/randcall/randcall
rm -f ../../../build/install/testbin/randcall
ln ../../../build/user/testbin/randcall/randcall ../../../build/install/testbin/randcall ||  cp ../../../build/user/testbin/randcall/randcall ../../../build/install/testbin/randcall
(cd rmdirtest && bmake build)
mips-harvard-os161-gcc -O2 -Wall -W -Wwrite-strings -Wmissing-prototypes  -std=gnu99 -mno-abicalls -fno-pic -nostdinc  -I../../../build/install/include -M rmdirtest.c | awk '{x=$0~"^ ";for(i=1;i<=NF;i++){printf "%d %s\n",x,$i;x=1; }}'| sed '/1 \\/d' | awk '{ printf "%s%s", $1?" \\\n ":"\n", $2 }' | sed 's|../../../build/install|$(INSTALLTOP)|;$p;$x' | sed 's|^\([^ ]\)|$(MYBUILDDIR)/\1|' > .deptmp
mv -f .deptmp .depend
mips-harvard-os161-gcc  -nostdlib -L../../../build/install/lib ../../../build/install/lib/crt0.o -T ../../../mk/uw-prog-ldscript  ../../../build/user/testbin/rmdirtest/rmdirtest.o   -lc -o ../../../build/user/testbin/rmdirtest/rmdirtest
rm -f ../../../build/install/testbin/rmdirtest
ln ../../../build/user/testbin/rmdirtest/rmdirtest ../../../build/install/testbin/rmdirtest ||  cp ../../../build/user/testbin/rmdirtest/rmdirtest ../../../build/install/testbin/rmdirtest
(cd rmtest && bmake build)
mips-harvard-os161-gcc -O2 -Wall -W -Wwrite-strings -Wmissing-prototypes  -std=gnu99 -mno-abicalls -fno-pic -nostdinc  -I../../../build/install/include -M rmtest.c | awk '{x=$0~"^ ";for(i=1;i<=NF;i++){printf "%d %s\n",x,$i;x=1; }}'| sed '/1 \\/d' | awk '{ printf "%s%s", $1?" \\\n ":"\n", $2 }' | sed 's|../../../build/install|$(INSTALLTOP)|;$p;$x' | sed 's|^\([^ ]\)|$(MYBUILDDIR)/\1|' > .deptmp
mv -f .deptmp .depend
mips-harvard-os161-gcc  -nostdlib -L../../../build/install/lib ../../../build/install/lib/crt0.o -T ../../../mk/uw-prog-ldscript  ../../../build/user/testbin/rmtest/rmtest.o   -lc -o ../../../build/user/testbin/rmtest/rmtest
rm -f ../../../build/install/testbin/rmtest
ln ../../../build/user/testbin/rmtest/rmtest ../../../build/install/testbin/rmtest ||  cp ../../../build/user/testbin/rmtest/rmtest ../../../build/install/testbin/rmtest
(cd sink && bmake build)
mips-harvard-os161-gcc -O2 -Wall -W -Wwrite-strings -Wmissing-prototypes  -std=gnu99 -mno-abicalls -fno-pic -nostdinc  -I../../../build/install/include -M sink.c | awk '{x=$0~"^ ";for(i=1;i<=NF;i++){printf "%d %s\n",x,$i;x=1; }}'| sed '/1 \\/d' | awk '{ printf "%s%s", $1?" \\\n ":"\n", $2 }' | sed 's|../../../build/install|$(INSTALLTOP)|;$p;$x' | sed 's|^\([^ ]\)|$(MYBUILDDIR)/\1|' > .deptmp
mv -f .deptmp .depend
mips-harvard-os161-gcc  -nostdlib -L../../../build/install/lib ../../../build/install/lib/crt0.o -T ../../../mk/uw-prog-ldscript  ../../../build/user/testbin/sink/sink.o   -lc -o ../../../build/user/testbin/sink/sink
rm -f ../../../build/install/testbin/sink
ln ../../../build/user/testbin/sink/sink ../../../build/install/testbin/sink ||  cp ../../../build/user/testbin/sink/sink ../../../build/install/testbin/sink
(cd sort && bmake build)
mips-harvard-os161-gcc -O2 -Wall -W -Wwrite-strings -Wmissing-prototypes  -std=gnu99 -mno-abicalls -fno-pic -nostdinc  -I../../../build/install/include -M sort.c | awk '{x=$0~"^ ";for(i=1;i<=NF;i++){printf "%d %s\n",x,$i;x=1; }}'| sed '/1 \\/d' | awk '{ printf "%s%s", $1?" \\\n ":"\n", $2 }' | sed 's|../../../build/install|$(INSTALLTOP)|;$p;$x' | sed 's|^\([^ ]\)|$(MYBUILDDIR)/\1|' > .deptmp
mv -f .deptmp .depend
mips-harvard-os161-gcc  -nostdlib -L../../../build/install/lib ../../../build/install/lib/crt0.o -T ../../../mk/uw-prog-ldscript  ../../../build/user/testbin/sort/sort.o   -lc -o ../../../build/user/testbin/sort/sort
rm -f ../../../build/install/testbin/sort
ln ../../../build/user/testbin/sort/sort ../../../build/install/testbin/sort ||  cp ../../../build/user/testbin/sort/sort ../../../build/install/testbin/sort
(cd sty && bmake build)
mips-harvard-os161-gcc -O2 -Wall -W -Wwrite-strings -Wmissing-prototypes  -std=gnu99 -mno-abicalls -fno-pic -nostdinc  -I../../../build/install/include -M sty.c | awk '{x=$0~"^ ";for(i=1;i<=NF;i++){printf "%d %s\n",x,$i;x=1; }}'| sed '/1 \\/d' | awk '{ printf "%s%s", $1?" \\\n ":"\n", $2 }' | sed 's|../../../build/install|$(INSTALLTOP)|;$p;$x' | sed 's|^\([^ ]\)|$(MYBUILDDIR)/\1|' > .deptmp
mv -f .deptmp .depend
mips-harvard-os161-gcc  -nostdlib -L../../../build/install/lib ../../../build/install/lib/crt0.o -T ../../../mk/uw-prog-ldscript  ../../../build/user/testbin/sty/sty.o   -lc -o ../../../build/user/testbin/sty/sty
rm -f ../../../build/install/testbin/sty
ln ../../../build/user/testbin/sty/sty ../../../build/install/testbin/sty ||  cp ../../../build/user/testbin/sty/sty ../../../build/install/testbin/sty
(cd tail && bmake build)
mips-harvard-os161-gcc -O2 -Wall -W -Wwrite-strings -Wmissing-prototypes  -std=gnu99 -mno-abicalls -fno-pic -nostdinc  -I../../../build/install/include -M tail.c | awk '{x=$0~"^ ";for(i=1;i<=NF;i++){printf "%d %s\n",x,$i;x=1; }}'| sed '/1 \\/d' | awk '{ printf "%s%s", $1?" \\\n ":"\n", $2 }' | sed 's|../../../build/install|$(INSTALLTOP)|;$p;$x' | sed 's|^\([^ ]\)|$(MYBUILDDIR)/\1|' > .deptmp
mv -f .deptmp .depend
mips-harvard-os161-gcc  -nostdlib -L../../../build/install/lib ../../../build/install/lib/crt0.o -T ../../../mk/uw-prog-ldscript  ../../../build/user/testbin/tail/tail.o   -lc -o ../../../build/user/testbin/tail/tail
rm -f ../../../build/install/testbin/tail
ln ../../../build/user/testbin/tail/tail ../../../build/install/testbin/tail ||  cp ../../../build/user/testbin/tail/tail ../../../build/install/testbin/tail
(cd tictac && bmake build)
mips-harvard-os161-gcc -O2 -Wall -W -Wwrite-strings -Wmissing-prototypes  -std=gnu99 -mno-abicalls -fno-pic -nostdinc  -I../../../build/install/include -M tictac.c | awk '{x=$0~"^ ";for(i=1;i<=NF;i++){printf "%d %s\n",x,$i;x=1; }}'| sed '/1 \\/d' | awk '{ printf "%s%s", $1?" \\\n ":"\n", $2 }' | sed 's|../../../build/install|$(INSTALLTOP)|;$p;$x' | sed 's|^\([^ ]\)|$(MYBUILDDIR)/\1|' > .deptmp
mv -f .deptmp .depend
mips-harvard-os161-gcc  -nostdlib -L../../../build/install/lib ../../../build/install/lib/crt0.o -T ../../../mk/uw-prog-ldscript  ../../../build/user/testbin/tictac/tictac.o   -lc -o ../../../build/user/testbin/tictac/tictac
rm -f ../../../build/install/testbin/tictac
ln ../../../build/user/testbin/tictac/tictac ../../../build/install/testbin/tictac ||  cp ../../../build/user/testbin/tictac/tictac ../../../build/install/testbin/tictac
(cd triplehuge && bmake build)
mips-harvard-os161-gcc -O2 -Wall -W -Wwrite-strings -Wmissing-prototypes  -std=gnu99 -mno-abicalls -fno-pic -nostdinc  -I../../../build/install/include -M triplehuge.c triple.c | awk '{x=$0~"^ ";for(i=1;i<=NF;i++){printf "%d %s\n",x,$i;x=1; }}'| sed '/1 \\/d' | awk '{ printf "%s%s", $1?" \\\n ":"\n", $2 }' | sed 's|../../../build/install|$(INSTALLTOP)|;$p;$x' | sed 's|^\([^ ]\)|$(MYBUILDDIR)/\1|' > .deptmp
mv -f .deptmp .depend
mips-harvard-os161-gcc  -nostdlib -L../../../build/install/lib ../../../build/install/lib/crt0.o -T ../../../mk/uw-prog-ldscript  ../../../build/user/testbin/triplehuge/triplehuge.o ../../../build/user/testbin/triplehuge/triple.o   -lc -o ../../../build/user/testbin/triplehuge/triplehuge
rm -f ../../../build/install/testbin/triplehuge
ln ../../../build/user/testbin/triplehuge/triplehuge ../../../build/install/testbin/triplehuge ||  cp ../../../build/user/testbin/triplehuge/triplehuge ../../../build/install/testbin/triplehuge
(cd triplemat && bmake build)
mips-harvard-os161-gcc -O2 -Wall -W -Wwrite-strings -Wmissing-prototypes  -std=gnu99 -mno-abicalls -fno-pic -nostdinc  -I../../../build/install/include -M triplemat.c ../triplehuge/triple.c | awk '{x=$0~"^ ";for(i=1;i<=NF;i++){printf "%d %s\n",x,$i;x=1; }}'| sed '/1 \\/d' | awk '{ printf "%s%s", $1?" \\\n ":"\n", $2 }' | sed 's|../../../build/install|$(INSTALLTOP)|;$p;$x' | sed 's|^\([^ ]\)|$(MYBUILDDIR)/\1|' > .deptmp
mv -f .deptmp .depend
mips-harvard-os161-gcc  -nostdlib -L../../../build/install/lib ../../../build/install/lib/crt0.o -T ../../../mk/uw-prog-ldscript  ../../../build/user/testbin/triplemat/triplemat.o ../../../build/user/testbin/triplemat/triple.o   -lc -o ../../../build/user/testbin/triplemat/triplemat
rm -f ../../../build/install/testbin/triplemat
ln ../../../build/user/testbin/triplemat/triplemat ../../../build/install/testbin/triplemat ||  cp ../../../build/user/testbin/triplemat/triplemat ../../../build/install/testbin/triplemat
(cd triplesort && bmake build)
mips-harvard-os161-gcc -O2 -Wall -W -Wwrite-strings -Wmissing-prototypes  -std=gnu99 -mno-abicalls -fno-pic -nostdinc  -I../../../build/install/include -M triplesort.c ../triplehuge/triple.c | awk '{x=$0~"^ ";for(i=1;i<=NF;i++){printf "%d %s\n",x,$i;x=1; }}'| sed '/1 \\/d' | awk '{ printf "%s%s", $1?" \\\n ":"\n", $2 }' | sed 's|../../../build/install|$(INSTALLTOP)|;$p;$x' | sed 's|^\([^ ]\)|$(MYBUILDDIR)/\1|' > .deptmp
mv -f .deptmp .depend
mips-harvard-os161-gcc  -nostdlib -L../../../build/install/lib ../../../build/install/lib/crt0.o -T ../../../mk/uw-prog-ldscript  ../../../build/user/testbin/triplesort/triplesort.o ../../../build/user/testbin/triplesort/triple.o   -lc -o ../../../build/user/testbin/triplesort/triplesort
rm -f ../../../build/install/testbin/triplesort
ln ../../../build/user/testbin/triplesort/triplesort ../../../build/install/testbin/triplesort ||  cp ../../../build/user/testbin/triplesort/triplesort ../../../build/install/testbin/triplesort
(cd zero && bmake build)
mips-harvard-os161-gcc -O2 -Wall -W -Wwrite-strings -Wmissing-prototypes  -std=gnu99 -mno-abicalls -fno-pic -nostdinc  -I../../../build/install/include -M zero.c | awk '{x=$0~"^ ";for(i=1;i<=NF;i++){printf "%d %s\n",x,$i;x=1; }}'| sed '/1 \\/d' | awk '{ printf "%s%s", $1?" \\\n ":"\n", $2 }' | sed 's|../../../build/install|$(INSTALLTOP)|;$p;$x' | sed 's|^\([^ ]\)|$(MYBUILDDIR)/\1|' > .deptmp
mv -f .deptmp .depend
mips-harvard-os161-gcc  -nostdlib -L../../../build/install/lib ../../../build/install/lib/crt0.o -T ../../../mk/uw-prog-ldscript  ../../../build/user/testbin/zero/zero.o   -lc -o ../../../build/user/testbin/zero/zero
rm -f ../../../build/install/testbin/zero
ln ../../../build/user/testbin/zero/zero ../../../build/install/testbin/zero ||  cp ../../../build/user/testbin/zero/zero ../../../build/install/testbin/zero
(cd uw-testbin && bmake build)
(cd lib && bmake build)
mips-harvard-os161-gcc -O2 -Wall -W -Wwrite-strings -Wmissing-prototypes  -std=gnu99 -mno-abicalls -fno-pic -nostdinc  -I../../../build/install/include -M testutils.c | awk '{x=$0~"^ ";for(i=1;i<=NF;i++){printf "%d %s\n",x,$i;x=1; }}'| sed '/1 \\/d' | awk '{ printf "%s%s", $1?" \\\n ":"\n", $2 }' | sed 's|../../../build/install|$(INSTALLTOP)|;$p;$x' | sed 's|^\([^ ]\)|$(MYBUILDDIR)/\1|' > .deptmp
mv -f .deptmp .depend
(cd files1 && bmake build)
mips-harvard-os161-gcc -O2 -Wall -W -Wwrite-strings -Wmissing-prototypes  -std=gnu99 -mno-abicalls -fno-pic -nostdinc  -I../../../build/install/include -M files1.c | awk '{x=$0~"^ ";for(i=1;i<=NF;i++){printf "%d %s\n",x,$i;x=1; }}'| sed '/1 \\/d' | awk '{ printf "%s%s", $1?" \\\n ":"\n", $2 }' | sed 's|../../../build/install|$(INSTALLTOP)|;$p;$x' | sed 's|^\([^ ]\)|$(MYBUILDDIR)/\1|' > .deptmp
mv -f .deptmp .depend
mips-harvard-os161-gcc  -nostdlib -L../../../build/install/lib ../../../build/install/lib/crt0.o -T ../../../mk/uw-prog-ldscript  ../../../build/user/uw-testbin/files1/files1.o  ../../../build/user/uw-testbin/lib/libtestutils.a  -lc -o ../../../build/user/uw-testbin/files1/files1
rm -f ../../../build/install/uw-testbin/files1
ln ../../../build/user/uw-testbin/files1/files1 ../../../build/install/uw-testbin/files1 ||  cp ../../../build/user/uw-testbin/files1/files1 ../../../build/install/uw-testbin/files1
(cd files2 && bmake build)
mips-harvard-os161-gcc -O2 -Wall -W -Wwrite-strings -Wmissing-prototypes  -std=gnu99 -mno-abicalls -fno-pic -nostdinc  -I../../../build/install/include -M files2.c | awk '{x=$0~"^ ";for(i=1;i<=NF;i++){printf "%d %s\n",x,$i;x=1; }}'| sed '/1 \\/d' | awk '{ printf "%s%s", $1?" \\\n ":"\n", $2 }' | sed 's|../../../build/install|$(INSTALLTOP)|;$p;$x' | sed 's|^\([^ ]\)|$(MYBUILDDIR)/\1|' > .deptmp
mv -f .deptmp .depend
mips-harvard-os161-gcc  -nostdlib -L../../../build/install/lib ../../../build/install/lib/crt0.o -T ../../../mk/uw-prog-ldscript  ../../../build/user/uw-testbin/files2/files2.o  ../../../build/user/uw-testbin/lib/libtestutils.a  -lc -o ../../../build/user/uw-testbin/files2/files2
rm -f ../../../build/install/uw-testbin/files2
ln ../../../build/user/uw-testbin/files2/files2 ../../../build/install/uw-testbin/files2 ||  cp ../../../build/user/uw-testbin/files2/files2 ../../../build/install/uw-testbin/files2
(cd conc-io && bmake build)
mips-harvard-os161-gcc -O2 -Wall -W -Wwrite-strings -Wmissing-prototypes  -std=gnu99 -mno-abicalls -fno-pic -nostdinc  -I../../../build/install/include -M conc-io.c | awk '{x=$0~"^ ";for(i=1;i<=NF;i++){printf "%d %s\n",x,$i;x=1; }}'| sed '/1 \\/d' | awk '{ printf "%s%s", $1?" \\\n ":"\n", $2 }' | sed 's|../../../build/install|$(INSTALLTOP)|;$p;$x' | sed 's|^\([^ ]\)|$(MYBUILDDIR)/\1|' > .deptmp
mv -f .deptmp .depend
mips-harvard-os161-gcc  -nostdlib -L../../../build/install/lib ../../../build/install/lib/crt0.o -T ../../../mk/uw-prog-ldscript  ../../../build/user/uw-testbin/conc-io/conc-io.o   -lc -o ../../../build/user/uw-testbin/conc-io/conc-io
rm -f ../../../build/install/uw-testbin/conc-io
ln ../../../build/user/uw-testbin/conc-io/conc-io ../../../build/install/uw-testbin/conc-io ||  cp ../../../build/user/uw-testbin/conc-io/conc-io ../../../build/install/uw-testbin/conc-io
(cd writeread && bmake build)
mips-harvard-os161-gcc -O2 -Wall -W -Wwrite-strings -Wmissing-prototypes  -std=gnu99 -mno-abicalls -fno-pic -nostdinc  -I../../../build/install/include -M writeread.c | awk '{x=$0~"^ ";for(i=1;i<=NF;i++){printf "%d %s\n",x,$i;x=1; }}'| sed '/1 \\/d' | awk '{ printf "%s%s", $1?" \\\n ":"\n", $2 }' | sed 's|../../../build/install|$(INSTALLTOP)|;$p;$x' | sed 's|^\([^ ]\)|$(MYBUILDDIR)/\1|' > .deptmp
mv -f .deptmp .depend
mips-harvard-os161-gcc  -nostdlib -L../../../build/install/lib ../../../build/install/lib/crt0.o -T ../../../mk/uw-prog-ldscript  ../../../build/user/uw-testbin/writeread/writeread.o  ../../../build/user/uw-testbin/lib/libtestutils.a  -lc -o ../../../build/user/uw-testbin/writeread/writeread
rm -f ../../../build/install/uw-testbin/writeread
ln ../../../build/user/uw-testbin/writeread/writeread ../../../build/install/uw-testbin/writeread ||  cp ../../../build/user/uw-testbin/writeread/writeread ../../../build/install/uw-testbin/writeread
(cd argtest && bmake build)
mips-harvard-os161-gcc -O2 -Wall -W -Wwrite-strings -Wmissing-prototypes  -std=gnu99 -mno-abicalls -fno-pic -nostdinc  -I../../../build/install/include -M argtest.c | awk '{x=$0~"^ ";for(i=1;i<=NF;i++){printf "%d %s\n",x,$i;x=1; }}'| sed '/1 \\/d' | awk '{ printf "%s%s", $1?" \\\n ":"\n", $2 }' | sed 's|../../../build/install|$(INSTALLTOP)|;$p;$x' | sed 's|^\([^ ]\)|$(MYBUILDDIR)/\1|' > .deptmp
mv -f .deptmp .depend
mips-harvard-os161-gcc  -nostdlib -L../../../build/install/lib ../../../build/install/lib/crt0.o -T ../../../mk/uw-prog-ldscript  ../../../build/user/uw-testbin/argtest/argtest.o   -lc -o ../../../build/user/uw-testbin/argtest/argtest
rm -f ../../../build/install/uw-testbin/argtest
ln ../../../build/user/uw-testbin/argtest/argtest ../../../build/install/uw-testbin/argtest ||  cp ../../../build/user/uw-testbin/argtest/argtest ../../../build/install/uw-testbin/argtest
(cd segments && bmake build)
mips-harvard-os161-gcc -O2 -Wall -W -Wwrite-strings -Wmissing-prototypes  -std=gnu99 -mno-abicalls -fno-pic -nostdinc  -I../../../build/install/include -M segments.c | awk '{x=$0~"^ ";for(i=1;i<=NF;i++){printf "%d %s\n",x,$i;x=1; }}'| sed '/1 \\/d' | awk '{ printf "%s%s", $1?" \\\n ":"\n", $2 }' | sed 's|../../../build/install|$(INSTALLTOP)|;$p;$x' | sed 's|^\([^ ]\)|$(MYBUILDDIR)/\1|' > .deptmp
mv -f .deptmp .depend
mips-harvard-os161-gcc  -nostdlib -L../../../build/install/lib ../../../build/install/lib/crt0.o -T ../../../mk/uw-prog-ldscript  ../../../build/user/uw-testbin/segments/segments.o   -lc -o ../../../build/user/uw-testbin/segments/segments
rm -f ../../../build/install/uw-testbin/segments
ln ../../../build/user/uw-testbin/segments/segments ../../../build/install/uw-testbin/segments ||  cp ../../../build/user/uw-testbin/segments/segments ../../../build/install/uw-testbin/segments
(cd syscall && bmake build)
mips-harvard-os161-gcc -O2 -Wall -W -Wwrite-strings -Wmissing-prototypes  -std=gnu99 -mno-abicalls -fno-pic -nostdinc  -I../../../build/install/include -M syscall.c | awk '{x=$0~"^ ";for(i=1;i<=NF;i++){printf "%d %s\n",x,$i;x=1; }}'| sed '/1 \\/d' | awk '{ printf "%s%s", $1?" \\\n ":"\n", $2 }' | sed 's|../../../build/install|$(INSTALLTOP)|;$p;$x' | sed 's|^\([^ ]\)|$(MYBUILDDIR)/\1|' > .deptmp
mv -f .deptmp .depend
mips-harvard-os161-gcc  -nostdlib -L../../../build/install/lib ../../../build/install/lib/crt0.o -T ../../../mk/uw-prog-ldscript  ../../../build/user/uw-testbin/syscall/syscall.o   -lc -o ../../../build/user/uw-testbin/syscall/syscall
rm -f ../../../build/install/uw-testbin/syscall
ln ../../../build/user/uw-testbin/syscall/syscall ../../../build/install/uw-testbin/syscall ||  cp ../../../build/user/uw-testbin/syscall/syscall ../../../build/install/uw-testbin/syscall
(cd vm-funcs && bmake build)
mips-harvard-os161-gcc -O2 -Wall -W -Wwrite-strings -Wmissing-prototypes  -std=gnu99 -mno-abicalls -fno-pic -nostdinc  -I../../../build/install/include -M vm-funcs.c | awk '{x=$0~"^ ";for(i=1;i<=NF;i++){printf "%d %s\n",x,$i;x=1; }}'| sed '/1 \\/d' | awk '{ printf "%s%s", $1?" \\\n ":"\n", $2 }' | sed 's|../../../build/install|$(INSTALLTOP)|;$p;$x' | sed 's|^\([^ ]\)|$(MYBUILDDIR)/\1|' > .deptmp
mv -f .deptmp .depend
(cd vm-crash1 && bmake build)
mips-harvard-os161-gcc -O2 -Wall -W -Wwrite-strings -Wmissing-prototypes  -std=gnu99 -mno-abicalls -fno-pic -nostdinc  -I../../../build/install/include -M vm-crash1.c | awk '{x=$0~"^ ";for(i=1;i<=NF;i++){printf "%d %s\n",x,$i;x=1; }}'| sed '/1 \\/d' | awk '{ printf "%s%s", $1?" \\\n ":"\n", $2 }' | sed 's|../../../build/install|$(INSTALLTOP)|;$p;$x' | sed 's|^\([^ ]\)|$(MYBUILDDIR)/\1|' > .deptmp
mv -f .deptmp .depend
mips-harvard-os161-gcc  -nostdlib -L../../../build/install/lib ../../../build/install/lib/crt0.o -T ../../../mk/uw-prog-ldscript  ../../../build/user/uw-testbin/vm-crash1/vm-crash1.o   -lc -o ../../../build/user/uw-testbin/vm-crash1/vm-crash1
rm -f ../../../build/install/uw-testbin/vm-crash1
ln ../../../build/user/uw-testbin/vm-crash1/vm-crash1 ../../../build/install/uw-testbin/vm-crash1 ||  cp ../../../build/user/uw-testbin/vm-crash1/vm-crash1 ../../../build/install/uw-testbin/vm-crash1
(cd vm-crash2 && bmake build)
mips-harvard-os161-gcc -O2 -Wall -W -Wwrite-strings -Wmissing-prototypes  -std=gnu99 -mno-abicalls -fno-pic -nostdinc  -I../../../build/install/include -M vm-crash2.c | awk '{x=$0~"^ ";for(i=1;i<=NF;i++){printf "%d %s\n",x,$i;x=1; }}'| sed '/1 \\/d' | awk '{ printf "%s%s", $1?" \\\n ":"\n", $2 }' | sed 's|../../../build/install|$(INSTALLTOP)|;$p;$x' | sed 's|^\([^ ]\)|$(MYBUILDDIR)/\1|' > .deptmp
mv -f .deptmp .depend
mips-harvard-os161-gcc  -nostdlib -L../../../build/install/lib ../../../build/install/lib/crt0.o -T ../../../mk/uw-prog-ldscript  ../../../build/user/uw-testbin/vm-crash2/vm-crash2.o   -lc -o ../../../build/user/uw-testbin/vm-crash2/vm-crash2
rm -f ../../../build/install/uw-testbin/vm-crash2
ln ../../../build/user/uw-testbin/vm-crash2/vm-crash2 ../../../build/install/uw-testbin/vm-crash2 ||  cp ../../../build/user/uw-testbin/vm-crash2/vm-crash2 ../../../build/install/uw-testbin/vm-crash2
(cd vm-crash3 && bmake build)
mips-harvard-os161-gcc -O2 -Wall -W -Wwrite-strings -Wmissing-prototypes  -std=gnu99 -mno-abicalls -fno-pic -nostdinc  -I../../../build/install/include -M vm-crash3.c | awk '{x=$0~"^ ";for(i=1;i<=NF;i++){printf "%d %s\n",x,$i;x=1; }}'| sed '/1 \\/d' | awk '{ printf "%s%s", $1?" \\\n ":"\n", $2 }' | sed 's|../../../build/install|$(INSTALLTOP)|;$p;$x' | sed 's|^\([^ ]\)|$(MYBUILDDIR)/\1|' > .deptmp
mv -f .deptmp .depend
mips-harvard-os161-gcc  -nostdlib -L../../../build/install/lib ../../../build/install/lib/crt0.o -T ../../../mk/uw-prog-ldscript  ../../../build/user/uw-testbin/vm-crash3/vm-crash3.o  ../../../build/user/uw-testbin/vm-funcs/libvm-funcs.a  -lc -o ../../../build/user/uw-testbin/vm-crash3/vm-crash3
rm -f ../../../build/install/uw-testbin/vm-crash3
ln ../../../build/user/uw-testbin/vm-crash3/vm-crash3 ../../../build/install/uw-testbin/vm-crash3 ||  cp ../../../build/user/uw-testbin/vm-crash3/vm-crash3 ../../../build/install/uw-testbin/vm-crash3
(cd vm-data1 && bmake build)
mips-harvard-os161-gcc -O2 -Wall -W -Wwrite-strings -Wmissing-prototypes  -std=gnu99 -mno-abicalls -fno-pic -nostdinc  -I../../../build/install/include -M vm-data1.c | awk '{x=$0~"^ ";for(i=1;i<=NF;i++){printf "%d %s\n",x,$i;x=1; }}'| sed '/1 \\/d' | awk '{ printf "%s%s", $1?" \\\n ":"\n", $2 }' | sed 's|../../../build/install|$(INSTALLTOP)|;$p;$x' | sed 's|^\([^ ]\)|$(MYBUILDDIR)/\1|' > .deptmp
mv -f .deptmp .depend
mips-harvard-os161-gcc  -nostdlib -L../../../build/install/lib ../../../build/install/lib/crt0.o -T ../../../mk/uw-prog-ldscript  ../../../build/user/uw-testbin/vm-data1/vm-data1.o   -lc -o ../../../build/user/uw-testbin/vm-data1/vm-data1
rm -f ../../../build/install/uw-testbin/vm-data1
ln ../../../build/user/uw-testbin/vm-data1/vm-data1 ../../../build/install/uw-testbin/vm-data1 ||  cp ../../../build/user/uw-testbin/vm-data1/vm-data1 ../../../build/install/uw-testbin/vm-data1
(cd vm-data2 && bmake build)
mips-harvard-os161-gcc -O2 -Wall -W -Wwrite-strings -Wmissing-prototypes  -std=gnu99 -mno-abicalls -fno-pic -nostdinc  -I../../../build/install/include -M vm-data2.c | awk '{x=$0~"^ ";for(i=1;i<=NF;i++){printf "%d %s\n",x,$i;x=1; }}'| sed '/1 \\/d' | awk '{ printf "%s%s", $1?" \\\n ":"\n", $2 }' | sed 's|../../../build/install|$(INSTALLTOP)|;$p;$x' | sed 's|^\([^ ]\)|$(MYBUILDDIR)/\1|' > .deptmp
mv -f .deptmp .depend
mips-harvard-os161-gcc  -nostdlib -L../../../build/install/lib ../../../build/install/lib/crt0.o -T ../../../mk/uw-prog-ldscript  ../../../build/user/uw-testbin/vm-data2/vm-data2.o   -lc -o ../../../build/user/uw-testbin/vm-data2/vm-data2
rm -f ../../../build/install/uw-testbin/vm-data2
ln ../../../build/user/uw-testbin/vm-data2/vm-data2 ../../../build/install/uw-testbin/vm-data2 ||  cp ../../../build/user/uw-testbin/vm-data2/vm-data2 ../../../build/install/uw-testbin/vm-data2
(cd vm-data3 && bmake build)
mips-harvard-os161-gcc -O2 -Wall -W -Wwrite-strings -Wmissing-prototypes  -std=gnu99 -mno-abicalls -fno-pic -nostdinc  -I../../../build/install/include -M vm-data3.c | awk '{x=$0~"^ ";for(i=1;i<=NF;i++){printf "%d %s\n",x,$i;x=1; }}'| sed '/1 \\/d' | awk '{ printf "%s%s", $1?" \\\n ":"\n", $2 }' | sed 's|../../../build/install|$(INSTALLTOP)|;$p;$x' | sed 's|^\([^ ]\)|$(MYBUILDDIR)/\1|' > .deptmp
mv -f .deptmp .depend
mips-harvard-os161-gcc  -nostdlib -L../../../build/install/lib ../../../build/install/lib/crt0.o -T ../../../mk/uw-prog-ldscript  ../../../build/user/uw-testbin/vm-data3/vm-data3.o  ../../../build/user/uw-testbin/vm-funcs/libvm-funcs.a  -lc -o ../../../build/user/uw-testbin/vm-data3/vm-data3
rm -f ../../../build/install/uw-testbin/vm-data3
ln ../../../build/user/uw-testbin/vm-data3/vm-data3 ../../../build/install/uw-testbin/vm-data3 ||  cp ../../../build/user/uw-testbin/vm-data3/vm-data3 ../../../build/install/uw-testbin/vm-data3
(cd vm-stack1 && bmake build)
mips-harvard-os161-gcc -O2 -Wall -W -Wwrite-strings -Wmissing-prototypes  -std=gnu99 -mno-abicalls -fno-pic -nostdinc  -I../../../build/install/include -M vm-stack1.c | awk '{x=$0~"^ ";for(i=1;i<=NF;i++){printf "%d %s\n",x,$i;x=1; }}'| sed '/1 \\/d' | awk '{ printf "%s%s", $1?" \\\n ":"\n", $2 }' | sed 's|../../../build/install|$(INSTALLTOP)|;$p;$x' | sed 's|^\([^ ]\)|$(MYBUILDDIR)/\1|' > .deptmp
mv -f .deptmp .depend
mips-harvard-os161-gcc  -nostdlib -L../../../build/install/lib ../../../build/install/lib/crt0.o -T ../../../mk/uw-prog-ldscript  ../../../build/user/uw-testbin/vm-stack1/vm-stack1.o   -lc -o ../../../build/user/uw-testbin/vm-stack1/vm-stack1
rm -f ../../../build/install/uw-testbin/vm-stack1
ln ../../../build/user/uw-testbin/vm-stack1/vm-stack1 ../../../build/install/uw-testbin/vm-stack1 ||  cp ../../../build/user/uw-testbin/vm-stack1/vm-stack1 ../../../build/install/uw-testbin/vm-stack1
(cd vm-stack2 && bmake build)
mips-harvard-os161-gcc -O2 -Wall -W -Wwrite-strings -Wmissing-prototypes  -std=gnu99 -mno-abicalls -fno-pic -nostdinc  -I../../../build/install/include -M vm-stack2.c | awk '{x=$0~"^ ";for(i=1;i<=NF;i++){printf "%d %s\n",x,$i;x=1; }}'| sed '/1 \\/d' | awk '{ printf "%s%s", $1?" \\\n ":"\n", $2 }' | sed 's|../../../build/install|$(INSTALLTOP)|;$p;$x' | sed 's|^\([^ ]\)|$(MYBUILDDIR)/\1|' > .deptmp
mv -f .deptmp .depend
mips-harvard-os161-gcc  -nostdlib -L../../../build/install/lib ../../../build/install/lib/crt0.o -T ../../../mk/uw-prog-ldscript  ../../../build/user/uw-testbin/vm-stack2/vm-stack2.o   -lc -o ../../../build/user/uw-testbin/vm-stack2/vm-stack2
rm -f ../../../build/install/uw-testbin/vm-stack2
ln ../../../build/user/uw-testbin/vm-stack2/vm-stack2 ../../../build/install/uw-testbin/vm-stack2 ||  cp ../../../build/user/uw-testbin/vm-stack2/vm-stack2 ../../../build/install/uw-testbin/vm-stack2
(cd vm-stackgrow && bmake build)
mips-harvard-os161-gcc -O2 -Wall -W -Wwrite-strings -Wmissing-prototypes  -std=gnu99 -mno-abicalls -fno-pic -nostdinc  -I../../../build/install/include -M vm-stackgrow.c | awk '{x=$0~"^ ";for(i=1;i<=NF;i++){printf "%d %s\n",x,$i;x=1; }}'| sed '/1 \\/d' | awk '{ printf "%s%s", $1?" \\\n ":"\n", $2 }' | sed 's|../../../build/install|$(INSTALLTOP)|;$p;$x' | sed 's|^\([^ ]\)|$(MYBUILDDIR)/\1|' > .deptmp
mv -f .deptmp .depend
mips-harvard-os161-gcc  -nostdlib -L../../../build/install/lib ../../../build/install/lib/crt0.o -T ../../../mk/uw-prog-ldscript  ../../../build/user/uw-testbin/vm-stackgrow/vm-stackgrow.o   -lc -o ../../../build/user/uw-testbin/vm-stackgrow/vm-stackgrow
rm -f ../../../build/install/uw-testbin/vm-stackgrow
ln ../../../build/user/uw-testbin/vm-stackgrow/vm-stackgrow ../../../build/install/uw-testbin/vm-stackgrow ||  cp ../../../build/user/uw-testbin/vm-stackgrow/vm-stackgrow ../../../build/install/uw-testbin/vm-stackgrow
(cd vm-mix1 && bmake build)
mips-harvard-os161-gcc -O2 -Wall -W -Wwrite-strings -Wmissing-prototypes  -std=gnu99 -mno-abicalls -fno-pic -nostdinc  -I../../../build/install/include -M vm-mix1.c | awk '{x=$0~"^ ";for(i=1;i<=NF;i++){printf "%d %s\n",x,$i;x=1; }}'| sed '/1 \\/d' | awk '{ printf "%s%s", $1?" \\\n ":"\n", $2 }' | sed 's|../../../build/install|$(INSTALLTOP)|;$p;$x' | sed 's|^\([^ ]\)|$(MYBUILDDIR)/\1|' > .deptmp
mv -f .deptmp .depend
mips-harvard-os161-gcc  -nostdlib -L../../../build/install/lib ../../../build/install/lib/crt0.o -T ../../../mk/uw-prog-ldscript  ../../../build/user/uw-testbin/vm-mix1/vm-mix1.o  ../../../build/user/uw-testbin/vm-funcs/libvm-funcs.a  -lc -o ../../../build/user/uw-testbin/vm-mix1/vm-mix1
rm -f ../../../build/install/uw-testbin/vm-mix1
ln ../../../build/user/uw-testbin/vm-mix1/vm-mix1 ../../../build/install/uw-testbin/vm-mix1 ||  cp ../../../build/user/uw-testbin/vm-mix1/vm-mix1 ../../../build/install/uw-testbin/vm-mix1
(cd vm-mix1-exec && bmake build)
mips-harvard-os161-gcc -O2 -Wall -W -Wwrite-strings -Wmissing-prototypes  -std=gnu99 -mno-abicalls -fno-pic -nostdinc  -I../../../build/install/include -M vm-mix1-exec.c | awk '{x=$0~"^ ";for(i=1;i<=NF;i++){printf "%d %s\n",x,$i;x=1; }}'| sed '/1 \\/d' | awk '{ printf "%s%s", $1?" \\\n ":"\n", $2 }' | sed 's|../../../build/install|$(INSTALLTOP)|;$p;$x' | sed 's|^\([^ ]\)|$(MYBUILDDIR)/\1|' > .deptmp
mv -f .deptmp .depend
mips-harvard-os161-gcc  -nostdlib -L../../../build/install/lib ../../../build/install/lib/crt0.o -T ../../../mk/uw-prog-ldscript  ../../../build/user/uw-testbin/vm-mix1-exec/vm-mix1-exec.o  ../../../build/user/uw-testbin/vm-funcs/libvm-funcs.a  -lc -o ../../../build/user/uw-testbin/vm-mix1-exec/vm-mix1-exec
rm -f ../../../build/install/uw-testbin/vm-mix1-exec
ln ../../../build/user/uw-testbin/vm-mix1-exec/vm-mix1-exec ../../../build/install/uw-testbin/vm-mix1-exec ||  cp ../../../build/user/uw-testbin/vm-mix1-exec/vm-mix1-exec ../../../build/install/uw-testbin/vm-mix1-exec
(cd vm-mix1-fork && bmake build)
mips-harvard-os161-gcc -O2 -Wall -W -Wwrite-strings -Wmissing-prototypes  -std=gnu99 -mno-abicalls -fno-pic -nostdinc  -I../../../build/install/include -M vm-mix1-fork.c | awk '{x=$0~"^ ";for(i=1;i<=NF;i++){printf "%d %s\n",x,$i;x=1; }}'| sed '/1 \\/d' | awk '{ printf "%s%s", $1?" \\\n ":"\n", $2 }' | sed 's|../../../build/install|$(INSTALLTOP)|;$p;$x' | sed 's|^\([^ ]\)|$(MYBUILDDIR)/\1|' > .deptmp
mv -f .deptmp .depend
mips-harvard-os161-gcc  -nostdlib -L../../../build/install/lib ../../../build/install/lib/crt0.o -T ../../../mk/uw-prog-ldscript  ../../../build/user/uw-testbin/vm-mix1-fork/vm-mix1-fork.o  ../../../build/user/uw-testbin/vm-funcs/libvm-funcs.a  -lc -o ../../../build/user/uw-testbin/vm-mix1-fork/vm-mix1-fork
rm -f ../../../build/install/uw-testbin/vm-mix1-fork
ln ../../../build/user/uw-testbin/vm-mix1-fork/vm-mix1-fork ../../../build/install/uw-testbin/vm-mix1-fork ||  cp ../../../build/user/uw-testbin/vm-mix1-fork/vm-mix1-fork ../../../build/install/uw-testbin/vm-mix1-fork
(cd vm-mix2 && bmake build)
mips-harvard-os161-gcc -O2 -Wall -W -Wwrite-strings -Wmissing-prototypes  -std=gnu99 -mno-abicalls -fno-pic -nostdinc  -I../../../build/install/include -M vm-mix2.c | awk '{x=$0~"^ ";for(i=1;i<=NF;i++){printf "%d %s\n",x,$i;x=1; }}'| sed '/1 \\/d' | awk '{ printf "%s%s", $1?" \\\n ":"\n", $2 }' | sed 's|../../../build/install|$(INSTALLTOP)|;$p;$x' | sed 's|^\([^ ]\)|$(MYBUILDDIR)/\1|' > .deptmp
mv -f .deptmp .depend
mips-harvard-os161-gcc  -nostdlib -L../../../build/install/lib ../../../build/install/lib/crt0.o -T ../../../mk/uw-prog-ldscript  ../../../build/user/uw-testbin/vm-mix2/vm-mix2.o  ../../../build/user/uw-testbin/vm-funcs/libvm-funcs.a  -lc -o ../../../build/user/uw-testbin/vm-mix2/vm-mix2
rm -f ../../../build/install/uw-testbin/vm-mix2
ln ../../../build/user/uw-testbin/vm-mix2/vm-mix2 ../../../build/install/uw-testbin/vm-mix2 ||  cp ../../../build/user/uw-testbin/vm-mix2/vm-mix2 ../../../build/install/uw-testbin/vm-mix2
(cd romemwrite && bmake build)
mips-harvard-os161-gcc -O2 -Wall -W -Wwrite-strings -Wmissing-prototypes  -std=gnu99 -mno-abicalls -fno-pic -nostdinc  -I../../../build/install/include -M romemwrite.c | awk '{x=$0~"^ ";for(i=1;i<=NF;i++){printf "%d %s\n",x,$i;x=1; }}'| sed '/1 \\/d' | awk '{ printf "%s%s", $1?" \\\n ":"\n", $2 }' | sed 's|../../../build/install|$(INSTALLTOP)|;$p;$x' | sed 's|^\([^ ]\)|$(MYBUILDDIR)/\1|' > .deptmp
mv -f .deptmp .depend
mips-harvard-os161-gcc  -nostdlib -L../../../build/install/lib ../../../build/install/lib/crt0.o -T ../../../mk/uw-prog-ldscript  ../../../build/user/uw-testbin/romemwrite/romemwrite.o   -lc -o ../../../build/user/uw-testbin/romemwrite/romemwrite
rm -f ../../../build/install/uw-testbin/romemwrite
ln ../../../build/user/uw-testbin/romemwrite/romemwrite ../../../build/install/uw-testbin/romemwrite ||  cp ../../../build/user/uw-testbin/romemwrite/romemwrite ../../../build/install/uw-testbin/romemwrite
(cd sparse && bmake build)
mips-harvard-os161-gcc -O2 -Wall -W -Wwrite-strings -Wmissing-prototypes  -std=gnu99 -mno-abicalls -fno-pic -nostdinc  -I../../../build/install/include -M sparse.c | awk '{x=$0~"^ ";for(i=1;i<=NF;i++){printf "%d %s\n",x,$i;x=1; }}'| sed '/1 \\/d' | awk '{ printf "%s%s", $1?" \\\n ":"\n", $2 }' | sed 's|../../../build/install|$(INSTALLTOP)|;$p;$x' | sed 's|^\([^ ]\)|$(MYBUILDDIR)/\1|' > .deptmp
mv -f .deptmp .depend
mips-harvard-os161-gcc  -nostdlib -L../../../build/install/lib ../../../build/install/lib/crt0.o -T ../../../mk/uw-prog-ldscript  ../../../build/user/uw-testbin/sparse/sparse.o   -lc -o ../../../build/user/uw-testbin/sparse/sparse
rm -f ../../../build/install/uw-testbin/sparse
ln ../../../build/user/uw-testbin/sparse/sparse ../../../build/install/uw-testbin/sparse ||  cp ../../../build/user/uw-testbin/sparse/sparse ../../../build/install/uw-testbin/sparse
(cd exec-sparse && bmake build)
mips-harvard-os161-gcc -O2 -Wall -W -Wwrite-strings -Wmissing-prototypes  -std=gnu99 -mno-abicalls -fno-pic -nostdinc  -I../../../build/install/include -M exec-sparse.c | awk '{x=$0~"^ ";for(i=1;i<=NF;i++){printf "%d %s\n",x,$i;x=1; }}'| sed '/1 \\/d' | awk '{ printf "%s%s", $1?" \\\n ":"\n", $2 }' | sed 's|../../../build/install|$(INSTALLTOP)|;$p;$x' | sed 's|^\([^ ]\)|$(MYBUILDDIR)/\1|' > .deptmp
mv -f .deptmp .depend
mips-harvard-os161-gcc  -nostdlib -L../../../build/install/lib ../../../build/install/lib/crt0.o -T ../../../mk/uw-prog-ldscript  ../../../build/user/uw-testbin/exec-sparse/exec-sparse.o   -lc -o ../../../build/user/uw-testbin/exec-sparse/exec-sparse
rm -f ../../../build/install/uw-testbin/exec-sparse
ln ../../../build/user/uw-testbin/exec-sparse/exec-sparse ../../../build/install/uw-testbin/exec-sparse ||  cp ../../../build/user/uw-testbin/exec-sparse/exec-sparse ../../../build/install/uw-testbin/exec-sparse
(cd tlbfaulter && bmake build)
mips-harvard-os161-gcc -O2 -Wall -W -Wwrite-strings -Wmissing-prototypes  -std=gnu99 -mno-abicalls -fno-pic -nostdinc  -I../../../build/install/include -M tlbfaulter.c | awk '{x=$0~"^ ";for(i=1;i<=NF;i++){printf "%d %s\n",x,$i;x=1; }}'| sed '/1 \\/d' | awk '{ printf "%s%s", $1?" \\\n ":"\n", $2 }' | sed 's|../../../build/install|$(INSTALLTOP)|;$p;$x' | sed 's|^\([^ ]\)|$(MYBUILDDIR)/\1|' > .deptmp
mv -f .deptmp .depend
mips-harvard-os161-gcc  -nostdlib -L../../../build/install/lib ../../../build/install/lib/crt0.o -T ../../../mk/uw-prog-ldscript  ../../../build/user/uw-testbin/tlbfaulter/tlbfaulter.o   -lc -o ../../../build/user/uw-testbin/tlbfaulter/tlbfaulter
rm -f ../../../build/install/uw-testbin/tlbfaulter
ln ../../../build/user/uw-testbin/tlbfaulter/tlbfaulter ../../../build/install/uw-testbin/tlbfaulter ||  cp ../../../build/user/uw-testbin/tlbfaulter/tlbfaulter ../../../build/install/uw-testbin/tlbfaulter
(cd onefork && bmake build)
mips-harvard-os161-gcc -O2 -Wall -W -Wwrite-strings -Wmissing-prototypes  -std=gnu99 -mno-abicalls -fno-pic -nostdinc  -I../../../build/install/include -M onefork.c | awk '{x=$0~"^ ";for(i=1;i<=NF;i++){printf "%d %s\n",x,$i;x=1; }}'| sed '/1 \\/d' | awk '{ printf "%s%s", $1?" \\\n ":"\n", $2 }' | sed 's|../../../build/install|$(INSTALLTOP)|;$p;$x' | sed 's|^\([^ ]\)|$(MYBUILDDIR)/\1|' > .deptmp
mv -f .deptmp .depend
mips-harvard-os161-gcc  -nostdlib -L../../../build/install/lib ../../../build/install/lib/crt0.o -T ../../../mk/uw-prog-ldscript  ../../../build/user/uw-testbin/onefork/onefork.o   -lc -o ../../../build/user/uw-testbin/onefork/onefork
rm -f ../../../build/install/uw-testbin/onefork
ln ../../../build/user/uw-testbin/onefork/onefork ../../../build/install/uw-testbin/onefork ||  cp ../../../build/user/uw-testbin/onefork/onefork ../../../build/install/uw-testbin/onefork
(cd widefork && bmake build)
mips-harvard-os161-gcc -O2 -Wall -W -Wwrite-strings -Wmissing-prototypes  -std=gnu99 -mno-abicalls -fno-pic -nostdinc  -I../../../build/install/include -M widefork.c | awk '{x=$0~"^ ";for(i=1;i<=NF;i++){printf "%d %s\n",x,$i;x=1; }}'| sed '/1 \\/d' | awk '{ printf "%s%s", $1?" \\\n ":"\n", $2 }' | sed 's|../../../build/install|$(INSTALLTOP)|;$p;$x' | sed 's|^\([^ ]\)|$(MYBUILDDIR)/\1|' > .deptmp
mv -f .deptmp .depend
mips-harvard-os161-gcc  -nostdlib -L../../../build/install/lib ../../../build/install/lib/crt0.o -T ../../../mk/uw-prog-ldscript  ../../../build/user/uw-testbin/widefork/widefork.o   -lc -o ../../../build/user/uw-testbin/widefork/widefork
rm -f ../../../build/install/uw-testbin/widefork
ln ../../../build/user/uw-testbin/widefork/widefork ../../../build/install/uw-testbin/widefork ||  cp ../../../build/user/uw-testbin/widefork/widefork ../../../build/install/uw-testbin/widefork
(cd pidcheck && bmake build)
mips-harvard-os161-gcc -O2 -Wall -W -Wwrite-strings -Wmissing-prototypes  -std=gnu99 -mno-abicalls -fno-pic -nostdinc  -I../../../build/install/include -M pidcheck.c | awk '{x=$0~"^ ";for(i=1;i<=NF;i++){printf "%d %s\n",x,$i;x=1; }}'| sed '/1 \\/d' | awk '{ printf "%s%s", $1?" \\\n ":"\n", $2 }' | sed 's|../../../build/install|$(INSTALLTOP)|;$p;$x' | sed 's|^\([^ ]\)|$(MYBUILDDIR)/\1|' > .deptmp
mv -f .deptmp .depend
mips-harvard-os161-gcc  -nostdlib -L../../../build/install/lib ../../../build/install/lib/crt0.o -T ../../../mk/uw-prog-ldscript  ../../../build/user/uw-testbin/pidcheck/pidcheck.o   -lc -o ../../../build/user/uw-testbin/pidcheck/pidcheck
rm -f ../../../build/install/uw-testbin/pidcheck
ln ../../../build/user/uw-testbin/pidcheck/pidcheck ../../../build/install/uw-testbin/pidcheck ||  cp ../../../build/user/uw-testbin/pidcheck/pidcheck ../../../build/install/uw-testbin/pidcheck
(cd xhog && bmake build)
mips-harvard-os161-gcc -O2 -Wall -W -Wwrite-strings -Wmissing-prototypes  -std=gnu99 -mno-abicalls -fno-pic -nostdinc  -I../../../build/install/include -M xhog.c | awk '{x=$0~"^ ";for(i=1;i<=NF;i++){printf "%d %s\n",x,$i;x=1; }}'| sed '/1 \\/d' | awk '{ printf "%s%s", $1?" \\\n ":"\n", $2 }' | sed 's|../../../build/install|$(INSTALLTOP)|;$p;$x' | sed 's|^\([^ ]\)|$(MYBUILDDIR)/\1|' > .deptmp
mv -f .deptmp .depend
mips-harvard-os161-gcc  -nostdlib -L../../../build/install/lib ../../../build/install/lib/crt0.o -T ../../../mk/uw-prog-ldscript  ../../../build/user/uw-testbin/xhog/xhog.o   -lc -o ../../../build/user/uw-testbin/xhog/xhog
rm -f ../../../build/install/uw-testbin/xhog
ln ../../../build/user/uw-testbin/xhog/xhog ../../../build/install/uw-testbin/xhog ||  cp ../../../build/user/uw-testbin/xhog/xhog ../../../build/install/uw-testbin/xhog
(cd yhog && bmake build)
mips-harvard-os161-gcc -O2 -Wall -W -Wwrite-strings -Wmissing-prototypes  -std=gnu99 -mno-abicalls -fno-pic -nostdinc  -I../../../build/install/include -M yhog.c | awk '{x=$0~"^ ";for(i=1;i<=NF;i++){printf "%d %s\n",x,$i;x=1; }}'| sed '/1 \\/d' | awk '{ printf "%s%s", $1?" \\\n ":"\n", $2 }' | sed 's|../../../build/install|$(INSTALLTOP)|;$p;$x' | sed 's|^\([^ ]\)|$(MYBUILDDIR)/\1|' > .deptmp
mv -f .deptmp .depend
mips-harvard-os161-gcc  -nostdlib -L../../../build/install/lib ../../../build/install/lib/crt0.o -T ../../../mk/uw-prog-ldscript  ../../../build/user/uw-testbin/yhog/yhog.o   -lc -o ../../../build/user/uw-testbin/yhog/yhog
rm -f ../../../build/install/uw-testbin/yhog
ln ../../../build/user/uw-testbin/yhog/yhog ../../../build/install/uw-testbin/yhog ||  cp ../../../build/user/uw-testbin/yhog/yhog ../../../build/install/uw-testbin/yhog
(cd zhog && bmake build)
mips-harvard-os161-gcc -O2 -Wall -W -Wwrite-strings -Wmissing-prototypes  -std=gnu99 -mno-abicalls -fno-pic -nostdinc  -I../../../build/install/include -M zhog.c | awk '{x=$0~"^ ";for(i=1;i<=NF;i++){printf "%d %s\n",x,$i;x=1; }}'| sed '/1 \\/d' | awk '{ printf "%s%s", $1?" \\\n ":"\n", $2 }' | sed 's|../../../build/install|$(INSTALLTOP)|;$p;$x' | sed 's|^\([^ ]\)|$(MYBUILDDIR)/\1|' > .deptmp
mv -f .deptmp .depend
mips-harvard-os161-gcc  -nostdlib -L../../../build/install/lib ../../../build/install/lib/crt0.o -T ../../../mk/uw-prog-ldscript  ../../../build/user/uw-testbin/zhog/zhog.o   -lc -o ../../../build/user/uw-testbin/zhog/zhog
rm -f ../../../build/install/uw-testbin/zhog
ln ../../../build/user/uw-testbin/zhog/zhog ../../../build/install/uw-testbin/zhog ||  cp ../../../build/user/uw-testbin/zhog/zhog ../../../build/install/uw-testbin/zhog
(cd hogparty && bmake build)
mips-harvard-os161-gcc -O2 -Wall -W -Wwrite-strings -Wmissing-prototypes  -std=gnu99 -mno-abicalls -fno-pic -nostdinc  -I../../../build/install/include -M hogparty.c | awk '{x=$0~"^ ";for(i=1;i<=NF;i++){printf "%d %s\n",x,$i;x=1; }}'| sed '/1 \\/d' | awk '{ printf "%s%s", $1?" \\\n ":"\n", $2 }' | sed 's|../../../build/install|$(INSTALLTOP)|;$p;$x' | sed 's|^\([^ ]\)|$(MYBUILDDIR)/\1|' > .deptmp
mv -f .deptmp .depend
mips-harvard-os161-gcc  -nostdlib -L../../../build/install/lib ../../../build/install/lib/crt0.o -T ../../../mk/uw-prog-ldscript  ../../../build/user/uw-testbin/hogparty/hogparty.o   -lc -o ../../../build/user/uw-testbin/hogparty/hogparty
rm -f ../../../build/install/uw-testbin/hogparty
ln ../../../build/user/uw-testbin/hogparty/hogparty ../../../build/install/uw-testbin/hogparty ||  cp ../../../build/user/uw-testbin/hogparty/hogparty ../../../build/install/uw-testbin/hogparty
(cd argtesttest && bmake build)
mips-harvard-os161-gcc -O2 -Wall -W -Wwrite-strings -Wmissing-prototypes  -std=gnu99 -mno-abicalls -fno-pic -nostdinc  -I../../../build/install/include -M argtesttest.c | awk '{x=$0~"^ ";for(i=1;i<=NF;i++){printf "%d %s\n",x,$i;x=1; }}'| sed '/1 \\/d' | awk '{ printf "%s%s", $1?" \\\n ":"\n", $2 }' | sed 's|../../../build/install|$(INSTALLTOP)|;$p;$x' | sed 's|^\([^ ]\)|$(MYBUILDDIR)/\1|' > .deptmp
mv -f .deptmp .depend
mips-harvard-os161-gcc  -nostdlib -L../../../build/install/lib ../../../build/install/lib/crt0.o -T ../../../mk/uw-prog-ldscript  ../../../build/user/uw-testbin/argtesttest/argtesttest.o   -lc -o ../../../build/user/uw-testbin/argtesttest/argtesttest
rm -f ../../../build/install/uw-testbin/argtesttest
ln ../../../build/user/uw-testbin/argtesttest/argtesttest ../../../build/install/uw-testbin/argtesttest ||  cp ../../../build/user/uw-testbin/argtesttest/argtesttest ../../../build/install/uw-testbin/argtesttest
(cd my-testbin && bmake build)
(cd example && bmake build)
mips-harvard-os161-gcc -O2 -Wall -W -Wwrite-strings -Wmissing-prototypes  -std=gnu99 -mno-abicalls -fno-pic -nostdinc  -I../../../build/install/include -M example.c | awk '{x=$0~"^ ";for(i=1;i<=NF;i++){printf "%d %s\n",x,$i;x=1; }}'| sed '/1 \\/d' | awk '{ printf "%s%s", $1?" \\\n ":"\n", $2 }' | sed 's|../../../build/install|$(INSTALLTOP)|;$p;$x' | sed 's|^\([^ ]\)|$(MYBUILDDIR)/\1|' > .deptmp
mv -f .deptmp .depend
mips-harvard-os161-gcc  -nostdlib -L../../../build/install/lib ../../../build/install/lib/crt0.o -T ../../../mk/uw-prog-ldscript  ../../../build/user/my-testbin/example/example.o   -lc -o ../../../build/user/my-testbin/example/example
rm -f ../../../build/install/my-testbin/example
ln ../../../build/user/my-testbin/example/example ../../../build/install/my-testbin/example ||  cp ../../../build/user/my-testbin/example/example ../../../build/install/my-testbin/example
(cd lib && bmake dependall)
(cd crt0 && bmake dependall)
mips-harvard-os161-gcc -O2 -Wall -W -Wwrite-strings -Wmissing-prototypes  -std=gnu99 -mno-abicalls -fno-pic -nostdinc  -I../../../build/install/include -M mips/crt0.S | awk '{x=$0~"^ ";for(i=1;i<=NF;i++){printf "%d %s\n",x,$i;x=1; }}'| sed '/1 \\/d' | awk '{ printf "%s%s", $1?" \\\n ":"\n", $2 }' | sed 's|../../../build/install|$(INSTALLTOP)|;$p;$x' | sed 's|^\([^ ]\)|$(MYBUILDDIR)/\1|' > .deptmp
mv -f .deptmp .depend
(cd libc && bmake dependall)
mips-harvard-os161-gcc -O2 -Wall -W -Wwrite-strings -Wmissing-prototypes  -std=gnu99 -mno-abicalls -fno-pic -nostdinc  -I../../../build/install/include -M ../../../common/libc/printf/__printf.c  ../../../common/libc/printf/snprintf.c stdio/__puts.c  stdio/getchar.c  stdio/printf.c  stdio/putchar.c  stdio/puts.c stdlib/abort.c  ../../../common/libc/stdlib/atoi.c  stdlib/exit.c  stdlib/malloc.c  stdlib/random.c  stdlib/system.c ../../../common/libc/string/bzero.c  string/memcmp.c  ../../../common/libc/string/memcpy.c  ../../../common/libc/string/memmove.c  string/memset.c  ../../../common/libc/string/strcat.c  ../../../common/libc/string/strchr.c  ../../../common/libc/string/strcmp.c  ../../../common/libc/string/strcpy.c  string/strerror.c  ../../../common/libc/string/strlen.c  ../../../common/libc/string/strrchr.c  string/strtok.c  ../../../common/libc/string/strtok_r.c time/time.c ../../../build/user/lib/libc/syscalls.S ../../../common/gcc-millicode/adddi3.c  ../../../common/gcc-millicode/anddi3.c  ../../../common/gcc-millicode/ashldi3.c  ../../../common/gcc-millicode/ashrdi3.c  ../../../common/gcc-millicode/cmpdi2.c  ../../../common/gcc-millicode/divdi3.c  ../../../common/gcc-millicode/iordi3.c  ../../../common/gcc-millicode/lshldi3.c  ../../../common/gcc-millicode/lshrdi3.c  ../../../common/gcc-millicode/moddi3.c  ../../../common/gcc-millicode/muldi3.c  ../../../common/gcc-millicode/negdi2.c  ../../../common/gcc-millicode/notdi2.c  ../../../common/gcc-millicode/qdivrem.c  ../../../common/gcc-millicode/subdi3.c  ../../../common/gcc-millicode/ucmpdi2.c  ../../../common/gcc-millicode/udivdi3.c  ../../../common/gcc-millicode/umoddi3.c  ../../../common/gcc-millicode/xordi3.c unix/__assert.c  unix/err.c  unix/errno.c  unix/getcwd.c  ../../../common/libc/arch/mips/setjmp.S | awk '{x=$0~"^ ";for(i=1;i<=NF;i++){printf "%d %s\n",x,$i;x=1; }}'| sed '/1 \\/d' | awk '{ printf "%s%s", $1?" \\\n ":"\n", $2 }' | sed 's|../../../build/install|$(INSTALLTOP)|;$p;$x' | sed 's|^\([^ ]\)|$(MYBUILDDIR)/\1|' > .deptmp
mv -f .deptmp .depend
bmake ../../../build/user/lib/libc/syscalls.S
`../../../build/user/lib/libc/syscalls.S' is up to date.
(cd hostcompat && bmake dependall)
gcc -O2 -Wall -W -Wwrite-strings -Wmissing-prototypes   -I../../../build/install/hostinclude -DHOST -MM err.c time.c hostcompat.c | awk '{x=$0~"^ ";for(i=1;i<=NF;i++){printf "%d %s\n",x,$i;x=1; }}'| sed '/1 \\/d' | awk '{ printf "%s%s", $1?" \\\n ":"\n", $2 }' | sed 's/\.o/\.ho/' | sed 's|../../../build/install|$(INSTALLTOP)|;$p;$x' | sed 's|^\([^ ]\)|$(MYBUILDDIR)/\1|' > .deptmp
mv -f .deptmp .depend
(cd bin && bmake dependall)
(cd true && bmake dependall)
mips-harvard-os161-gcc -O2 -Wall -W -Wwrite-strings -Wmissing-prototypes  -std=gnu99 -mno-abicalls -fno-pic -nostdinc  -I../../../build/install/include -M true.c | awk '{x=$0~"^ ";for(i=1;i<=NF;i++){printf "%d %s\n",x,$i;x=1; }}'| sed '/1 \\/d' | awk '{ printf "%s%s", $1?" \\\n ":"\n", $2 }' | sed 's|../../../build/install|$(INSTALLTOP)|;$p;$x' | sed 's|^\([^ ]\)|$(MYBUILDDIR)/\1|' > .deptmp
mv -f .deptmp .depend
(cd false && bmake dependall)
mips-harvard-os161-gcc -O2 -Wall -W -Wwrite-strings -Wmissing-prototypes  -std=gnu99 -mno-abicalls -fno-pic -nostdinc  -I../../../build/install/include -M false.c | awk '{x=$0~"^ ";for(i=1;i<=NF;i++){printf "%d %s\n",x,$i;x=1; }}'| sed '/1 \\/d' | awk '{ printf "%s%s", $1?" \\\n ":"\n", $2 }' | sed 's|../../../build/install|$(INSTALLTOP)|;$p;$x' | sed 's|^\([^ ]\)|$(MYBUILDDIR)/\1|' > .deptmp
mv -f .deptmp .depend
(cd sync && bmake dependall)
mips-harvard-os161-gcc -O2 -Wall -W -Wwrite-strings -Wmissing-prototypes  -std=gnu99 -mno-abicalls -fno-pic -nostdinc  -I../../../build/install/include -M sync.c | awk '{x=$0~"^ ";for(i=1;i<=NF;i++){printf "%d %s\n",x,$i;x=1; }}'| sed '/1 \\/d' | awk '{ printf "%s%s", $1?" \\\n ":"\n", $2 }' | sed 's|../../../build/install|$(INSTALLTOP)|;$p;$x' | sed 's|^\([^ ]\)|$(MYBUILDDIR)/\1|' > .deptmp
mv -f .deptmp .depend
(cd mkdir && bmake dependall)
mips-harvard-os161-gcc -O2 -Wall -W -Wwrite-strings -Wmissing-prototypes  -std=gnu99 -mno-abicalls -fno-pic -nostdinc  -I../../../build/install/include -M mkdir.c | awk '{x=$0~"^ ";for(i=1;i<=NF;i++){printf "%d %s\n",x,$i;x=1; }}'| sed '/1 \\/d' | awk '{ printf "%s%s", $1?" \\\n ":"\n", $2 }' | sed 's|../../../build/install|$(INSTALLTOP)|;$p;$x' | sed 's|^\([^ ]\)|$(MYBUILDDIR)/\1|' > .deptmp
mv -f .deptmp .depend
(cd rmdir && bmake dependall)
mips-harvard-os161-gcc -O2 -Wall -W -Wwrite-strings -Wmissing-prototypes  -std=gnu99 -mno-abicalls -fno-pic -nostdinc  -I../../../build/install/include -M rmdir.c | awk '{x=$0~"^ ";for(i=1;i<=NF;i++){printf "%d %s\n",x,$i;x=1; }}'| sed '/1 \\/d' | awk '{ printf "%s%s", $1?" \\\n ":"\n", $2 }' | sed 's|../../../build/install|$(INSTALLTOP)|;$p;$x' | sed 's|^\([^ ]\)|$(MYBUILDDIR)/\1|' > .deptmp
mv -f .deptmp .depend
(cd pwd && bmake dependall)
mips-harvard-os161-gcc -O2 -Wall -W -Wwrite-strings -Wmissing-prototypes  -std=gnu99 -mno-abicalls -fno-pic -nostdinc  -I../../../build/install/include -M pwd.c | awk '{x=$0~"^ ";for(i=1;i<=NF;i++){printf "%d %s\n",x,$i;x=1; }}'| sed '/1 \\/d' | awk '{ printf "%s%s", $1?" \\\n ":"\n", $2 }' | sed 's|../../../build/install|$(INSTALLTOP)|;$p;$x' | sed 's|^\([^ ]\)|$(MYBUILDDIR)/\1|' > .deptmp
mv -f .deptmp .depend
(cd cat && bmake dependall)
mips-harvard-os161-gcc -O2 -Wall -W -Wwrite-strings -Wmissing-prototypes  -std=gnu99 -mno-abicalls -fno-pic -nostdinc  -I../../../build/install/include -M cat.c | awk '{x=$0~"^ ";for(i=1;i<=NF;i++){printf "%d %s\n",x,$i;x=1; }}'| sed '/1 \\/d' | awk '{ printf "%s%s", $1?" \\\n ":"\n", $2 }' | sed 's|../../../build/install|$(INSTALLTOP)|;$p;$x' | sed 's|^\([^ ]\)|$(MYBUILDDIR)/\1|' > .deptmp
mv -f .deptmp .depend
(cd cp && bmake dependall)
mips-harvard-os161-gcc -O2 -Wall -W -Wwrite-strings -Wmissing-prototypes  -std=gnu99 -mno-abicalls -fno-pic -nostdinc  -I../../../build/install/include -M cp.c | awk '{x=$0~"^ ";for(i=1;i<=NF;i++){printf "%d %s\n",x,$i;x=1; }}'| sed '/1 \\/d' | awk '{ printf "%s%s", $1?" \\\n ":"\n", $2 }' | sed 's|../../../build/install|$(INSTALLTOP)|;$p;$x' | sed 's|^\([^ ]\)|$(MYBUILDDIR)/\1|' > .deptmp
mv -f .deptmp .depend
(cd ln && bmake dependall)
mips-harvard-os161-gcc -O2 -Wall -W -Wwrite-strings -Wmissing-prototypes  -std=gnu99 -mno-abicalls -fno-pic -nostdinc  -I../../../build/install/include -M ln.c | awk '{x=$0~"^ ";for(i=1;i<=NF;i++){printf "%d %s\n",x,$i;x=1; }}'| sed '/1 \\/d' | awk '{ printf "%s%s", $1?" \\\n ":"\n", $2 }' | sed 's|../../../build/install|$(INSTALLTOP)|;$p;$x' | sed 's|^\([^ ]\)|$(MYBUILDDIR)/\1|' > .deptmp
mv -f .deptmp .depend
(cd mv && bmake dependall)
mips-harvard-os161-gcc -O2 -Wall -W -Wwrite-strings -Wmissing-prototypes  -std=gnu99 -mno-abicalls -fno-pic -nostdinc  -I../../../build/install/include -M mv.c | awk '{x=$0~"^ ";for(i=1;i<=NF;i++){printf "%d %s\n",x,$i;x=1; }}'| sed '/1 \\/d' | awk '{ printf "%s%s", $1?" \\\n ":"\n", $2 }' | sed 's|../../../build/install|$(INSTALLTOP)|;$p;$x' | sed 's|^\([^ ]\)|$(MYBUILDDIR)/\1|' > .deptmp
mv -f .deptmp .depend
(cd rm && bmake dependall)
mips-harvard-os161-gcc -O2 -Wall -W -Wwrite-strings -Wmissing-prototypes  -std=gnu99 -mno-abicalls -fno-pic -nostdinc  -I../../../build/install/include -M rm.c | awk '{x=$0~"^ ";for(i=1;i<=NF;i++){printf "%d %s\n",x,$i;x=1; }}'| sed '/1 \\/d' | awk '{ printf "%s%s", $1?" \\\n ":"\n", $2 }' | sed 's|../../../build/install|$(INSTALLTOP)|;$p;$x' | sed 's|^\([^ ]\)|$(MYBUILDDIR)/\1|' > .deptmp
mv -f .deptmp .depend
(cd ls && bmake dependall)
mips-harvard-os161-gcc -O2 -Wall -W -Wwrite-strings -Wmissing-prototypes  -std=gnu99 -mno-abicalls -fno-pic -nostdinc  -I../../../build/install/include -M ls.c | awk '{x=$0~"^ ";for(i=1;i<=NF;i++){printf "%d %s\n",x,$i;x=1; }}'| sed '/1 \\/d' | awk '{ printf "%s%s", $1?" \\\n ":"\n", $2 }' | sed 's|../../../build/install|$(INSTALLTOP)|;$p;$x' | sed 's|^\([^ ]\)|$(MYBUILDDIR)/\1|' > .deptmp
mv -f .deptmp .depend
(cd sh && bmake dependall)
mips-harvard-os161-gcc -O2 -Wall -W -Wwrite-strings -Wmissing-prototypes  -std=gnu99 -mno-abicalls -fno-pic -nostdinc  -I../../../build/install/include -M sh.c | awk '{x=$0~"^ ";for(i=1;i<=NF;i++){printf "%d %s\n",x,$i;x=1; }}'| sed '/1 \\/d' | awk '{ printf "%s%s", $1?" \\\n ":"\n", $2 }' | sed 's|../../../build/install|$(INSTALLTOP)|;$p;$x' | sed 's|^\([^ ]\)|$(MYBUILDDIR)/\1|' > .deptmp
mv -f .deptmp .depend
(cd sbin && bmake dependall)
(cd reboot && bmake dependall)
mips-harvard-os161-gcc -O2 -Wall -W -Wwrite-strings -Wmissing-prototypes  -std=gnu99 -mno-abicalls -fno-pic -nostdinc  -I../../../build/install/include -M reboot.c | awk '{x=$0~"^ ";for(i=1;i<=NF;i++){printf "%d %s\n",x,$i;x=1; }}'| sed '/1 \\/d' | awk '{ printf "%s%s", $1?" \\\n ":"\n", $2 }' | sed 's|../../../build/install|$(INSTALLTOP)|;$p;$x' | sed 's|^\([^ ]\)|$(MYBUILDDIR)/\1|' > .deptmp
mv -f .deptmp .depend
(cd halt && bmake dependall)
mips-harvard-os161-gcc -O2 -Wall -W -Wwrite-strings -Wmissing-prototypes  -std=gnu99 -mno-abicalls -fno-pic -nostdinc  -I../../../build/install/include -M halt.c | awk '{x=$0~"^ ";for(i=1;i<=NF;i++){printf "%d %s\n",x,$i;x=1; }}'| sed '/1 \\/d' | awk '{ printf "%s%s", $1?" \\\n ":"\n", $2 }' | sed 's|../../../build/install|$(INSTALLTOP)|;$p;$x' | sed 's|^\([^ ]\)|$(MYBUILDDIR)/\1|' > .deptmp
mv -f .deptmp .depend
(cd poweroff && bmake dependall)
mips-harvard-os161-gcc -O2 -Wall -W -Wwrite-strings -Wmissing-prototypes  -std=gnu99 -mno-abicalls -fno-pic -nostdinc  -I../../../build/install/include -M poweroff.c | awk '{x=$0~"^ ";for(i=1;i<=NF;i++){printf "%d %s\n",x,$i;x=1; }}'| sed '/1 \\/d' | awk '{ printf "%s%s", $1?" \\\n ":"\n", $2 }' | sed 's|../../../build/install|$(INSTALLTOP)|;$p;$x' | sed 's|^\([^ ]\)|$(MYBUILDDIR)/\1|' > .deptmp
mv -f .deptmp .depend
(cd mksfs && bmake dependall)
mips-harvard-os161-gcc -O2 -Wall -W -Wwrite-strings -Wmissing-prototypes  -std=gnu99 -mno-abicalls -fno-pic -nostdinc  -I../../../build/install/include -M mksfs.c disk.c support.c | awk '{x=$0~"^ ";for(i=1;i<=NF;i++){printf "%d %s\n",x,$i;x=1; }}'| sed '/1 \\/d' | awk '{ printf "%s%s", $1?" \\\n ":"\n", $2 }' | sed 's|../../../build/install|$(INSTALLTOP)|;$p;$x' | sed 's|^\([^ ]\)|$(MYBUILDDIR)/\1|' > .deptmp
mv -f .deptmp .depend
gcc -O2 -Wall -W -Wwrite-strings -Wmissing-prototypes   -I../../../build/install/hostinclude -DHOST -MM mksfs.c disk.c support.c | awk '{x=$0~"^ ";for(i=1;i<=NF;i++){printf "%d %s\n",x,$i;x=1; }}'| sed '/1 \\/d' | awk '{ printf "%s%s", $1?" \\\n ":"\n", $2 }' | sed 's/\.o/\.ho/' | sed 's|../../../build/install|$(INSTALLTOP)|;$p;$x' | sed 's|^\([^ ]\)|$(MYBUILDDIR)/\1|' > .deptmp
mv -f .deptmp .depend
(cd dumpsfs && bmake dependall)
mips-harvard-os161-gcc -O2 -Wall -W -Wwrite-strings -Wmissing-prototypes  -std=gnu99 -mno-abicalls -fno-pic -nostdinc -I../mksfs  -I../../../build/install/include -M dumpsfs.c ../mksfs/disk.c ../mksfs/support.c | awk '{x=$0~"^ ";for(i=1;i<=NF;i++){printf "%d %s\n",x,$i;x=1; }}'| sed '/1 \\/d' | awk '{ printf "%s%s", $1?" \\\n ":"\n", $2 }' | sed 's|../../../build/install|$(INSTALLTOP)|;$p;$x' | sed 's|^\([^ ]\)|$(MYBUILDDIR)/\1|' > .deptmp
mv -f .deptmp .depend
gcc -O2 -Wall -W -Wwrite-strings -Wmissing-prototypes   -I../../../build/install/hostinclude -I../mksfs -DHOST -MM dumpsfs.c ../mksfs/disk.c ../mksfs/support.c | awk '{x=$0~"^ ";for(i=1;i<=NF;i++){printf "%d %s\n",x,$i;x=1; }}'| sed '/1 \\/d' | awk '{ printf "%s%s", $1?" \\\n ":"\n", $2 }' | sed 's/\.o/\.ho/' | sed 's|../../../build/install|$(INSTALLTOP)|;$p;$x' | sed 's|^\([^ ]\)|$(MYBUILDDIR)/\1|' > .deptmp
mv -f .deptmp .depend
(cd sfsck && bmake dependall)
mips-harvard-os161-gcc -O2 -Wall -W -Wwrite-strings -Wmissing-prototypes  -std=gnu99 -mno-abicalls -fno-pic -nostdinc -I../mksfs  -I../../../build/install/include -M sfsck.c ../mksfs/disk.c ../mksfs/support.c | awk '{x=$0~"^ ";for(i=1;i<=NF;i++){printf "%d %s\n",x,$i;x=1; }}'| sed '/1 \\/d' | awk '{ printf "%s%s", $1?" \\\n ":"\n", $2 }' | sed 's|../../../build/install|$(INSTALLTOP)|;$p;$x' | sed 's|^\([^ ]\)|$(MYBUILDDIR)/\1|' > .deptmp
mv -f .deptmp .depend
gcc -O2 -Wall -W -Wwrite-strings -Wmissing-prototypes   -I../../../build/install/hostinclude -I../mksfs -DHOST -MM sfsck.c ../mksfs/disk.c ../mksfs/support.c | awk '{x=$0~"^ ";for(i=1;i<=NF;i++){printf "%d %s\n",x,$i;x=1; }}'| sed '/1 \\/d' | awk '{ printf "%s%s", $1?" \\\n ":"\n", $2 }' | sed 's/\.o/\.ho/' | sed 's|../../../build/install|$(INSTALLTOP)|;$p;$x' | sed 's|^\([^ ]\)|$(MYBUILDDIR)/\1|' > .deptmp
mv -f .deptmp .depend
(cd testbin && bmake dependall)
(cd add && bmake dependall)
mips-harvard-os161-gcc -O2 -Wall -W -Wwrite-strings -Wmissing-prototypes  -std=gnu99 -mno-abicalls -fno-pic -nostdinc  -I../../../build/install/include -M add.c | awk '{x=$0~"^ ";for(i=1;i<=NF;i++){printf "%d %s\n",x,$i;x=1; }}'| sed '/1 \\/d' | awk '{ printf "%s%s", $1?" \\\n ":"\n", $2 }' | sed 's|../../../build/install|$(INSTALLTOP)|;$p;$x' | sed 's|^\([^ ]\)|$(MYBUILDDIR)/\1|' > .deptmp
mv -f .deptmp .depend
(cd argtest && bmake dependall)
mips-harvard-os161-gcc -O2 -Wall -W -Wwrite-strings -Wmissing-prototypes  -std=gnu99 -mno-abicalls -fno-pic -nostdinc  -I../../../build/install/include -M argtest.c | awk '{x=$0~"^ ";for(i=1;i<=NF;i++){printf "%d %s\n",x,$i;x=1; }}'| sed '/1 \\/d' | awk '{ printf "%s%s", $1?" \\\n ":"\n", $2 }' | sed 's|../../../build/install|$(INSTALLTOP)|;$p;$x' | sed 's|^\([^ ]\)|$(MYBUILDDIR)/\1|' > .deptmp
mv -f .deptmp .depend
(cd badcall && bmake dependall)
mips-harvard-os161-gcc -O2 -Wall -W -Wwrite-strings -Wmissing-prototypes  -std=gnu99 -mno-abicalls -fno-pic -nostdinc  -I../../../build/install/include -M bad_execv.c  bad_waitpid.c  bad_open.c  bad_read.c  bad_write.c  bad_close.c  bad_reboot.c  bad_sbrk.c  bad_ioctl.c  bad_lseek.c  bad_fsync.c  bad_ftruncate.c  bad_stat.c  bad_remove.c  bad_rename.c  bad_link.c  bad_mkdir.c  bad_rmdir.c  bad_chdir.c  bad_getdirentry.c  bad_symlink.c  bad_readlink.c  bad_dup2.c  bad_pipe.c  bad_time.c  bad_getcwd.c  common_buf.c  common_fds.c  common_path.c  driver.c | awk '{x=$0~"^ ";for(i=1;i<=NF;i++){printf "%d %s\n",x,$i;x=1; }}'| sed '/1 \\/d' | awk '{ printf "%s%s", $1?" \\\n ":"\n", $2 }' | sed 's|../../../build/install|$(INSTALLTOP)|;$p;$x' | sed 's|^\([^ ]\)|$(MYBUILDDIR)/\1|' > .deptmp
mv -f .deptmp .depend
(cd bigfile && bmake dependall)
mips-harvard-os161-gcc -O2 -Wall -W -Wwrite-strings -Wmissing-prototypes  -std=gnu99 -mno-abicalls -fno-pic -nostdinc  -I../../../build/install/include -M bigfile.c | awk '{x=$0~"^ ";for(i=1;i<=NF;i++){printf "%d %s\n",x,$i;x=1; }}'| sed '/1 \\/d' | awk '{ printf "%s%s", $1?" \\\n ":"\n", $2 }' | sed 's|../../../build/install|$(INSTALLTOP)|;$p;$x' | sed 's|^\([^ ]\)|$(MYBUILDDIR)/\1|' > .deptmp
mv -f .deptmp .depend
(cd conman && bmake dependall)
mips-harvard-os161-gcc -O2 -Wall -W -Wwrite-strings -Wmissing-prototypes  -std=gnu99 -mno-abicalls -fno-pic -nostdinc  -I../../../build/install/include -M conman.c | awk '{x=$0~"^ ";for(i=1;i<=NF;i++){printf "%d %s\n",x,$i;x=1; }}'| sed '/1 \\/d' | awk '{ printf "%s%s", $1?" \\\n ":"\n", $2 }' | sed 's|../../../build/install|$(INSTALLTOP)|;$p;$x' | sed 's|^\([^ ]\)|$(MYBUILDDIR)/\1|' > .deptmp
mv -f .deptmp .depend
(cd crash && bmake dependall)
mips-harvard-os161-gcc -O2 -Wall -W -Wwrite-strings -Wmissing-prototypes  -std=gnu99 -mno-abicalls -fno-pic -nostdinc  -I../../../build/install/include -M crash.c | awk '{x=$0~"^ ";for(i=1;i<=NF;i++){printf "%d %s\n",x,$i;x=1; }}'| sed '/1 \\/d' | awk '{ printf "%s%s", $1?" \\\n ":"\n", $2 }' | sed 's|../../../build/install|$(INSTALLTOP)|;$p;$x' | sed 's|^\([^ ]\)|$(MYBUILDDIR)/\1|' > .deptmp
mv -f .deptmp .depend
(cd ctest && bmake dependall)
mips-harvard-os161-gcc -O2 -Wall -W -Wwrite-strings -Wmissing-prototypes  -std=gnu99 -mno-abicalls -fno-pic -nostdinc  -I../../../build/install/include -M ctest.c | awk '{x=$0~"^ ";for(i=1;i<=NF;i++){printf "%d %s\n",x,$i;x=1; }}'| sed '/1 \\/d' | awk '{ printf "%s%s", $1?" \\\n ":"\n", $2 }' | sed 's|../../../build/install|$(INSTALLTOP)|;$p;$x' | sed 's|^\([^ ]\)|$(MYBUILDDIR)/\1|' > .deptmp
mv -f .deptmp .depend
(cd dirconc && bmake dependall)
mips-harvard-os161-gcc -O2 -Wall -W -Wwrite-strings -Wmissing-prototypes  -std=gnu99 -mno-abicalls -fno-pic -nostdinc  -I../../../build/install/include -M dirconc.c | awk '{x=$0~"^ ";for(i=1;i<=NF;i++){printf "%d %s\n",x,$i;x=1; }}'| sed '/1 \\/d' | awk '{ printf "%s%s", $1?" \\\n ":"\n", $2 }' | sed 's|../../../build/install|$(INSTALLTOP)|;$p;$x' | sed 's|^\([^ ]\)|$(MYBUILDDIR)/\1|' > .deptmp
mv -f .deptmp .depend
(cd dirseek && bmake dependall)
mips-harvard-os161-gcc -O2 -Wall -W -Wwrite-strings -Wmissing-prototypes  -std=gnu99 -mno-abicalls -fno-pic -nostdinc  -I../../../build/install/include -M dirseek.c | awk '{x=$0~"^ ";for(i=1;i<=NF;i++){printf "%d %s\n",x,$i;x=1; }}'| sed '/1 \\/d' | awk '{ printf "%s%s", $1?" \\\n ":"\n", $2 }' | sed 's|../../../build/install|$(INSTALLTOP)|;$p;$x' | sed 's|^\([^ ]\)|$(MYBUILDDIR)/\1|' > .deptmp
mv -f .deptmp .depend
(cd dirtest && bmake dependall)
mips-harvard-os161-gcc -O2 -Wall -W -Wwrite-strings -Wmissing-prototypes  -std=gnu99 -mno-abicalls -fno-pic -nostdinc  -I../../../build/install/include -M dirtest.c | awk '{x=$0~"^ ";for(i=1;i<=NF;i++){printf "%d %s\n",x,$i;x=1; }}'| sed '/1 \\/d' | awk '{ printf "%s%s", $1?" \\\n ":"\n", $2 }' | sed 's|../../../build/install|$(INSTALLTOP)|;$p;$x' | sed 's|^\([^ ]\)|$(MYBUILDDIR)/\1|' > .deptmp
mv -f .deptmp .depend
(cd f_test && bmake dependall)
mips-harvard-os161-gcc -O2 -Wall -W -Wwrite-strings -Wmissing-prototypes  -std=gnu99 -mno-abicalls -fno-pic -nostdinc  -I../../../build/install/include -M f_test.c f_read.c f_write.c | awk '{x=$0~"^ ";for(i=1;i<=NF;i++){printf "%d %s\n",x,$i;x=1; }}'| sed '/1 \\/d' | awk '{ printf "%s%s", $1?" \\\n ":"\n", $2 }' | sed 's|../../../build/install|$(INSTALLTOP)|;$p;$x' | sed 's|^\([^ ]\)|$(MYBUILDDIR)/\1|' > .deptmp
mv -f .deptmp .depend
(cd farm && bmake dependall)
mips-harvard-os161-gcc -O2 -Wall -W -Wwrite-strings -Wmissing-prototypes  -std=gnu99 -mno-abicalls -fno-pic -nostdinc  -I../../../build/install/include -M farm.c | awk '{x=$0~"^ ";for(i=1;i<=NF;i++){printf "%d %s\n",x,$i;x=1; }}'| sed '/1 \\/d' | awk '{ printf "%s%s", $1?" \\\n ":"\n", $2 }' | sed 's|../../../build/install|$(INSTALLTOP)|;$p;$x' | sed 's|^\([^ ]\)|$(MYBUILDDIR)/\1|' > .deptmp
mv -f .deptmp .depend
(cd faulter && bmake dependall)
mips-harvard-os161-gcc -O2 -Wall -W -Wwrite-strings -Wmissing-prototypes  -std=gnu99 -mno-abicalls -fno-pic -nostdinc  -I../../../build/install/include -M faulter.c | awk '{x=$0~"^ ";for(i=1;i<=NF;i++){printf "%d %s\n",x,$i;x=1; }}'| sed '/1 \\/d' | awk '{ printf "%s%s", $1?" \\\n ":"\n", $2 }' | sed 's|../../../build/install|$(INSTALLTOP)|;$p;$x' | sed 's|^\([^ ]\)|$(MYBUILDDIR)/\1|' > .deptmp
mv -f .deptmp .depend
(cd filetest && bmake dependall)
mips-harvard-os161-gcc -O2 -Wall -W -Wwrite-strings -Wmissing-prototypes  -std=gnu99 -mno-abicalls -fno-pic -nostdinc  -I../../../build/install/include -M filetest.c | awk '{x=$0~"^ ";for(i=1;i<=NF;i++){printf "%d %s\n",x,$i;x=1; }}'| sed '/1 \\/d' | awk '{ printf "%s%s", $1?" \\\n ":"\n", $2 }' | sed 's|../../../build/install|$(INSTALLTOP)|;$p;$x' | sed 's|^\([^ ]\)|$(MYBUILDDIR)/\1|' > .deptmp
mv -f .deptmp .depend
(cd forkbomb && bmake dependall)
mips-harvard-os161-gcc -O2 -Wall -W -Wwrite-strings -Wmissing-prototypes  -std=gnu99 -mno-abicalls -fno-pic -nostdinc  -I../../../build/install/include -M forkbomb.c | awk '{x=$0~"^ ";for(i=1;i<=NF;i++){printf "%d %s\n",x,$i;x=1; }}'| sed '/1 \\/d' | awk '{ printf "%s%s", $1?" \\\n ":"\n", $2 }' | sed 's|../../../build/install|$(INSTALLTOP)|;$p;$x' | sed 's|^\([^ ]\)|$(MYBUILDDIR)/\1|' > .deptmp
mv -f .deptmp .depend
(cd forktest && bmake dependall)
mips-harvard-os161-gcc -O2 -Wall -W -Wwrite-strings -Wmissing-prototypes  -std=gnu99 -mno-abicalls -fno-pic -nostdinc  -I../../../build/install/include -M forktest.c | awk '{x=$0~"^ ";for(i=1;i<=NF;i++){printf "%d %s\n",x,$i;x=1; }}'| sed '/1 \\/d' | awk '{ printf "%s%s", $1?" \\\n ":"\n", $2 }' | sed 's|../../../build/install|$(INSTALLTOP)|;$p;$x' | sed 's|^\([^ ]\)|$(MYBUILDDIR)/\1|' > .deptmp
mv -f .deptmp .depend
(cd guzzle && bmake dependall)
mips-harvard-os161-gcc -O2 -Wall -W -Wwrite-strings -Wmissing-prototypes  -std=gnu99 -mno-abicalls -fno-pic -nostdinc  -I../../../build/install/include -M guzzle.c | awk '{x=$0~"^ ";for(i=1;i<=NF;i++){printf "%d %s\n",x,$i;x=1; }}'| sed '/1 \\/d' | awk '{ printf "%s%s", $1?" \\\n ":"\n", $2 }' | sed 's|../../../build/install|$(INSTALLTOP)|;$p;$x' | sed 's|^\([^ ]\)|$(MYBUILDDIR)/\1|' > .deptmp
mv -f .deptmp .depend
(cd hash && bmake dependall)
mips-harvard-os161-gcc -O2 -Wall -W -Wwrite-strings -Wmissing-prototypes  -std=gnu99 -mno-abicalls -fno-pic -nostdinc  -I../../../build/install/include -M hash.c | awk '{x=$0~"^ ";for(i=1;i<=NF;i++){printf "%d %s\n",x,$i;x=1; }}'| sed '/1 \\/d' | awk '{ printf "%s%s", $1?" \\\n ":"\n", $2 }' | sed 's|../../../build/install|$(INSTALLTOP)|;$p;$x' | sed 's|^\([^ ]\)|$(MYBUILDDIR)/\1|' > .deptmp
mv -f .deptmp .depend
gcc -O2 -Wall -W -Wwrite-strings -Wmissing-prototypes   -I../../../build/install/hostinclude -DHOST -MM hash.c | awk '{x=$0~"^ ";for(i=1;i<=NF;i++){printf "%d %s\n",x,$i;x=1; }}'| sed '/1 \\/d' | awk '{ printf "%s%s", $1?" \\\n ":"\n", $2 }' | sed 's/\.o/\.ho/' | sed 's|../../../build/install|$(INSTALLTOP)|;$p;$x' | sed 's|^\([^ ]\)|$(MYBUILDDIR)/\1|' > .deptmp
mv -f .deptmp .depend
(cd hog && bmake dependall)
mips-harvard-os161-gcc -O2 -Wall -W -Wwrite-strings -Wmissing-prototypes  -std=gnu99 -mno-abicalls -fno-pic -nostdinc  -I../../../build/install/include -M hog.c | awk '{x=$0~"^ ";for(i=1;i<=NF;i++){printf "%d %s\n",x,$i;x=1; }}'| sed '/1 \\/d' | awk '{ printf "%s%s", $1?" \\\n ":"\n", $2 }' | sed 's|../../../build/install|$(INSTALLTOP)|;$p;$x' | sed 's|^\([^ ]\)|$(MYBUILDDIR)/\1|' > .deptmp
mv -f .deptmp .depend
(cd huge && bmake dependall)
mips-harvard-os161-gcc -O2 -Wall -W -Wwrite-strings -Wmissing-prototypes  -std=gnu99 -mno-abicalls -fno-pic -nostdinc  -I../../../build/install/include -M huge.c | awk '{x=$0~"^ ";for(i=1;i<=NF;i++){printf "%d %s\n",x,$i;x=1; }}'| sed '/1 \\/d' | awk '{ printf "%s%s", $1?" \\\n ":"\n", $2 }' | sed 's|../../../build/install|$(INSTALLTOP)|;$p;$x' | sed 's|^\([^ ]\)|$(MYBUILDDIR)/\1|' > .deptmp
mv -f .deptmp .depend
(cd kitchen && bmake dependall)
mips-harvard-os161-gcc -O2 -Wall -W -Wwrite-strings -Wmissing-prototypes  -std=gnu99 -mno-abicalls -fno-pic -nostdinc  -I../../../build/install/include -M kitchen.c | awk '{x=$0~"^ ";for(i=1;i<=NF;i++){printf "%d %s\n",x,$i;x=1; }}'| sed '/1 \\/d' | awk '{ printf "%s%s", $1?" \\\n ":"\n", $2 }' | sed 's|../../../build/install|$(INSTALLTOP)|;$p;$x' | sed 's|^\([^ ]\)|$(MYBUILDDIR)/\1|' > .deptmp
mv -f .deptmp .depend
(cd malloctest && bmake dependall)
mips-harvard-os161-gcc -O2 -Wall -W -Wwrite-strings -Wmissing-prototypes  -std=gnu99 -mno-abicalls -fno-pic -nostdinc  -I../../../build/install/include -M malloctest.c | awk '{x=$0~"^ ";for(i=1;i<=NF;i++){printf "%d %s\n",x,$i;x=1; }}'| sed '/1 \\/d' | awk '{ printf "%s%s", $1?" \\\n ":"\n", $2 }' | sed 's|../../../build/install|$(INSTALLTOP)|;$p;$x' | sed 's|^\([^ ]\)|$(MYBUILDDIR)/\1|' > .deptmp
mv -f .deptmp .depend
(cd matmult && bmake dependall)
mips-harvard-os161-gcc -O2 -Wall -W -Wwrite-strings -Wmissing-prototypes  -std=gnu99 -mno-abicalls -fno-pic -nostdinc  -I../../../build/install/include -M matmult.c | awk '{x=$0~"^ ";for(i=1;i<=NF;i++){printf "%d %s\n",x,$i;x=1; }}'| sed '/1 \\/d' | awk '{ printf "%s%s", $1?" \\\n ":"\n", $2 }' | sed 's|../../../build/install|$(INSTALLTOP)|;$p;$x' | sed 's|^\([^ ]\)|$(MYBUILDDIR)/\1|' > .deptmp
mv -f .deptmp .depend
(cd palin && bmake dependall)
mips-harvard-os161-gcc -O2 -Wall -W -Wwrite-strings -Wmissing-prototypes  -std=gnu99 -mno-abicalls -fno-pic -nostdinc  -I../../../build/install/include -M palin.c | awk '{x=$0~"^ ";for(i=1;i<=NF;i++){printf "%d %s\n",x,$i;x=1; }}'| sed '/1 \\/d' | awk '{ printf "%s%s", $1?" \\\n ":"\n", $2 }' | sed 's|../../../build/install|$(INSTALLTOP)|;$p;$x' | sed 's|^\([^ ]\)|$(MYBUILDDIR)/\1|' > .deptmp
mv -f .deptmp .depend
(cd parallelvm && bmake dependall)
mips-harvard-os161-gcc -O2 -Wall -W -Wwrite-strings -Wmissing-prototypes  -std=gnu99 -mno-abicalls -fno-pic -nostdinc  -I../../../build/install/include -M parallelvm.c | awk '{x=$0~"^ ";for(i=1;i<=NF;i++){printf "%d %s\n",x,$i;x=1; }}'| sed '/1 \\/d' | awk '{ printf "%s%s", $1?" \\\n ":"\n", $2 }' | sed 's|../../../build/install|$(INSTALLTOP)|;$p;$x' | sed 's|^\([^ ]\)|$(MYBUILDDIR)/\1|' > .deptmp
mv -f .deptmp .depend
(cd psort && bmake dependall)
mips-harvard-os161-gcc -O2 -Wall -W -Wwrite-strings -Wmissing-prototypes  -std=gnu99 -mno-abicalls -fno-pic -nostdinc  -I../../../build/install/include -M psort.c | awk '{x=$0~"^ ";for(i=1;i<=NF;i++){printf "%d %s\n",x,$i;x=1; }}'| sed '/1 \\/d' | awk '{ printf "%s%s", $1?" \\\n ":"\n", $2 }' | sed 's|../../../build/install|$(INSTALLTOP)|;$p;$x' | sed 's|^\([^ ]\)|$(MYBUILDDIR)/\1|' > .deptmp
mv -f .deptmp .depend
gcc -O2 -Wall -W -Wwrite-strings -Wmissing-prototypes   -I../../../build/install/hostinclude -DHOST -MM psort.c | awk '{x=$0~"^ ";for(i=1;i<=NF;i++){printf "%d %s\n",x,$i;x=1; }}'| sed '/1 \\/d' | awk '{ printf "%s%s", $1?" \\\n ":"\n", $2 }' | sed 's/\.o/\.ho/' | sed 's|../../../build/install|$(INSTALLTOP)|;$p;$x' | sed 's|^\([^ ]\)|$(MYBUILDDIR)/\1|' > .deptmp
mv -f .deptmp .depend
(cd randcall && bmake dependall)
mips-harvard-os161-gcc -O2 -Wall -W -Wwrite-strings -Wmissing-prototypes  -std=gnu99 -mno-abicalls -fno-pic -nostdinc  -I../../../build/install/include -M calls.c main.c | awk '{x=$0~"^ ";for(i=1;i<=NF;i++){printf "%d %s\n",x,$i;x=1; }}'| sed '/1 \\/d' | awk '{ printf "%s%s", $1?" \\\n ":"\n", $2 }' | sed 's|../../../build/install|$(INSTALLTOP)|;$p;$x' | sed 's|^\([^ ]\)|$(MYBUILDDIR)/\1|' > .deptmp
mv -f .deptmp .depend
bmake calls.c
`calls.c' is up to date.
(cd rmdirtest && bmake dependall)
mips-harvard-os161-gcc -O2 -Wall -W -Wwrite-strings -Wmissing-prototypes  -std=gnu99 -mno-abicalls -fno-pic -nostdinc  -I../../../build/install/include -M rmdirtest.c | awk '{x=$0~"^ ";for(i=1;i<=NF;i++){printf "%d %s\n",x,$i;x=1; }}'| sed '/1 \\/d' | awk '{ printf "%s%s", $1?" \\\n ":"\n", $2 }' | sed 's|../../../build/install|$(INSTALLTOP)|;$p;$x' | sed 's|^\([^ ]\)|$(MYBUILDDIR)/\1|' > .deptmp
mv -f .deptmp .depend
(cd rmtest && bmake dependall)
mips-harvard-os161-gcc -O2 -Wall -W -Wwrite-strings -Wmissing-prototypes  -std=gnu99 -mno-abicalls -fno-pic -nostdinc  -I../../../build/install/include -M rmtest.c | awk '{x=$0~"^ ";for(i=1;i<=NF;i++){printf "%d %s\n",x,$i;x=1; }}'| sed '/1 \\/d' | awk '{ printf "%s%s", $1?" \\\n ":"\n", $2 }' | sed 's|../../../build/install|$(INSTALLTOP)|;$p;$x' | sed 's|^\([^ ]\)|$(MYBUILDDIR)/\1|' > .deptmp
mv -f .deptmp .depend
(cd sink && bmake dependall)
mips-harvard-os161-gcc -O2 -Wall -W -Wwrite-strings -Wmissing-prototypes  -std=gnu99 -mno-abicalls -fno-pic -nostdinc  -I../../../build/install/include -M sink.c | awk '{x=$0~"^ ";for(i=1;i<=NF;i++){printf "%d %s\n",x,$i;x=1; }}'| sed '/1 \\/d' | awk '{ printf "%s%s", $1?" \\\n ":"\n", $2 }' | sed 's|../../../build/install|$(INSTALLTOP)|;$p;$x' | sed 's|^\([^ ]\)|$(MYBUILDDIR)/\1|' > .deptmp
mv -f .deptmp .depend
(cd sort && bmake dependall)
mips-harvard-os161-gcc -O2 -Wall -W -Wwrite-strings -Wmissing-prototypes  -std=gnu99 -mno-abicalls -fno-pic -nostdinc  -I../../../build/install/include -M sort.c | awk '{x=$0~"^ ";for(i=1;i<=NF;i++){printf "%d %s\n",x,$i;x=1; }}'| sed '/1 \\/d' | awk '{ printf "%s%s", $1?" \\\n ":"\n", $2 }' | sed 's|../../../build/install|$(INSTALLTOP)|;$p;$x' | sed 's|^\([^ ]\)|$(MYBUILDDIR)/\1|' > .deptmp
mv -f .deptmp .depend
(cd sty && bmake dependall)
mips-harvard-os161-gcc -O2 -Wall -W -Wwrite-strings -Wmissing-prototypes  -std=gnu99 -mno-abicalls -fno-pic -nostdinc  -I../../../build/install/include -M sty.c | awk '{x=$0~"^ ";for(i=1;i<=NF;i++){printf "%d %s\n",x,$i;x=1; }}'| sed '/1 \\/d' | awk '{ printf "%s%s", $1?" \\\n ":"\n", $2 }' | sed 's|../../../build/install|$(INSTALLTOP)|;$p;$x' | sed 's|^\([^ ]\)|$(MYBUILDDIR)/\1|' > .deptmp
mv -f .deptmp .depend
(cd tail && bmake dependall)
mips-harvard-os161-gcc -O2 -Wall -W -Wwrite-strings -Wmissing-prototypes  -std=gnu99 -mno-abicalls -fno-pic -nostdinc  -I../../../build/install/include -M tail.c | awk '{x=$0~"^ ";for(i=1;i<=NF;i++){printf "%d %s\n",x,$i;x=1; }}'| sed '/1 \\/d' | awk '{ printf "%s%s", $1?" \\\n ":"\n", $2 }' | sed 's|../../../build/install|$(INSTALLTOP)|;$p;$x' | sed 's|^\([^ ]\)|$(MYBUILDDIR)/\1|' > .deptmp
mv -f .deptmp .depend
(cd tictac && bmake dependall)
mips-harvard-os161-gcc -O2 -Wall -W -Wwrite-strings -Wmissing-prototypes  -std=gnu99 -mno-abicalls -fno-pic -nostdinc  -I../../../build/install/include -M tictac.c | awk '{x=$0~"^ ";for(i=1;i<=NF;i++){printf "%d %s\n",x,$i;x=1; }}'| sed '/1 \\/d' | awk '{ printf "%s%s", $1?" \\\n ":"\n", $2 }' | sed 's|../../../build/install|$(INSTALLTOP)|;$p;$x' | sed 's|^\([^ ]\)|$(MYBUILDDIR)/\1|' > .deptmp
mv -f .deptmp .depend
(cd triplehuge && bmake dependall)
mips-harvard-os161-gcc -O2 -Wall -W -Wwrite-strings -Wmissing-prototypes  -std=gnu99 -mno-abicalls -fno-pic -nostdinc  -I../../../build/install/include -M triplehuge.c triple.c | awk '{x=$0~"^ ";for(i=1;i<=NF;i++){printf "%d %s\n",x,$i;x=1; }}'| sed '/1 \\/d' | awk '{ printf "%s%s", $1?" \\\n ":"\n", $2 }' | sed 's|../../../build/install|$(INSTALLTOP)|;$p;$x' | sed 's|^\([^ ]\)|$(MYBUILDDIR)/\1|' > .deptmp
mv -f .deptmp .depend
(cd triplemat && bmake dependall)
mips-harvard-os161-gcc -O2 -Wall -W -Wwrite-strings -Wmissing-prototypes  -std=gnu99 -mno-abicalls -fno-pic -nostdinc  -I../../../build/install/include -M triplemat.c ../triplehuge/triple.c | awk '{x=$0~"^ ";for(i=1;i<=NF;i++){printf "%d %s\n",x,$i;x=1; }}'| sed '/1 \\/d' | awk '{ printf "%s%s", $1?" \\\n ":"\n", $2 }' | sed 's|../../../build/install|$(INSTALLTOP)|;$p;$x' | sed 's|^\([^ ]\)|$(MYBUILDDIR)/\1|' > .deptmp
mv -f .deptmp .depend
(cd triplesort && bmake dependall)
mips-harvard-os161-gcc -O2 -Wall -W -Wwrite-strings -Wmissing-prototypes  -std=gnu99 -mno-abicalls -fno-pic -nostdinc  -I../../../build/install/include -M triplesort.c ../triplehuge/triple.c | awk '{x=$0~"^ ";for(i=1;i<=NF;i++){printf "%d %s\n",x,$i;x=1; }}'| sed '/1 \\/d' | awk '{ printf "%s%s", $1?" \\\n ":"\n", $2 }' | sed 's|../../../build/install|$(INSTALLTOP)|;$p;$x' | sed 's|^\([^ ]\)|$(MYBUILDDIR)/\1|' > .deptmp
mv -f .deptmp .depend
(cd zero && bmake dependall)
mips-harvard-os161-gcc -O2 -Wall -W -Wwrite-strings -Wmissing-prototypes  -std=gnu99 -mno-abicalls -fno-pic -nostdinc  -I../../../build/install/include -M zero.c | awk '{x=$0~"^ ";for(i=1;i<=NF;i++){printf "%d %s\n",x,$i;x=1; }}'| sed '/1 \\/d' | awk '{ printf "%s%s", $1?" \\\n ":"\n", $2 }' | sed 's|../../../build/install|$(INSTALLTOP)|;$p;$x' | sed 's|^\([^ ]\)|$(MYBUILDDIR)/\1|' > .deptmp
mv -f .deptmp .depend
(cd uw-testbin && bmake dependall)
(cd lib && bmake dependall)
mips-harvard-os161-gcc -O2 -Wall -W -Wwrite-strings -Wmissing-prototypes  -std=gnu99 -mno-abicalls -fno-pic -nostdinc  -I../../../build/install/include -M testutils.c | awk '{x=$0~"^ ";for(i=1;i<=NF;i++){printf "%d %s\n",x,$i;x=1; }}'| sed '/1 \\/d' | awk '{ printf "%s%s", $1?" \\\n ":"\n", $2 }' | sed 's|../../../build/install|$(INSTALLTOP)|;$p;$x' | sed 's|^\([^ ]\)|$(MYBUILDDIR)/\1|' > .deptmp
mv -f .deptmp .depend
(cd files1 && bmake dependall)
mips-harvard-os161-gcc -O2 -Wall -W -Wwrite-strings -Wmissing-prototypes  -std=gnu99 -mno-abicalls -fno-pic -nostdinc  -I../../../build/install/include -M files1.c | awk '{x=$0~"^ ";for(i=1;i<=NF;i++){printf "%d %s\n",x,$i;x=1; }}'| sed '/1 \\/d' | awk '{ printf "%s%s", $1?" \\\n ":"\n", $2 }' | sed 's|../../../build/install|$(INSTALLTOP)|;$p;$x' | sed 's|^\([^ ]\)|$(MYBUILDDIR)/\1|' > .deptmp
mv -f .deptmp .depend
(cd files2 && bmake dependall)
mips-harvard-os161-gcc -O2 -Wall -W -Wwrite-strings -Wmissing-prototypes  -std=gnu99 -mno-abicalls -fno-pic -nostdinc  -I../../../build/install/include -M files2.c | awk '{x=$0~"^ ";for(i=1;i<=NF;i++){printf "%d %s\n",x,$i;x=1; }}'| sed '/1 \\/d' | awk '{ printf "%s%s", $1?" \\\n ":"\n", $2 }' | sed 's|../../../build/install|$(INSTALLTOP)|;$p;$x' | sed 's|^\([^ ]\)|$(MYBUILDDIR)/\1|' > .deptmp
mv -f .deptmp .depend
(cd conc-io && bmake dependall)
mips-harvard-os161-gcc -O2 -Wall -W -Wwrite-strings -Wmissing-prototypes  -std=gnu99 -mno-abicalls -fno-pic -nostdinc  -I../../../build/install/include -M conc-io.c | awk '{x=$0~"^ ";for(i=1;i<=NF;i++){printf "%d %s\n",x,$i;x=1; }}'| sed '/1 \\/d' | awk '{ printf "%s%s", $1?" \\\n ":"\n", $2 }' | sed 's|../../../build/install|$(INSTALLTOP)|;$p;$x' | sed 's|^\([^ ]\)|$(MYBUILDDIR)/\1|' > .deptmp
mv -f .deptmp .depend
(cd writeread && bmake dependall)
mips-harvard-os161-gcc -O2 -Wall -W -Wwrite-strings -Wmissing-prototypes  -std=gnu99 -mno-abicalls -fno-pic -nostdinc  -I../../../build/install/include -M writeread.c | awk '{x=$0~"^ ";for(i=1;i<=NF;i++){printf "%d %s\n",x,$i;x=1; }}'| sed '/1 \\/d' | awk '{ printf "%s%s", $1?" \\\n ":"\n", $2 }' | sed 's|../../../build/install|$(INSTALLTOP)|;$p;$x' | sed 's|^\([^ ]\)|$(MYBUILDDIR)/\1|' > .deptmp
mv -f .deptmp .depend
(cd argtest && bmake dependall)
mips-harvard-os161-gcc -O2 -Wall -W -Wwrite-strings -Wmissing-prototypes  -std=gnu99 -mno-abicalls -fno-pic -nostdinc  -I../../../build/install/include -M argtest.c | awk '{x=$0~"^ ";for(i=1;i<=NF;i++){printf "%d %s\n",x,$i;x=1; }}'| sed '/1 \\/d' | awk '{ printf "%s%s", $1?" \\\n ":"\n", $2 }' | sed 's|../../../build/install|$(INSTALLTOP)|;$p;$x' | sed 's|^\([^ ]\)|$(MYBUILDDIR)/\1|' > .deptmp
mv -f .deptmp .depend
(cd segments && bmake dependall)
mips-harvard-os161-gcc -O2 -Wall -W -Wwrite-strings -Wmissing-prototypes  -std=gnu99 -mno-abicalls -fno-pic -nostdinc  -I../../../build/install/include -M segments.c | awk '{x=$0~"^ ";for(i=1;i<=NF;i++){printf "%d %s\n",x,$i;x=1; }}'| sed '/1 \\/d' | awk '{ printf "%s%s", $1?" \\\n ":"\n", $2 }' | sed 's|../../../build/install|$(INSTALLTOP)|;$p;$x' | sed 's|^\([^ ]\)|$(MYBUILDDIR)/\1|' > .deptmp
mv -f .deptmp .depend
(cd syscall && bmake dependall)
mips-harvard-os161-gcc -O2 -Wall -W -Wwrite-strings -Wmissing-prototypes  -std=gnu99 -mno-abicalls -fno-pic -nostdinc  -I../../../build/install/include -M syscall.c | awk '{x=$0~"^ ";for(i=1;i<=NF;i++){printf "%d %s\n",x,$i;x=1; }}'| sed '/1 \\/d' | awk '{ printf "%s%s", $1?" \\\n ":"\n", $2 }' | sed 's|../../../build/install|$(INSTALLTOP)|;$p;$x' | sed 's|^\([^ ]\)|$(MYBUILDDIR)/\1|' > .deptmp
mv -f .deptmp .depend
(cd vm-funcs && bmake dependall)
mips-harvard-os161-gcc -O2 -Wall -W -Wwrite-strings -Wmissing-prototypes  -std=gnu99 -mno-abicalls -fno-pic -nostdinc  -I../../../build/install/include -M vm-funcs.c | awk '{x=$0~"^ ";for(i=1;i<=NF;i++){printf "%d %s\n",x,$i;x=1; }}'| sed '/1 \\/d' | awk '{ printf "%s%s", $1?" \\\n ":"\n", $2 }' | sed 's|../../../build/install|$(INSTALLTOP)|;$p;$x' | sed 's|^\([^ ]\)|$(MYBUILDDIR)/\1|' > .deptmp
mv -f .deptmp .depend
(cd vm-crash1 && bmake dependall)
mips-harvard-os161-gcc -O2 -Wall -W -Wwrite-strings -Wmissing-prototypes  -std=gnu99 -mno-abicalls -fno-pic -nostdinc  -I../../../build/install/include -M vm-crash1.c | awk '{x=$0~"^ ";for(i=1;i<=NF;i++){printf "%d %s\n",x,$i;x=1; }}'| sed '/1 \\/d' | awk '{ printf "%s%s", $1?" \\\n ":"\n", $2 }' | sed 's|../../../build/install|$(INSTALLTOP)|;$p;$x' | sed 's|^\([^ ]\)|$(MYBUILDDIR)/\1|' > .deptmp
mv -f .deptmp .depend
(cd vm-crash2 && bmake dependall)
mips-harvard-os161-gcc -O2 -Wall -W -Wwrite-strings -Wmissing-prototypes  -std=gnu99 -mno-abicalls -fno-pic -nostdinc  -I../../../build/install/include -M vm-crash2.c | awk '{x=$0~"^ ";for(i=1;i<=NF;i++){printf "%d %s\n",x,$i;x=1; }}'| sed '/1 \\/d' | awk '{ printf "%s%s", $1?" \\\n ":"\n", $2 }' | sed 's|../../../build/install|$(INSTALLTOP)|;$p;$x' | sed 's|^\([^ ]\)|$(MYBUILDDIR)/\1|' > .deptmp
mv -f .deptmp .depend
(cd vm-crash3 && bmake dependall)
mips-harvard-os161-gcc -O2 -Wall -W -Wwrite-strings -Wmissing-prototypes  -std=gnu99 -mno-abicalls -fno-pic -nostdinc  -I../../../build/install/include -M vm-crash3.c | awk '{x=$0~"^ ";for(i=1;i<=NF;i++){printf "%d %s\n",x,$i;x=1; }}'| sed '/1 \\/d' | awk '{ printf "%s%s", $1?" \\\n ":"\n", $2 }' | sed 's|../../../build/install|$(INSTALLTOP)|;$p;$x' | sed 's|^\([^ ]\)|$(MYBUILDDIR)/\1|' > .deptmp
mv -f .deptmp .depend
(cd vm-data1 && bmake dependall)
mips-harvard-os161-gcc -O2 -Wall -W -Wwrite-strings -Wmissing-prototypes  -std=gnu99 -mno-abicalls -fno-pic -nostdinc  -I../../../build/install/include -M vm-data1.c | awk '{x=$0~"^ ";for(i=1;i<=NF;i++){printf "%d %s\n",x,$i;x=1; }}'| sed '/1 \\/d' | awk '{ printf "%s%s", $1?" \\\n ":"\n", $2 }' | sed 's|../../../build/install|$(INSTALLTOP)|;$p;$x' | sed 's|^\([^ ]\)|$(MYBUILDDIR)/\1|' > .deptmp
mv -f .deptmp .depend
(cd vm-data2 && bmake dependall)
mips-harvard-os161-gcc -O2 -Wall -W -Wwrite-strings -Wmissing-prototypes  -std=gnu99 -mno-abicalls -fno-pic -nostdinc  -I../../../build/install/include -M vm-data2.c | awk '{x=$0~"^ ";for(i=1;i<=NF;i++){printf "%d %s\n",x,$i;x=1; }}'| sed '/1 \\/d' | awk '{ printf "%s%s", $1?" \\\n ":"\n", $2 }' | sed 's|../../../build/install|$(INSTALLTOP)|;$p;$x' | sed 's|^\([^ ]\)|$(MYBUILDDIR)/\1|' > .deptmp
mv -f .deptmp .depend
(cd vm-data3 && bmake dependall)
mips-harvard-os161-gcc -O2 -Wall -W -Wwrite-strings -Wmissing-prototypes  -std=gnu99 -mno-abicalls -fno-pic -nostdinc  -I../../../build/install/include -M vm-data3.c | awk '{x=$0~"^ ";for(i=1;i<=NF;i++){printf "%d %s\n",x,$i;x=1; }}'| sed '/1 \\/d' | awk '{ printf "%s%s", $1?" \\\n ":"\n", $2 }' | sed 's|../../../build/install|$(INSTALLTOP)|;$p;$x' | sed 's|^\([^ ]\)|$(MYBUILDDIR)/\1|' > .deptmp
mv -f .deptmp .depend
(cd vm-stack1 && bmake dependall)
mips-harvard-os161-gcc -O2 -Wall -W -Wwrite-strings -Wmissing-prototypes  -std=gnu99 -mno-abicalls -fno-pic -nostdinc  -I../../../build/install/include -M vm-stack1.c | awk '{x=$0~"^ ";for(i=1;i<=NF;i++){printf "%d %s\n",x,$i;x=1; }}'| sed '/1 \\/d' | awk '{ printf "%s%s", $1?" \\\n ":"\n", $2 }' | sed 's|../../../build/install|$(INSTALLTOP)|;$p;$x' | sed 's|^\([^ ]\)|$(MYBUILDDIR)/\1|' > .deptmp
mv -f .deptmp .depend
(cd vm-stack2 && bmake dependall)
mips-harvard-os161-gcc -O2 -Wall -W -Wwrite-strings -Wmissing-prototypes  -std=gnu99 -mno-abicalls -fno-pic -nostdinc  -I../../../build/install/include -M vm-stack2.c | awk '{x=$0~"^ ";for(i=1;i<=NF;i++){printf "%d %s\n",x,$i;x=1; }}'| sed '/1 \\/d' | awk '{ printf "%s%s", $1?" \\\n ":"\n", $2 }' | sed 's|../../../build/install|$(INSTALLTOP)|;$p;$x' | sed 's|^\([^ ]\)|$(MYBUILDDIR)/\1|' > .deptmp
mv -f .deptmp .depend
(cd vm-stackgrow && bmake dependall)
mips-harvard-os161-gcc -O2 -Wall -W -Wwrite-strings -Wmissing-prototypes  -std=gnu99 -mno-abicalls -fno-pic -nostdinc  -I../../../build/install/include -M vm-stackgrow.c | awk '{x=$0~"^ ";for(i=1;i<=NF;i++){printf "%d %s\n",x,$i;x=1; }}'| sed '/1 \\/d' | awk '{ printf "%s%s", $1?" \\\n ":"\n", $2 }' | sed 's|../../../build/install|$(INSTALLTOP)|;$p;$x' | sed 's|^\([^ ]\)|$(MYBUILDDIR)/\1|' > .deptmp
mv -f .deptmp .depend
(cd vm-mix1 && bmake dependall)
mips-harvard-os161-gcc -O2 -Wall -W -Wwrite-strings -Wmissing-prototypes  -std=gnu99 -mno-abicalls -fno-pic -nostdinc  -I../../../build/install/include -M vm-mix1.c | awk '{x=$0~"^ ";for(i=1;i<=NF;i++){printf "%d %s\n",x,$i;x=1; }}'| sed '/1 \\/d' | awk '{ printf "%s%s", $1?" \\\n ":"\n", $2 }' | sed 's|../../../build/install|$(INSTALLTOP)|;$p;$x' | sed 's|^\([^ ]\)|$(MYBUILDDIR)/\1|' > .deptmp
mv -f .deptmp .depend
(cd vm-mix1-exec && bmake dependall)
mips-harvard-os161-gcc -O2 -Wall -W -Wwrite-strings -Wmissing-prototypes  -std=gnu99 -mno-abicalls -fno-pic -nostdinc  -I../../../build/install/include -M vm-mix1-exec.c | awk '{x=$0~"^ ";for(i=1;i<=NF;i++){printf "%d %s\n",x,$i;x=1; }}'| sed '/1 \\/d' | awk '{ printf "%s%s", $1?" \\\n ":"\n", $2 }' | sed 's|../../../build/install|$(INSTALLTOP)|;$p;$x' | sed 's|^\([^ ]\)|$(MYBUILDDIR)/\1|' > .deptmp
mv -f .deptmp .depend
(cd vm-mix1-fork && bmake dependall)
mips-harvard-os161-gcc -O2 -Wall -W -Wwrite-strings -Wmissing-prototypes  -std=gnu99 -mno-abicalls -fno-pic -nostdinc  -I../../../build/install/include -M vm-mix1-fork.c | awk '{x=$0~"^ ";for(i=1;i<=NF;i++){printf "%d %s\n",x,$i;x=1; }}'| sed '/1 \\/d' | awk '{ printf "%s%s", $1?" \\\n ":"\n", $2 }' | sed 's|../../../build/install|$(INSTALLTOP)|;$p;$x' | sed 's|^\([^ ]\)|$(MYBUILDDIR)/\1|' > .deptmp
mv -f .deptmp .depend
(cd vm-mix2 && bmake dependall)
mips-harvard-os161-gcc -O2 -Wall -W -Wwrite-strings -Wmissing-prototypes  -std=gnu99 -mno-abicalls -fno-pic -nostdinc  -I../../../build/install/include -M vm-mix2.c | awk '{x=$0~"^ ";for(i=1;i<=NF;i++){printf "%d %s\n",x,$i;x=1; }}'| sed '/1 \\/d' | awk '{ printf "%s%s", $1?" \\\n ":"\n", $2 }' | sed 's|../../../build/install|$(INSTALLTOP)|;$p;$x' | sed 's|^\([^ ]\)|$(MYBUILDDIR)/\1|' > .deptmp
mv -f .deptmp .depend
(cd romemwrite && bmake dependall)
mips-harvard-os161-gcc -O2 -Wall -W -Wwrite-strings -Wmissing-prototypes  -std=gnu99 -mno-abicalls -fno-pic -nostdinc  -I../../../build/install/include -M romemwrite.c | awk '{x=$0~"^ ";for(i=1;i<=NF;i++){printf "%d %s\n",x,$i;x=1; }}'| sed '/1 \\/d' | awk '{ printf "%s%s", $1?" \\\n ":"\n", $2 }' | sed 's|../../../build/install|$(INSTALLTOP)|;$p;$x' | sed 's|^\([^ ]\)|$(MYBUILDDIR)/\1|' > .deptmp
mv -f .deptmp .depend
(cd sparse && bmake dependall)
mips-harvard-os161-gcc -O2 -Wall -W -Wwrite-strings -Wmissing-prototypes  -std=gnu99 -mno-abicalls -fno-pic -nostdinc  -I../../../build/install/include -M sparse.c | awk '{x=$0~"^ ";for(i=1;i<=NF;i++){printf "%d %s\n",x,$i;x=1; }}'| sed '/1 \\/d' | awk '{ printf "%s%s", $1?" \\\n ":"\n", $2 }' | sed 's|../../../build/install|$(INSTALLTOP)|;$p;$x' | sed 's|^\([^ ]\)|$(MYBUILDDIR)/\1|' > .deptmp
mv -f .deptmp .depend
(cd exec-sparse && bmake dependall)
mips-harvard-os161-gcc -O2 -Wall -W -Wwrite-strings -Wmissing-prototypes  -std=gnu99 -mno-abicalls -fno-pic -nostdinc  -I../../../build/install/include -M exec-sparse.c | awk '{x=$0~"^ ";for(i=1;i<=NF;i++){printf "%d %s\n",x,$i;x=1; }}'| sed '/1 \\/d' | awk '{ printf "%s%s", $1?" \\\n ":"\n", $2 }' | sed 's|../../../build/install|$(INSTALLTOP)|;$p;$x' | sed 's|^\([^ ]\)|$(MYBUILDDIR)/\1|' > .deptmp
mv -f .deptmp .depend
(cd tlbfaulter && bmake dependall)
mips-harvard-os161-gcc -O2 -Wall -W -Wwrite-strings -Wmissing-prototypes  -std=gnu99 -mno-abicalls -fno-pic -nostdinc  -I../../../build/install/include -M tlbfaulter.c | awk '{x=$0~"^ ";for(i=1;i<=NF;i++){printf "%d %s\n",x,$i;x=1; }}'| sed '/1 \\/d' | awk '{ printf "%s%s", $1?" \\\n ":"\n", $2 }' | sed 's|../../../build/install|$(INSTALLTOP)|;$p;$x' | sed 's|^\([^ ]\)|$(MYBUILDDIR)/\1|' > .deptmp
mv -f .deptmp .depend
(cd onefork && bmake dependall)
mips-harvard-os161-gcc -O2 -Wall -W -Wwrite-strings -Wmissing-prototypes  -std=gnu99 -mno-abicalls -fno-pic -nostdinc  -I../../../build/install/include -M onefork.c | awk '{x=$0~"^ ";for(i=1;i<=NF;i++){printf "%d %s\n",x,$i;x=1; }}'| sed '/1 \\/d' | awk '{ printf "%s%s", $1?" \\\n ":"\n", $2 }' | sed 's|../../../build/install|$(INSTALLTOP)|;$p;$x' | sed 's|^\([^ ]\)|$(MYBUILDDIR)/\1|' > .deptmp
mv -f .deptmp .depend
(cd widefork && bmake dependall)
mips-harvard-os161-gcc -O2 -Wall -W -Wwrite-strings -Wmissing-prototypes  -std=gnu99 -mno-abicalls -fno-pic -nostdinc  -I../../../build/install/include -M widefork.c | awk '{x=$0~"^ ";for(i=1;i<=NF;i++){printf "%d %s\n",x,$i;x=1; }}'| sed '/1 \\/d' | awk '{ printf "%s%s", $1?" \\\n ":"\n", $2 }' | sed 's|../../../build/install|$(INSTALLTOP)|;$p;$x' | sed 's|^\([^ ]\)|$(MYBUILDDIR)/\1|' > .deptmp
mv -f .deptmp .depend
(cd pidcheck && bmake dependall)
mips-harvard-os161-gcc -O2 -Wall -W -Wwrite-strings -Wmissing-prototypes  -std=gnu99 -mno-abicalls -fno-pic -nostdinc  -I../../../build/install/include -M pidcheck.c | awk '{x=$0~"^ ";for(i=1;i<=NF;i++){printf "%d %s\n",x,$i;x=1; }}'| sed '/1 \\/d' | awk '{ printf "%s%s", $1?" \\\n ":"\n", $2 }' | sed 's|../../../build/install|$(INSTALLTOP)|;$p;$x' | sed 's|^\([^ ]\)|$(MYBUILDDIR)/\1|' > .deptmp
mv -f .deptmp .depend
(cd xhog && bmake dependall)
mips-harvard-os161-gcc -O2 -Wall -W -Wwrite-strings -Wmissing-prototypes  -std=gnu99 -mno-abicalls -fno-pic -nostdinc  -I../../../build/install/include -M xhog.c | awk '{x=$0~"^ ";for(i=1;i<=NF;i++){printf "%d %s\n",x,$i;x=1; }}'| sed '/1 \\/d' | awk '{ printf "%s%s", $1?" \\\n ":"\n", $2 }' | sed 's|../../../build/install|$(INSTALLTOP)|;$p;$x' | sed 's|^\([^ ]\)|$(MYBUILDDIR)/\1|' > .deptmp
mv -f .deptmp .depend
(cd yhog && bmake dependall)
mips-harvard-os161-gcc -O2 -Wall -W -Wwrite-strings -Wmissing-prototypes  -std=gnu99 -mno-abicalls -fno-pic -nostdinc  -I../../../build/install/include -M yhog.c | awk '{x=$0~"^ ";for(i=1;i<=NF;i++){printf "%d %s\n",x,$i;x=1; }}'| sed '/1 \\/d' | awk '{ printf "%s%s", $1?" \\\n ":"\n", $2 }' | sed 's|../../../build/install|$(INSTALLTOP)|;$p;$x' | sed 's|^\([^ ]\)|$(MYBUILDDIR)/\1|' > .deptmp
mv -f .deptmp .depend
(cd zhog && bmake dependall)
mips-harvard-os161-gcc -O2 -Wall -W -Wwrite-strings -Wmissing-prototypes  -std=gnu99 -mno-abicalls -fno-pic -nostdinc  -I../../../build/install/include -M zhog.c | awk '{x=$0~"^ ";for(i=1;i<=NF;i++){printf "%d %s\n",x,$i;x=1; }}'| sed '/1 \\/d' | awk '{ printf "%s%s", $1?" \\\n ":"\n", $2 }' | sed 's|../../../build/install|$(INSTALLTOP)|;$p;$x' | sed 's|^\([^ ]\)|$(MYBUILDDIR)/\1|' > .deptmp
mv -f .deptmp .depend
(cd hogparty && bmake dependall)
mips-harvard-os161-gcc -O2 -Wall -W -Wwrite-strings -Wmissing-prototypes  -std=gnu99 -mno-abicalls -fno-pic -nostdinc  -I../../../build/install/include -M hogparty.c | awk '{x=$0~"^ ";for(i=1;i<=NF;i++){printf "%d %s\n",x,$i;x=1; }}'| sed '/1 \\/d' | awk '{ printf "%s%s", $1?" \\\n ":"\n", $2 }' | sed 's|../../../build/install|$(INSTALLTOP)|;$p;$x' | sed 's|^\([^ ]\)|$(MYBUILDDIR)/\1|' > .deptmp
mv -f .deptmp .depend
(cd argtesttest && bmake dependall)
mips-harvard-os161-gcc -O2 -Wall -W -Wwrite-strings -Wmissing-prototypes  -std=gnu99 -mno-abicalls -fno-pic -nostdinc  -I../../../build/install/include -M argtesttest.c | awk '{x=$0~"^ ";for(i=1;i<=NF;i++){printf "%d %s\n",x,$i;x=1; }}'| sed '/1 \\/d' | awk '{ printf "%s%s", $1?" \\\n ":"\n", $2 }' | sed 's|../../../build/install|$(INSTALLTOP)|;$p;$x' | sed 's|^\([^ ]\)|$(MYBUILDDIR)/\1|' > .deptmp
mv -f .deptmp .depend
(cd my-testbin && bmake dependall)
(cd example && bmake dependall)
mips-harvard-os161-gcc -O2 -Wall -W -Wwrite-strings -Wmissing-prototypes  -std=gnu99 -mno-abicalls -fno-pic -nostdinc  -I../../../build/install/include -M example.c | awk '{x=$0~"^ ";for(i=1;i<=NF;i++){printf "%d %s\n",x,$i;x=1; }}'| sed '/1 \\/d' | awk '{ printf "%s%s", $1?" \\\n ":"\n", $2 }' | sed 's|../../../build/install|$(INSTALLTOP)|;$p;$x' | sed 's|^\([^ ]\)|$(MYBUILDDIR)/\1|' > .deptmp
mv -f .deptmp .depend
(cd lib && bmake depend)
(cd crt0 && bmake depend)
mips-harvard-os161-gcc -O2 -Wall -W -Wwrite-strings -Wmissing-prototypes  -std=gnu99 -mno-abicalls -fno-pic -nostdinc  -I../../../build/install/include -M mips/crt0.S | awk '{x=$0~"^ ";for(i=1;i<=NF;i++){printf "%d %s\n",x,$i;x=1; }}'| sed '/1 \\/d' | awk '{ printf "%s%s", $1?" \\\n ":"\n", $2 }' | sed 's|../../../build/install|$(INSTALLTOP)|;$p;$x' | sed 's|^\([^ ]\)|$(MYBUILDDIR)/\1|' > .deptmp
mv -f .deptmp .depend
(cd libc && bmake depend)
mips-harvard-os161-gcc -O2 -Wall -W -Wwrite-strings -Wmissing-prototypes  -std=gnu99 -mno-abicalls -fno-pic -nostdinc  -I../../../build/install/include -M ../../../common/libc/printf/__printf.c  ../../../common/libc/printf/snprintf.c stdio/__puts.c  stdio/getchar.c  stdio/printf.c  stdio/putchar.c  stdio/puts.c stdlib/abort.c  ../../../common/libc/stdlib/atoi.c  stdlib/exit.c  stdlib/malloc.c  stdlib/random.c  stdlib/system.c ../../../common/libc/string/bzero.c  string/memcmp.c  ../../../common/libc/string/memcpy.c  ../../../common/libc/string/memmove.c  string/memset.c  ../../../common/libc/string/strcat.c  ../../../common/libc/string/strchr.c  ../../../common/libc/string/strcmp.c  ../../../common/libc/string/strcpy.c  string/strerror.c  ../../../common/libc/string/strlen.c  ../../../common/libc/string/strrchr.c  string/strtok.c  ../../../common/libc/string/strtok_r.c time/time.c ../../../build/user/lib/libc/syscalls.S ../../../common/gcc-millicode/adddi3.c  ../../../common/gcc-millicode/anddi3.c  ../../../common/gcc-millicode/ashldi3.c  ../../../common/gcc-millicode/ashrdi3.c  ../../../common/gcc-millicode/cmpdi2.c  ../../../common/gcc-millicode/divdi3.c  ../../../common/gcc-millicode/iordi3.c  ../../../common/gcc-millicode/lshldi3.c  ../../../common/gcc-millicode/lshrdi3.c  ../../../common/gcc-millicode/moddi3.c  ../../../common/gcc-millicode/muldi3.c  ../../../common/gcc-millicode/negdi2.c  ../../../common/gcc-millicode/notdi2.c  ../../../common/gcc-millicode/qdivrem.c  ../../../common/gcc-millicode/subdi3.c  ../../../common/gcc-millicode/ucmpdi2.c  ../../../common/gcc-millicode/udivdi3.c  ../../../common/gcc-millicode/umoddi3.c  ../../../common/gcc-millicode/xordi3.c unix/__assert.c  unix/err.c  unix/errno.c  unix/getcwd.c  ../../../common/libc/arch/mips/setjmp.S | awk '{x=$0~"^ ";for(i=1;i<=NF;i++){printf "%d %s\n",x,$i;x=1; }}'| sed '/1 \\/d' | awk '{ printf "%s%s", $1?" \\\n ":"\n", $2 }' | sed 's|../../../build/install|$(INSTALLTOP)|;$p;$x' | sed 's|^\([^ ]\)|$(MYBUILDDIR)/\1|' > .deptmp
mv -f .deptmp .depend
bmake ../../../build/user/lib/libc/syscalls.S
`../../../build/user/lib/libc/syscalls.S' is up to date.
(cd hostcompat && bmake depend)
gcc -O2 -Wall -W -Wwrite-strings -Wmissing-prototypes   -I../../../build/install/hostinclude -DHOST -MM err.c time.c hostcompat.c | awk '{x=$0~"^ ";for(i=1;i<=NF;i++){printf "%d %s\n",x,$i;x=1; }}'| sed '/1 \\/d' | awk '{ printf "%s%s", $1?" \\\n ":"\n", $2 }' | sed 's/\.o/\.ho/' | sed 's|../../../build/install|$(INSTALLTOP)|;$p;$x' | sed 's|^\([^ ]\)|$(MYBUILDDIR)/\1|' > .deptmp
mv -f .deptmp .depend
(cd bin && bmake depend)
(cd true && bmake depend)
mips-harvard-os161-gcc -O2 -Wall -W -Wwrite-strings -Wmissing-prototypes  -std=gnu99 -mno-abicalls -fno-pic -nostdinc  -I../../../build/install/include -M true.c | awk '{x=$0~"^ ";for(i=1;i<=NF;i++){printf "%d %s\n",x,$i;x=1; }}'| sed '/1 \\/d' | awk '{ printf "%s%s", $1?" \\\n ":"\n", $2 }' | sed 's|../../../build/install|$(INSTALLTOP)|;$p;$x' | sed 's|^\([^ ]\)|$(MYBUILDDIR)/\1|' > .deptmp
mv -f .deptmp .depend
(cd false && bmake depend)
mips-harvard-os161-gcc -O2 -Wall -W -Wwrite-strings -Wmissing-prototypes  -std=gnu99 -mno-abicalls -fno-pic -nostdinc  -I../../../build/install/include -M false.c | awk '{x=$0~"^ ";for(i=1;i<=NF;i++){printf "%d %s\n",x,$i;x=1; }}'| sed '/1 \\/d' | awk '{ printf "%s%s", $1?" \\\n ":"\n", $2 }' | sed 's|../../../build/install|$(INSTALLTOP)|;$p;$x' | sed 's|^\([^ ]\)|$(MYBUILDDIR)/\1|' > .deptmp
mv -f .deptmp .depend
(cd sync && bmake depend)
mips-harvard-os161-gcc -O2 -Wall -W -Wwrite-strings -Wmissing-prototypes  -std=gnu99 -mno-abicalls -fno-pic -nostdinc  -I../../../build/install/include -M sync.c | awk '{x=$0~"^ ";for(i=1;i<=NF;i++){printf "%d %s\n",x,$i;x=1; }}'| sed '/1 \\/d' | awk '{ printf "%s%s", $1?" \\\n ":"\n", $2 }' | sed 's|../../../build/install|$(INSTALLTOP)|;$p;$x' | sed 's|^\([^ ]\)|$(MYBUILDDIR)/\1|' > .deptmp
mv -f .deptmp .depend
(cd mkdir && bmake depend)
mips-harvard-os161-gcc -O2 -Wall -W -Wwrite-strings -Wmissing-prototypes  -std=gnu99 -mno-abicalls -fno-pic -nostdinc  -I../../../build/install/include -M mkdir.c | awk '{x=$0~"^ ";for(i=1;i<=NF;i++){printf "%d %s\n",x,$i;x=1; }}'| sed '/1 \\/d' | awk '{ printf "%s%s", $1?" \\\n ":"\n", $2 }' | sed 's|../../../build/install|$(INSTALLTOP)|;$p;$x' | sed 's|^\([^ ]\)|$(MYBUILDDIR)/\1|' > .deptmp
mv -f .deptmp .depend
(cd rmdir && bmake depend)
mips-harvard-os161-gcc -O2 -Wall -W -Wwrite-strings -Wmissing-prototypes  -std=gnu99 -mno-abicalls -fno-pic -nostdinc  -I../../../build/install/include -M rmdir.c | awk '{x=$0~"^ ";for(i=1;i<=NF;i++){printf "%d %s\n",x,$i;x=1; }}'| sed '/1 \\/d' | awk '{ printf "%s%s", $1?" \\\n ":"\n", $2 }' | sed 's|../../../build/install|$(INSTALLTOP)|;$p;$x' | sed 's|^\([^ ]\)|$(MYBUILDDIR)/\1|' > .deptmp
mv -f .deptmp .depend
(cd pwd && bmake depend)
mips-harvard-os161-gcc -O2 -Wall -W -Wwrite-strings -Wmissing-prototypes  -std=gnu99 -mno-abicalls -fno-pic -nostdinc  -I../../../build/install/include -M pwd.c | awk '{x=$0~"^ ";for(i=1;i<=NF;i++){printf "%d %s\n",x,$i;x=1; }}'| sed '/1 \\/d' | awk '{ printf "%s%s", $1?" \\\n ":"\n", $2 }' | sed 's|../../../build/install|$(INSTALLTOP)|;$p;$x' | sed 's|^\([^ ]\)|$(MYBUILDDIR)/\1|' > .deptmp
mv -f .deptmp .depend
(cd cat && bmake depend)
mips-harvard-os161-gcc -O2 -Wall -W -Wwrite-strings -Wmissing-prototypes  -std=gnu99 -mno-abicalls -fno-pic -nostdinc  -I../../../build/install/include -M cat.c | awk '{x=$0~"^ ";for(i=1;i<=NF;i++){printf "%d %s\n",x,$i;x=1; }}'| sed '/1 \\/d' | awk '{ printf "%s%s", $1?" \\\n ":"\n", $2 }' | sed 's|../../../build/install|$(INSTALLTOP)|;$p;$x' | sed 's|^\([^ ]\)|$(MYBUILDDIR)/\1|' > .deptmp
mv -f .deptmp .depend
(cd cp && bmake depend)
mips-harvard-os161-gcc -O2 -Wall -W -Wwrite-strings -Wmissing-prototypes  -std=gnu99 -mno-abicalls -fno-pic -nostdinc  -I../../../build/install/include -M cp.c | awk '{x=$0~"^ ";for(i=1;i<=NF;i++){printf "%d %s\n",x,$i;x=1; }}'| sed '/1 \\/d' | awk '{ printf "%s%s", $1?" \\\n ":"\n", $2 }' | sed 's|../../../build/install|$(INSTALLTOP)|;$p;$x' | sed 's|^\([^ ]\)|$(MYBUILDDIR)/\1|' > .deptmp
mv -f .deptmp .depend
(cd ln && bmake depend)
mips-harvard-os161-gcc -O2 -Wall -W -Wwrite-strings -Wmissing-prototypes  -std=gnu99 -mno-abicalls -fno-pic -nostdinc  -I../../../build/install/include -M ln.c | awk '{x=$0~"^ ";for(i=1;i<=NF;i++){printf "%d %s\n",x,$i;x=1; }}'| sed '/1 \\/d' | awk '{ printf "%s%s", $1?" \\\n ":"\n", $2 }' | sed 's|../../../build/install|$(INSTALLTOP)|;$p;$x' | sed 's|^\([^ ]\)|$(MYBUILDDIR)/\1|' > .deptmp
mv -f .deptmp .depend
(cd mv && bmake depend)
mips-harvard-os161-gcc -O2 -Wall -W -Wwrite-strings -Wmissing-prototypes  -std=gnu99 -mno-abicalls -fno-pic -nostdinc  -I../../../build/install/include -M mv.c | awk '{x=$0~"^ ";for(i=1;i<=NF;i++){printf "%d %s\n",x,$i;x=1; }}'| sed '/1 \\/d' | awk '{ printf "%s%s", $1?" \\\n ":"\n", $2 }' | sed 's|../../../build/install|$(INSTALLTOP)|;$p;$x' | sed 's|^\([^ ]\)|$(MYBUILDDIR)/\1|' > .deptmp
mv -f .deptmp .depend
(cd rm && bmake depend)
mips-harvard-os161-gcc -O2 -Wall -W -Wwrite-strings -Wmissing-prototypes  -std=gnu99 -mno-abicalls -fno-pic -nostdinc  -I../../../build/install/include -M rm.c | awk '{x=$0~"^ ";for(i=1;i<=NF;i++){printf "%d %s\n",x,$i;x=1; }}'| sed '/1 \\/d' | awk '{ printf "%s%s", $1?" \\\n ":"\n", $2 }' | sed 's|../../../build/install|$(INSTALLTOP)|;$p;$x' | sed 's|^\([^ ]\)|$(MYBUILDDIR)/\1|' > .deptmp
mv -f .deptmp .depend
(cd ls && bmake depend)
mips-harvard-os161-gcc -O2 -Wall -W -Wwrite-strings -Wmissing-prototypes  -std=gnu99 -mno-abicalls -fno-pic -nostdinc  -I../../../build/install/include -M ls.c | awk '{x=$0~"^ ";for(i=1;i<=NF;i++){printf "%d %s\n",x,$i;x=1; }}'| sed '/1 \\/d' | awk '{ printf "%s%s", $1?" \\\n ":"\n", $2 }' | sed 's|../../../build/install|$(INSTALLTOP)|;$p;$x' | sed 's|^\([^ ]\)|$(MYBUILDDIR)/\1|' > .deptmp
mv -f .deptmp .depend
(cd sh && bmake depend)
mips-harvard-os161-gcc -O2 -Wall -W -Wwrite-strings -Wmissing-prototypes  -std=gnu99 -mno-abicalls -fno-pic -nostdinc  -I../../../build/install/include -M sh.c | awk '{x=$0~"^ ";for(i=1;i<=NF;i++){printf "%d %s\n",x,$i;x=1; }}'| sed '/1 \\/d' | awk '{ printf "%s%s", $1?" \\\n ":"\n", $2 }' | sed 's|../../../build/install|$(INSTALLTOP)|;$p;$x' | sed 's|^\([^ ]\)|$(MYBUILDDIR)/\1|' > .deptmp
mv -f .deptmp .depend
(cd sbin && bmake depend)
(cd reboot && bmake depend)
mips-harvard-os161-gcc -O2 -Wall -W -Wwrite-strings -Wmissing-prototypes  -std=gnu99 -mno-abicalls -fno-pic -nostdinc  -I../../../build/install/include -M reboot.c | awk '{x=$0~"^ ";for(i=1;i<=NF;i++){printf "%d %s\n",x,$i;x=1; }}'| sed '/1 \\/d' | awk '{ printf "%s%s", $1?" \\\n ":"\n", $2 }' | sed 's|../../../build/install|$(INSTALLTOP)|;$p;$x' | sed 's|^\([^ ]\)|$(MYBUILDDIR)/\1|' > .deptmp
mv -f .deptmp .depend
(cd halt && bmake depend)
mips-harvard-os161-gcc -O2 -Wall -W -Wwrite-strings -Wmissing-prototypes  -std=gnu99 -mno-abicalls -fno-pic -nostdinc  -I../../../build/install/include -M halt.c | awk '{x=$0~"^ ";for(i=1;i<=NF;i++){printf "%d %s\n",x,$i;x=1; }}'| sed '/1 \\/d' | awk '{ printf "%s%s", $1?" \\\n ":"\n", $2 }' | sed 's|../../../build/install|$(INSTALLTOP)|;$p;$x' | sed 's|^\([^ ]\)|$(MYBUILDDIR)/\1|' > .deptmp
mv -f .deptmp .depend
(cd poweroff && bmake depend)
mips-harvard-os161-gcc -O2 -Wall -W -Wwrite-strings -Wmissing-prototypes  -std=gnu99 -mno-abicalls -fno-pic -nostdinc  -I../../../build/install/include -M poweroff.c | awk '{x=$0~"^ ";for(i=1;i<=NF;i++){printf "%d %s\n",x,$i;x=1; }}'| sed '/1 \\/d' | awk '{ printf "%s%s", $1?" \\\n ":"\n", $2 }' | sed 's|../../../build/install|$(INSTALLTOP)|;$p;$x' | sed 's|^\([^ ]\)|$(MYBUILDDIR)/\1|' > .deptmp
mv -f .deptmp .depend
(cd mksfs && bmake depend)
mips-harvard-os161-gcc -O2 -Wall -W -Wwrite-strings -Wmissing-prototypes  -std=gnu99 -mno-abicalls -fno-pic -nostdinc  -I../../../build/install/include -M mksfs.c disk.c support.c | awk '{x=$0~"^ ";for(i=1;i<=NF;i++){printf "%d %s\n",x,$i;x=1; }}'| sed '/1 \\/d' | awk '{ printf "%s%s", $1?" \\\n ":"\n", $2 }' | sed 's|../../../build/install|$(INSTALLTOP)|;$p;$x' | sed 's|^\([^ ]\)|$(MYBUILDDIR)/\1|' > .deptmp
mv -f .deptmp .depend
gcc -O2 -Wall -W -Wwrite-strings -Wmissing-prototypes   -I../../../build/install/hostinclude -DHOST -MM mksfs.c disk.c support.c | awk '{x=$0~"^ ";for(i=1;i<=NF;i++){printf "%d %s\n",x,$i;x=1; }}'| sed '/1 \\/d' | awk '{ printf "%s%s", $1?" \\\n ":"\n", $2 }' | sed 's/\.o/\.ho/' | sed 's|../../../build/install|$(INSTALLTOP)|;$p;$x' | sed 's|^\([^ ]\)|$(MYBUILDDIR)/\1|' > .deptmp
mv -f .deptmp .depend
(cd dumpsfs && bmake depend)
mips-harvard-os161-gcc -O2 -Wall -W -Wwrite-strings -Wmissing-prototypes  -std=gnu99 -mno-abicalls -fno-pic -nostdinc -I../mksfs  -I../../../build/install/include -M dumpsfs.c ../mksfs/disk.c ../mksfs/support.c | awk '{x=$0~"^ ";for(i=1;i<=NF;i++){printf "%d %s\n",x,$i;x=1; }}'| sed '/1 \\/d' | awk '{ printf "%s%s", $1?" \\\n ":"\n", $2 }' | sed 's|../../../build/install|$(INSTALLTOP)|;$p;$x' | sed 's|^\([^ ]\)|$(MYBUILDDIR)/\1|' > .deptmp
mv -f .deptmp .depend
gcc -O2 -Wall -W -Wwrite-strings -Wmissing-prototypes   -I../../../build/install/hostinclude -I../mksfs -DHOST -MM dumpsfs.c ../mksfs/disk.c ../mksfs/support.c | awk '{x=$0~"^ ";for(i=1;i<=NF;i++){printf "%d %s\n",x,$i;x=1; }}'| sed '/1 \\/d' | awk '{ printf "%s%s", $1?" \\\n ":"\n", $2 }' | sed 's/\.o/\.ho/' | sed 's|../../../build/install|$(INSTALLTOP)|;$p;$x' | sed 's|^\([^ ]\)|$(MYBUILDDIR)/\1|' > .deptmp
mv -f .deptmp .depend
(cd sfsck && bmake depend)
mips-harvard-os161-gcc -O2 -Wall -W -Wwrite-strings -Wmissing-prototypes  -std=gnu99 -mno-abicalls -fno-pic -nostdinc -I../mksfs  -I../../../build/install/include -M sfsck.c ../mksfs/disk.c ../mksfs/support.c | awk '{x=$0~"^ ";for(i=1;i<=NF;i++){printf "%d %s\n",x,$i;x=1; }}'| sed '/1 \\/d' | awk '{ printf "%s%s", $1?" \\\n ":"\n", $2 }' | sed 's|../../../build/install|$(INSTALLTOP)|;$p;$x' | sed 's|^\([^ ]\)|$(MYBUILDDIR)/\1|' > .deptmp
mv -f .deptmp .depend
gcc -O2 -Wall -W -Wwrite-strings -Wmissing-prototypes   -I../../../build/install/hostinclude -I../mksfs -DHOST -MM sfsck.c ../mksfs/disk.c ../mksfs/support.c | awk '{x=$0~"^ ";for(i=1;i<=NF;i++){printf "%d %s\n",x,$i;x=1; }}'| sed '/1 \\/d' | awk '{ printf "%s%s", $1?" \\\n ":"\n", $2 }' | sed 's/\.o/\.ho/' | sed 's|../../../build/install|$(INSTALLTOP)|;$p;$x' | sed 's|^\([^ ]\)|$(MYBUILDDIR)/\1|' > .deptmp
mv -f .deptmp .depend
(cd testbin && bmake depend)
(cd add && bmake depend)
mips-harvard-os161-gcc -O2 -Wall -W -Wwrite-strings -Wmissing-prototypes  -std=gnu99 -mno-abicalls -fno-pic -nostdinc  -I../../../build/install/include -M add.c | awk '{x=$0~"^ ";for(i=1;i<=NF;i++){printf "%d %s\n",x,$i;x=1; }}'| sed '/1 \\/d' | awk '{ printf "%s%s", $1?" \\\n ":"\n", $2 }' | sed 's|../../../build/install|$(INSTALLTOP)|;$p;$x' | sed 's|^\([^ ]\)|$(MYBUILDDIR)/\1|' > .deptmp
mv -f .deptmp .depend
(cd argtest && bmake depend)
mips-harvard-os161-gcc -O2 -Wall -W -Wwrite-strings -Wmissing-prototypes  -std=gnu99 -mno-abicalls -fno-pic -nostdinc  -I../../../build/install/include -M argtest.c | awk '{x=$0~"^ ";for(i=1;i<=NF;i++){printf "%d %s\n",x,$i;x=1; }}'| sed '/1 \\/d' | awk '{ printf "%s%s", $1?" \\\n ":"\n", $2 }' | sed 's|../../../build/install|$(INSTALLTOP)|;$p;$x' | sed 's|^\([^ ]\)|$(MYBUILDDIR)/\1|' > .deptmp
mv -f .deptmp .depend
(cd badcall && bmake depend)
mips-harvard-os161-gcc -O2 -Wall -W -Wwrite-strings -Wmissing-prototypes  -std=gnu99 -mno-abicalls -fno-pic -nostdinc  -I../../../build/install/include -M bad_execv.c  bad_waitpid.c  bad_open.c  bad_read.c  bad_write.c  bad_close.c  bad_reboot.c  bad_sbrk.c  bad_ioctl.c  bad_lseek.c  bad_fsync.c  bad_ftruncate.c  bad_stat.c  bad_remove.c  bad_rename.c  bad_link.c  bad_mkdir.c  bad_rmdir.c  bad_chdir.c  bad_getdirentry.c  bad_symlink.c  bad_readlink.c  bad_dup2.c  bad_pipe.c  bad_time.c  bad_getcwd.c  common_buf.c  common_fds.c  common_path.c  driver.c | awk '{x=$0~"^ ";for(i=1;i<=NF;i++){printf "%d %s\n",x,$i;x=1; }}'| sed '/1 \\/d' | awk '{ printf "%s%s", $1?" \\\n ":"\n", $2 }' | sed 's|../../../build/install|$(INSTALLTOP)|;$p;$x' | sed 's|^\([^ ]\)|$(MYBUILDDIR)/\1|' > .deptmp
mv -f .deptmp .depend
(cd bigfile && bmake depend)
mips-harvard-os161-gcc -O2 -Wall -W -Wwrite-strings -Wmissing-prototypes  -std=gnu99 -mno-abicalls -fno-pic -nostdinc  -I../../../build/install/include -M bigfile.c | awk '{x=$0~"^ ";for(i=1;i<=NF;i++){printf "%d %s\n",x,$i;x=1; }}'| sed '/1 \\/d' | awk '{ printf "%s%s", $1?" \\\n ":"\n", $2 }' | sed 's|../../../build/install|$(INSTALLTOP)|;$p;$x' | sed 's|^\([^ ]\)|$(MYBUILDDIR)/\1|' > .deptmp
mv -f .deptmp .depend
(cd conman && bmake depend)
mips-harvard-os161-gcc -O2 -Wall -W -Wwrite-strings -Wmissing-prototypes  -std=gnu99 -mno-abicalls -fno-pic -nostdinc  -I../../../build/install/include -M conman.c | awk '{x=$0~"^ ";for(i=1;i<=NF;i++){printf "%d %s\n",x,$i;x=1; }}'| sed '/1 \\/d' | awk '{ printf "%s%s", $1?" \\\n ":"\n", $2 }' | sed 's|../../../build/install|$(INSTALLTOP)|;$p;$x' | sed 's|^\([^ ]\)|$(MYBUILDDIR)/\1|' > .deptmp
mv -f .deptmp .depend
(cd crash && bmake depend)
mips-harvard-os161-gcc -O2 -Wall -W -Wwrite-strings -Wmissing-prototypes  -std=gnu99 -mno-abicalls -fno-pic -nostdinc  -I../../../build/install/include -M crash.c | awk '{x=$0~"^ ";for(i=1;i<=NF;i++){printf "%d %s\n",x,$i;x=1; }}'| sed '/1 \\/d' | awk '{ printf "%s%s", $1?" \\\n ":"\n", $2 }' | sed 's|../../../build/install|$(INSTALLTOP)|;$p;$x' | sed 's|^\([^ ]\)|$(MYBUILDDIR)/\1|' > .deptmp
mv -f .deptmp .depend
(cd ctest && bmake depend)
mips-harvard-os161-gcc -O2 -Wall -W -Wwrite-strings -Wmissing-prototypes  -std=gnu99 -mno-abicalls -fno-pic -nostdinc  -I../../../build/install/include -M ctest.c | awk '{x=$0~"^ ";for(i=1;i<=NF;i++){printf "%d %s\n",x,$i;x=1; }}'| sed '/1 \\/d' | awk '{ printf "%s%s", $1?" \\\n ":"\n", $2 }' | sed 's|../../../build/install|$(INSTALLTOP)|;$p;$x' | sed 's|^\([^ ]\)|$(MYBUILDDIR)/\1|' > .deptmp
mv -f .deptmp .depend
(cd dirconc && bmake depend)
mips-harvard-os161-gcc -O2 -Wall -W -Wwrite-strings -Wmissing-prototypes  -std=gnu99 -mno-abicalls -fno-pic -nostdinc  -I../../../build/install/include -M dirconc.c | awk '{x=$0~"^ ";for(i=1;i<=NF;i++){printf "%d %s\n",x,$i;x=1; }}'| sed '/1 \\/d' | awk '{ printf "%s%s", $1?" \\\n ":"\n", $2 }' | sed 's|../../../build/install|$(INSTALLTOP)|;$p;$x' | sed 's|^\([^ ]\)|$(MYBUILDDIR)/\1|' > .deptmp
mv -f .deptmp .depend
(cd dirseek && bmake depend)
mips-harvard-os161-gcc -O2 -Wall -W -Wwrite-strings -Wmissing-prototypes  -std=gnu99 -mno-abicalls -fno-pic -nostdinc  -I../../../build/install/include -M dirseek.c | awk '{x=$0~"^ ";for(i=1;i<=NF;i++){printf "%d %s\n",x,$i;x=1; }}'| sed '/1 \\/d' | awk '{ printf "%s%s", $1?" \\\n ":"\n", $2 }' | sed 's|../../../build/install|$(INSTALLTOP)|;$p;$x' | sed 's|^\([^ ]\)|$(MYBUILDDIR)/\1|' > .deptmp
mv -f .deptmp .depend
(cd dirtest && bmake depend)
mips-harvard-os161-gcc -O2 -Wall -W -Wwrite-strings -Wmissing-prototypes  -std=gnu99 -mno-abicalls -fno-pic -nostdinc  -I../../../build/install/include -M dirtest.c | awk '{x=$0~"^ ";for(i=1;i<=NF;i++){printf "%d %s\n",x,$i;x=1; }}'| sed '/1 \\/d' | awk '{ printf "%s%s", $1?" \\\n ":"\n", $2 }' | sed 's|../../../build/install|$(INSTALLTOP)|;$p;$x' | sed 's|^\([^ ]\)|$(MYBUILDDIR)/\1|' > .deptmp
mv -f .deptmp .depend
(cd f_test && bmake depend)
mips-harvard-os161-gcc -O2 -Wall -W -Wwrite-strings -Wmissing-prototypes  -std=gnu99 -mno-abicalls -fno-pic -nostdinc  -I../../../build/install/include -M f_test.c f_read.c f_write.c | awk '{x=$0~"^ ";for(i=1;i<=NF;i++){printf "%d %s\n",x,$i;x=1; }}'| sed '/1 \\/d' | awk '{ printf "%s%s", $1?" \\\n ":"\n", $2 }' | sed 's|../../../build/install|$(INSTALLTOP)|;$p;$x' | sed 's|^\([^ ]\)|$(MYBUILDDIR)/\1|' > .deptmp
mv -f .deptmp .depend
(cd farm && bmake depend)
mips-harvard-os161-gcc -O2 -Wall -W -Wwrite-strings -Wmissing-prototypes  -std=gnu99 -mno-abicalls -fno-pic -nostdinc  -I../../../build/install/include -M farm.c | awk '{x=$0~"^ ";for(i=1;i<=NF;i++){printf "%d %s\n",x,$i;x=1; }}'| sed '/1 \\/d' | awk '{ printf "%s%s", $1?" \\\n ":"\n", $2 }' | sed 's|../../../build/install|$(INSTALLTOP)|;$p;$x' | sed 's|^\([^ ]\)|$(MYBUILDDIR)/\1|' > .deptmp
mv -f .deptmp .depend
(cd faulter && bmake depend)
mips-harvard-os161-gcc -O2 -Wall -W -Wwrite-strings -Wmissing-prototypes  -std=gnu99 -mno-abicalls -fno-pic -nostdinc  -I../../../build/install/include -M faulter.c | awk '{x=$0~"^ ";for(i=1;i<=NF;i++){printf "%d %s\n",x,$i;x=1; }}'| sed '/1 \\/d' | awk '{ printf "%s%s", $1?" \\\n ":"\n", $2 }' | sed 's|../../../build/install|$(INSTALLTOP)|;$p;$x' | sed 's|^\([^ ]\)|$(MYBUILDDIR)/\1|' > .deptmp
mv -f .deptmp .depend
(cd filetest && bmake depend)
mips-harvard-os161-gcc -O2 -Wall -W -Wwrite-strings -Wmissing-prototypes  -std=gnu99 -mno-abicalls -fno-pic -nostdinc  -I../../../build/install/include -M filetest.c | awk '{x=$0~"^ ";for(i=1;i<=NF;i++){printf "%d %s\n",x,$i;x=1; }}'| sed '/1 \\/d' | awk '{ printf "%s%s", $1?" \\\n ":"\n", $2 }' | sed 's|../../../build/install|$(INSTALLTOP)|;$p;$x' | sed 's|^\([^ ]\)|$(MYBUILDDIR)/\1|' > .deptmp
mv -f .deptmp .depend
(cd forkbomb && bmake depend)
mips-harvard-os161-gcc -O2 -Wall -W -Wwrite-strings -Wmissing-prototypes  -std=gnu99 -mno-abicalls -fno-pic -nostdinc  -I../../../build/install/include -M forkbomb.c | awk '{x=$0~"^ ";for(i=1;i<=NF;i++){printf "%d %s\n",x,$i;x=1; }}'| sed '/1 \\/d' | awk '{ printf "%s%s", $1?" \\\n ":"\n", $2 }' | sed 's|../../../build/install|$(INSTALLTOP)|;$p;$x' | sed 's|^\([^ ]\)|$(MYBUILDDIR)/\1|' > .deptmp
mv -f .deptmp .depend
(cd forktest && bmake depend)
mips-harvard-os161-gcc -O2 -Wall -W -Wwrite-strings -Wmissing-prototypes  -std=gnu99 -mno-abicalls -fno-pic -nostdinc  -I../../../build/install/include -M forktest.c | awk '{x=$0~"^ ";for(i=1;i<=NF;i++){printf "%d %s\n",x,$i;x=1; }}'| sed '/1 \\/d' | awk '{ printf "%s%s", $1?" \\\n ":"\n", $2 }' | sed 's|../../../build/install|$(INSTALLTOP)|;$p;$x' | sed 's|^\([^ ]\)|$(MYBUILDDIR)/\1|' > .deptmp
mv -f .deptmp .depend
(cd guzzle && bmake depend)
mips-harvard-os161-gcc -O2 -Wall -W -Wwrite-strings -Wmissing-prototypes  -std=gnu99 -mno-abicalls -fno-pic -nostdinc  -I../../../build/install/include -M guzzle.c | awk '{x=$0~"^ ";for(i=1;i<=NF;i++){printf "%d %s\n",x,$i;x=1; }}'| sed '/1 \\/d' | awk '{ printf "%s%s", $1?" \\\n ":"\n", $2 }' | sed 's|../../../build/install|$(INSTALLTOP)|;$p;$x' | sed 's|^\([^ ]\)|$(MYBUILDDIR)/\1|' > .deptmp
mv -f .deptmp .depend
(cd hash && bmake depend)
mips-harvard-os161-gcc -O2 -Wall -W -Wwrite-strings -Wmissing-prototypes  -std=gnu99 -mno-abicalls -fno-pic -nostdinc  -I../../../build/install/include -M hash.c | awk '{x=$0~"^ ";for(i=1;i<=NF;i++){printf "%d %s\n",x,$i;x=1; }}'| sed '/1 \\/d' | awk '{ printf "%s%s", $1?" \\\n ":"\n", $2 }' | sed 's|../../../build/install|$(INSTALLTOP)|;$p;$x' | sed 's|^\([^ ]\)|$(MYBUILDDIR)/\1|' > .deptmp
mv -f .deptmp .depend
gcc -O2 -Wall -W -Wwrite-strings -Wmissing-prototypes   -I../../../build/install/hostinclude -DHOST -MM hash.c | awk '{x=$0~"^ ";for(i=1;i<=NF;i++){printf "%d %s\n",x,$i;x=1; }}'| sed '/1 \\/d' | awk '{ printf "%s%s", $1?" \\\n ":"\n", $2 }' | sed 's/\.o/\.ho/' | sed 's|../../../build/install|$(INSTALLTOP)|;$p;$x' | sed 's|^\([^ ]\)|$(MYBUILDDIR)/\1|' > .deptmp
mv -f .deptmp .depend
(cd hog && bmake depend)
mips-harvard-os161-gcc -O2 -Wall -W -Wwrite-strings -Wmissing-prototypes  -std=gnu99 -mno-abicalls -fno-pic -nostdinc  -I../../../build/install/include -M hog.c | awk '{x=$0~"^ ";for(i=1;i<=NF;i++){printf "%d %s\n",x,$i;x=1; }}'| sed '/1 \\/d' | awk '{ printf "%s%s", $1?" \\\n ":"\n", $2 }' | sed 's|../../../build/install|$(INSTALLTOP)|;$p;$x' | sed 's|^\([^ ]\)|$(MYBUILDDIR)/\1|' > .deptmp
mv -f .deptmp .depend
(cd huge && bmake depend)
mips-harvard-os161-gcc -O2 -Wall -W -Wwrite-strings -Wmissing-prototypes  -std=gnu99 -mno-abicalls -fno-pic -nostdinc  -I../../../build/install/include -M huge.c | awk '{x=$0~"^ ";for(i=1;i<=NF;i++){printf "%d %s\n",x,$i;x=1; }}'| sed '/1 \\/d' | awk '{ printf "%s%s", $1?" \\\n ":"\n", $2 }' | sed 's|../../../build/install|$(INSTALLTOP)|;$p;$x' | sed 's|^\([^ ]\)|$(MYBUILDDIR)/\1|' > .deptmp
mv -f .deptmp .depend
(cd kitchen && bmake depend)
mips-harvard-os161-gcc -O2 -Wall -W -Wwrite-strings -Wmissing-prototypes  -std=gnu99 -mno-abicalls -fno-pic -nostdinc  -I../../../build/install/include -M kitchen.c | awk '{x=$0~"^ ";for(i=1;i<=NF;i++){printf "%d %s\n",x,$i;x=1; }}'| sed '/1 \\/d' | awk '{ printf "%s%s", $1?" \\\n ":"\n", $2 }' | sed 's|../../../build/install|$(INSTALLTOP)|;$p;$x' | sed 's|^\([^ ]\)|$(MYBUILDDIR)/\1|' > .deptmp
mv -f .deptmp .depend
(cd malloctest && bmake depend)
mips-harvard-os161-gcc -O2 -Wall -W -Wwrite-strings -Wmissing-prototypes  -std=gnu99 -mno-abicalls -fno-pic -nostdinc  -I../../../build/install/include -M malloctest.c | awk '{x=$0~"^ ";for(i=1;i<=NF;i++){printf "%d %s\n",x,$i;x=1; }}'| sed '/1 \\/d' | awk '{ printf "%s%s", $1?" \\\n ":"\n", $2 }' | sed 's|../../../build/install|$(INSTALLTOP)|;$p;$x' | sed 's|^\([^ ]\)|$(MYBUILDDIR)/\1|' > .deptmp
mv -f .deptmp .depend
(cd matmult && bmake depend)
mips-harvard-os161-gcc -O2 -Wall -W -Wwrite-strings -Wmissing-prototypes  -std=gnu99 -mno-abicalls -fno-pic -nostdinc  -I../../../build/install/include -M matmult.c | awk '{x=$0~"^ ";for(i=1;i<=NF;i++){printf "%d %s\n",x,$i;x=1; }}'| sed '/1 \\/d' | awk '{ printf "%s%s", $1?" \\\n ":"\n", $2 }' | sed 's|../../../build/install|$(INSTALLTOP)|;$p;$x' | sed 's|^\([^ ]\)|$(MYBUILDDIR)/\1|' > .deptmp
mv -f .deptmp .depend
(cd palin && bmake depend)
mips-harvard-os161-gcc -O2 -Wall -W -Wwrite-strings -Wmissing-prototypes  -std=gnu99 -mno-abicalls -fno-pic -nostdinc  -I../../../build/install/include -M palin.c | awk '{x=$0~"^ ";for(i=1;i<=NF;i++){printf "%d %s\n",x,$i;x=1; }}'| sed '/1 \\/d' | awk '{ printf "%s%s", $1?" \\\n ":"\n", $2 }' | sed 's|../../../build/install|$(INSTALLTOP)|;$p;$x' | sed 's|^\([^ ]\)|$(MYBUILDDIR)/\1|' > .deptmp
mv -f .deptmp .depend
(cd parallelvm && bmake depend)
mips-harvard-os161-gcc -O2 -Wall -W -Wwrite-strings -Wmissing-prototypes  -std=gnu99 -mno-abicalls -fno-pic -nostdinc  -I../../../build/install/include -M parallelvm.c | awk '{x=$0~"^ ";for(i=1;i<=NF;i++){printf "%d %s\n",x,$i;x=1; }}'| sed '/1 \\/d' | awk '{ printf "%s%s", $1?" \\\n ":"\n", $2 }' | sed 's|../../../build/install|$(INSTALLTOP)|;$p;$x' | sed 's|^\([^ ]\)|$(MYBUILDDIR)/\1|' > .deptmp
mv -f .deptmp .depend
(cd psort && bmake depend)
mips-harvard-os161-gcc -O2 -Wall -W -Wwrite-strings -Wmissing-prototypes  -std=gnu99 -mno-abicalls -fno-pic -nostdinc  -I../../../build/install/include -M psort.c | awk '{x=$0~"^ ";for(i=1;i<=NF;i++){printf "%d %s\n",x,$i;x=1; }}'| sed '/1 \\/d' | awk '{ printf "%s%s", $1?" \\\n ":"\n", $2 }' | sed 's|../../../build/install|$(INSTALLTOP)|;$p;$x' | sed 's|^\([^ ]\)|$(MYBUILDDIR)/\1|' > .deptmp
mv -f .deptmp .depend
gcc -O2 -Wall -W -Wwrite-strings -Wmissing-prototypes   -I../../../build/install/hostinclude -DHOST -MM psort.c | awk '{x=$0~"^ ";for(i=1;i<=NF;i++){printf "%d %s\n",x,$i;x=1; }}'| sed '/1 \\/d' | awk '{ printf "%s%s", $1?" \\\n ":"\n", $2 }' | sed 's/\.o/\.ho/' | sed 's|../../../build/install|$(INSTALLTOP)|;$p;$x' | sed 's|^\([^ ]\)|$(MYBUILDDIR)/\1|' > .deptmp
mv -f .deptmp .depend
(cd randcall && bmake depend)
mips-harvard-os161-gcc -O2 -Wall -W -Wwrite-strings -Wmissing-prototypes  -std=gnu99 -mno-abicalls -fno-pic -nostdinc  -I../../../build/install/include -M calls.c main.c | awk '{x=$0~"^ ";for(i=1;i<=NF;i++){printf "%d %s\n",x,$i;x=1; }}'| sed '/1 \\/d' | awk '{ printf "%s%s", $1?" \\\n ":"\n", $2 }' | sed 's|../../../build/install|$(INSTALLTOP)|;$p;$x' | sed 's|^\([^ ]\)|$(MYBUILDDIR)/\1|' > .deptmp
mv -f .deptmp .depend
bmake calls.c
`calls.c' is up to date.
(cd rmdirtest && bmake depend)
mips-harvard-os161-gcc -O2 -Wall -W -Wwrite-strings -Wmissing-prototypes  -std=gnu99 -mno-abicalls -fno-pic -nostdinc  -I../../../build/install/include -M rmdirtest.c | awk '{x=$0~"^ ";for(i=1;i<=NF;i++){printf "%d %s\n",x,$i;x=1; }}'| sed '/1 \\/d' | awk '{ printf "%s%s", $1?" \\\n ":"\n", $2 }' | sed 's|../../../build/install|$(INSTALLTOP)|;$p;$x' | sed 's|^\([^ ]\)|$(MYBUILDDIR)/\1|' > .deptmp
mv -f .deptmp .depend
(cd rmtest && bmake depend)
mips-harvard-os161-gcc -O2 -Wall -W -Wwrite-strings -Wmissing-prototypes  -std=gnu99 -mno-abicalls -fno-pic -nostdinc  -I../../../build/install/include -M rmtest.c | awk '{x=$0~"^ ";for(i=1;i<=NF;i++){printf "%d %s\n",x,$i;x=1; }}'| sed '/1 \\/d' | awk '{ printf "%s%s", $1?" \\\n ":"\n", $2 }' | sed 's|../../../build/install|$(INSTALLTOP)|;$p;$x' | sed 's|^\([^ ]\)|$(MYBUILDDIR)/\1|' > .deptmp
mv -f .deptmp .depend
(cd sink && bmake depend)
mips-harvard-os161-gcc -O2 -Wall -W -Wwrite-strings -Wmissing-prototypes  -std=gnu99 -mno-abicalls -fno-pic -nostdinc  -I../../../build/install/include -M sink.c | awk '{x=$0~"^ ";for(i=1;i<=NF;i++){printf "%d %s\n",x,$i;x=1; }}'| sed '/1 \\/d' | awk '{ printf "%s%s", $1?" \\\n ":"\n", $2 }' | sed 's|../../../build/install|$(INSTALLTOP)|;$p;$x' | sed 's|^\([^ ]\)|$(MYBUILDDIR)/\1|' > .deptmp
mv -f .deptmp .depend
(cd sort && bmake depend)
mips-harvard-os161-gcc -O2 -Wall -W -Wwrite-strings -Wmissing-prototypes  -std=gnu99 -mno-abicalls -fno-pic -nostdinc  -I../../../build/install/include -M sort.c | awk '{x=$0~"^ ";for(i=1;i<=NF;i++){printf "%d %s\n",x,$i;x=1; }}'| sed '/1 \\/d' | awk '{ printf "%s%s", $1?" \\\n ":"\n", $2 }' | sed 's|../../../build/install|$(INSTALLTOP)|;$p;$x' | sed 's|^\([^ ]\)|$(MYBUILDDIR)/\1|' > .deptmp
mv -f .deptmp .depend
(cd sty && bmake depend)
mips-harvard-os161-gcc -O2 -Wall -W -Wwrite-strings -Wmissing-prototypes  -std=gnu99 -mno-abicalls -fno-pic -nostdinc  -I../../../build/install/include -M sty.c | awk '{x=$0~"^ ";for(i=1;i<=NF;i++){printf "%d %s\n",x,$i;x=1; }}'| sed '/1 \\/d' | awk '{ printf "%s%s", $1?" \\\n ":"\n", $2 }' | sed 's|../../../build/install|$(INSTALLTOP)|;$p;$x' | sed 's|^\([^ ]\)|$(MYBUILDDIR)/\1|' > .deptmp
mv -f .deptmp .depend
(cd tail && bmake depend)
mips-harvard-os161-gcc -O2 -Wall -W -Wwrite-strings -Wmissing-prototypes  -std=gnu99 -mno-abicalls -fno-pic -nostdinc  -I../../../build/install/include -M tail.c | awk '{x=$0~"^ ";for(i=1;i<=NF;i++){printf "%d %s\n",x,$i;x=1; }}'| sed '/1 \\/d' | awk '{ printf "%s%s", $1?" \\\n ":"\n", $2 }' | sed 's|../../../build/install|$(INSTALLTOP)|;$p;$x' | sed 's|^\([^ ]\)|$(MYBUILDDIR)/\1|' > .deptmp
mv -f .deptmp .depend
(cd tictac && bmake depend)
mips-harvard-os161-gcc -O2 -Wall -W -Wwrite-strings -Wmissing-prototypes  -std=gnu99 -mno-abicalls -fno-pic -nostdinc  -I../../../build/install/include -M tictac.c | awk '{x=$0~"^ ";for(i=1;i<=NF;i++){printf "%d %s\n",x,$i;x=1; }}'| sed '/1 \\/d' | awk '{ printf "%s%s", $1?" \\\n ":"\n", $2 }' | sed 's|../../../build/install|$(INSTALLTOP)|;$p;$x' | sed 's|^\([^ ]\)|$(MYBUILDDIR)/\1|' > .deptmp
mv -f .deptmp .depend
(cd triplehuge && bmake depend)
mips-harvard-os161-gcc -O2 -Wall -W -Wwrite-strings -Wmissing-prototypes  -std=gnu99 -mno-abicalls -fno-pic -nostdinc  -I../../../build/install/include -M triplehuge.c triple.c | awk '{x=$0~"^ ";for(i=1;i<=NF;i++){printf "%d %s\n",x,$i;x=1; }}'| sed '/1 \\/d' | awk '{ printf "%s%s", $1?" \\\n ":"\n", $2 }' | sed 's|../../../build/install|$(INSTALLTOP)|;$p;$x' | sed 's|^\([^ ]\)|$(MYBUILDDIR)/\1|' > .deptmp
mv -f .deptmp .depend
(cd triplemat && bmake depend)
mips-harvard-os161-gcc -O2 -Wall -W -Wwrite-strings -Wmissing-prototypes  -std=gnu99 -mno-abicalls -fno-pic -nostdinc  -I../../../build/install/include -M triplemat.c ../triplehuge/triple.c | awk '{x=$0~"^ ";for(i=1;i<=NF;i++){printf "%d %s\n",x,$i;x=1; }}'| sed '/1 \\/d' | awk '{ printf "%s%s", $1?" \\\n ":"\n", $2 }' | sed 's|../../../build/install|$(INSTALLTOP)|;$p;$x' | sed 's|^\([^ ]\)|$(MYBUILDDIR)/\1|' > .deptmp
mv -f .deptmp .depend
(cd triplesort && bmake depend)
mips-harvard-os161-gcc -O2 -Wall -W -Wwrite-strings -Wmissing-prototypes  -std=gnu99 -mno-abicalls -fno-pic -nostdinc  -I../../../build/install/include -M triplesort.c ../triplehuge/triple.c | awk '{x=$0~"^ ";for(i=1;i<=NF;i++){printf "%d %s\n",x,$i;x=1; }}'| sed '/1 \\/d' | awk '{ printf "%s%s", $1?" \\\n ":"\n", $2 }' | sed 's|../../../build/install|$(INSTALLTOP)|;$p;$x' | sed 's|^\([^ ]\)|$(MYBUILDDIR)/\1|' > .deptmp
mv -f .deptmp .depend
(cd zero && bmake depend)
mips-harvard-os161-gcc -O2 -Wall -W -Wwrite-strings -Wmissing-prototypes  -std=gnu99 -mno-abicalls -fno-pic -nostdinc  -I../../../build/install/include -M zero.c | awk '{x=$0~"^ ";for(i=1;i<=NF;i++){printf "%d %s\n",x,$i;x=1; }}'| sed '/1 \\/d' | awk '{ printf "%s%s", $1?" \\\n ":"\n", $2 }' | sed 's|../../../build/install|$(INSTALLTOP)|;$p;$x' | sed 's|^\([^ ]\)|$(MYBUILDDIR)/\1|' > .deptmp
mv -f .deptmp .depend
(cd uw-testbin && bmake depend)
(cd lib && bmake depend)
mips-harvard-os161-gcc -O2 -Wall -W -Wwrite-strings -Wmissing-prototypes  -std=gnu99 -mno-abicalls -fno-pic -nostdinc  -I../../../build/install/include -M testutils.c | awk '{x=$0~"^ ";for(i=1;i<=NF;i++){printf "%d %s\n",x,$i;x=1; }}'| sed '/1 \\/d' | awk '{ printf "%s%s", $1?" \\\n ":"\n", $2 }' | sed 's|../../../build/install|$(INSTALLTOP)|;$p;$x' | sed 's|^\([^ ]\)|$(MYBUILDDIR)/\1|' > .deptmp
mv -f .deptmp .depend
(cd files1 && bmake depend)
mips-harvard-os161-gcc -O2 -Wall -W -Wwrite-strings -Wmissing-prototypes  -std=gnu99 -mno-abicalls -fno-pic -nostdinc  -I../../../build/install/include -M files1.c | awk '{x=$0~"^ ";for(i=1;i<=NF;i++){printf "%d %s\n",x,$i;x=1; }}'| sed '/1 \\/d' | awk '{ printf "%s%s", $1?" \\\n ":"\n", $2 }' | sed 's|../../../build/install|$(INSTALLTOP)|;$p;$x' | sed 's|^\([^ ]\)|$(MYBUILDDIR)/\1|' > .deptmp
mv -f .deptmp .depend
(cd files2 && bmake depend)
mips-harvard-os161-gcc -O2 -Wall -W -Wwrite-strings -Wmissing-prototypes  -std=gnu99 -mno-abicalls -fno-pic -nostdinc  -I../../../build/install/include -M files2.c | awk '{x=$0~"^ ";for(i=1;i<=NF;i++){printf "%d %s\n",x,$i;x=1; }}'| sed '/1 \\/d' | awk '{ printf "%s%s", $1?" \\\n ":"\n", $2 }' | sed 's|../../../build/install|$(INSTALLTOP)|;$p;$x' | sed 's|^\([^ ]\)|$(MYBUILDDIR)/\1|' > .deptmp
mv -f .deptmp .depend
(cd conc-io && bmake depend)
mips-harvard-os161-gcc -O2 -Wall -W -Wwrite-strings -Wmissing-prototypes  -std=gnu99 -mno-abicalls -fno-pic -nostdinc  -I../../../build/install/include -M conc-io.c | awk '{x=$0~"^ ";for(i=1;i<=NF;i++){printf "%d %s\n",x,$i;x=1; }}'| sed '/1 \\/d' | awk '{ printf "%s%s", $1?" \\\n ":"\n", $2 }' | sed 's|../../../build/install|$(INSTALLTOP)|;$p;$x' | sed 's|^\([^ ]\)|$(MYBUILDDIR)/\1|' > .deptmp
mv -f .deptmp .depend
(cd writeread && bmake depend)
mips-harvard-os161-gcc -O2 -Wall -W -Wwrite-strings -Wmissing-prototypes  -std=gnu99 -mno-abicalls -fno-pic -nostdinc  -I../../../build/install/include -M writeread.c | awk '{x=$0~"^ ";for(i=1;i<=NF;i++){printf "%d %s\n",x,$i;x=1; }}'| sed '/1 \\/d' | awk '{ printf "%s%s", $1?" \\\n ":"\n", $2 }' | sed 's|../../../build/install|$(INSTALLTOP)|;$p;$x' | sed 's|^\([^ ]\)|$(MYBUILDDIR)/\1|' > .deptmp
mv -f .deptmp .depend
(cd argtest && bmake depend)
mips-harvard-os161-gcc -O2 -Wall -W -Wwrite-strings -Wmissing-prototypes  -std=gnu99 -mno-abicalls -fno-pic -nostdinc  -I../../../build/install/include -M argtest.c | awk '{x=$0~"^ ";for(i=1;i<=NF;i++){printf "%d %s\n",x,$i;x=1; }}'| sed '/1 \\/d' | awk '{ printf "%s%s", $1?" \\\n ":"\n", $2 }' | sed 's|../../../build/install|$(INSTALLTOP)|;$p;$x' | sed 's|^\([^ ]\)|$(MYBUILDDIR)/\1|' > .deptmp
mv -f .deptmp .depend
(cd segments && bmake depend)
mips-harvard-os161-gcc -O2 -Wall -W -Wwrite-strings -Wmissing-prototypes  -std=gnu99 -mno-abicalls -fno-pic -nostdinc  -I../../../build/install/include -M segments.c | awk '{x=$0~"^ ";for(i=1;i<=NF;i++){printf "%d %s\n",x,$i;x=1; }}'| sed '/1 \\/d' | awk '{ printf "%s%s", $1?" \\\n ":"\n", $2 }' | sed 's|../../../build/install|$(INSTALLTOP)|;$p;$x' | sed 's|^\([^ ]\)|$(MYBUILDDIR)/\1|' > .deptmp
mv -f .deptmp .depend
(cd syscall && bmake depend)
mips-harvard-os161-gcc -O2 -Wall -W -Wwrite-strings -Wmissing-prototypes  -std=gnu99 -mno-abicalls -fno-pic -nostdinc  -I../../../build/install/include -M syscall.c | awk '{x=$0~"^ ";for(i=1;i<=NF;i++){printf "%d %s\n",x,$i;x=1; }}'| sed '/1 \\/d' | awk '{ printf "%s%s", $1?" \\\n ":"\n", $2 }' | sed 's|../../../build/install|$(INSTALLTOP)|;$p;$x' | sed 's|^\([^ ]\)|$(MYBUILDDIR)/\1|' > .deptmp
mv -f .deptmp .depend
(cd vm-funcs && bmake depend)
mips-harvard-os161-gcc -O2 -Wall -W -Wwrite-strings -Wmissing-prototypes  -std=gnu99 -mno-abicalls -fno-pic -nostdinc  -I../../../build/install/include -M vm-funcs.c | awk '{x=$0~"^ ";for(i=1;i<=NF;i++){printf "%d %s\n",x,$i;x=1; }}'| sed '/1 \\/d' | awk '{ printf "%s%s", $1?" \\\n ":"\n", $2 }' | sed 's|../../../build/install|$(INSTALLTOP)|;$p;$x' | sed 's|^\([^ ]\)|$(MYBUILDDIR)/\1|' > .deptmp
mv -f .deptmp .depend
(cd vm-crash1 && bmake depend)
mips-harvard-os161-gcc -O2 -Wall -W -Wwrite-strings -Wmissing-prototypes  -std=gnu99 -mno-abicalls -fno-pic -nostdinc  -I../../../build/install/include -M vm-crash1.c | awk '{x=$0~"^ ";for(i=1;i<=NF;i++){printf "%d %s\n",x,$i;x=1; }}'| sed '/1 \\/d' | awk '{ printf "%s%s", $1?" \\\n ":"\n", $2 }' | sed 's|../../../build/install|$(INSTALLTOP)|;$p;$x' | sed 's|^\([^ ]\)|$(MYBUILDDIR)/\1|' > .deptmp
mv -f .deptmp .depend
(cd vm-crash2 && bmake depend)
mips-harvard-os161-gcc -O2 -Wall -W -Wwrite-strings -Wmissing-prototypes  -std=gnu99 -mno-abicalls -fno-pic -nostdinc  -I../../../build/install/include -M vm-crash2.c | awk '{x=$0~"^ ";for(i=1;i<=NF;i++){printf "%d %s\n",x,$i;x=1; }}'| sed '/1 \\/d' | awk '{ printf "%s%s", $1?" \\\n ":"\n", $2 }' | sed 's|../../../build/install|$(INSTALLTOP)|;$p;$x' | sed 's|^\([^ ]\)|$(MYBUILDDIR)/\1|' > .deptmp
mv -f .deptmp .depend
(cd vm-crash3 && bmake depend)
mips-harvard-os161-gcc -O2 -Wall -W -Wwrite-strings -Wmissing-prototypes  -std=gnu99 -mno-abicalls -fno-pic -nostdinc  -I../../../build/install/include -M vm-crash3.c | awk '{x=$0~"^ ";for(i=1;i<=NF;i++){printf "%d %s\n",x,$i;x=1; }}'| sed '/1 \\/d' | awk '{ printf "%s%s", $1?" \\\n ":"\n", $2 }' | sed 's|../../../build/install|$(INSTALLTOP)|;$p;$x' | sed 's|^\([^ ]\)|$(MYBUILDDIR)/\1|' > .deptmp
mv -f .deptmp .depend
(cd vm-data1 && bmake depend)
mips-harvard-os161-gcc -O2 -Wall -W -Wwrite-strings -Wmissing-prototypes  -std=gnu99 -mno-abicalls -fno-pic -nostdinc  -I../../../build/install/include -M vm-data1.c | awk '{x=$0~"^ ";for(i=1;i<=NF;i++){printf "%d %s\n",x,$i;x=1; }}'| sed '/1 \\/d' | awk '{ printf "%s%s", $1?" \\\n ":"\n", $2 }' | sed 's|../../../build/install|$(INSTALLTOP)|;$p;$x' | sed 's|^\([^ ]\)|$(MYBUILDDIR)/\1|' > .deptmp
mv -f .deptmp .depend
(cd vm-data2 && bmake depend)
mips-harvard-os161-gcc -O2 -Wall -W -Wwrite-strings -Wmissing-prototypes  -std=gnu99 -mno-abicalls -fno-pic -nostdinc  -I../../../build/install/include -M vm-data2.c | awk '{x=$0~"^ ";for(i=1;i<=NF;i++){printf "%d %s\n",x,$i;x=1; }}'| sed '/1 \\/d' | awk '{ printf "%s%s", $1?" \\\n ":"\n", $2 }' | sed 's|../../../build/install|$(INSTALLTOP)|;$p;$x' | sed 's|^\([^ ]\)|$(MYBUILDDIR)/\1|' > .deptmp
mv -f .deptmp .depend
(cd vm-data3 && bmake depend)
mips-harvard-os161-gcc -O2 -Wall -W -Wwrite-strings -Wmissing-prototypes  -std=gnu99 -mno-abicalls -fno-pic -nostdinc  -I../../../build/install/include -M vm-data3.c | awk '{x=$0~"^ ";for(i=1;i<=NF;i++){printf "%d %s\n",x,$i;x=1; }}'| sed '/1 \\/d' | awk '{ printf "%s%s", $1?" \\\n ":"\n", $2 }' | sed 's|../../../build/install|$(INSTALLTOP)|;$p;$x' | sed 's|^\([^ ]\)|$(MYBUILDDIR)/\1|' > .deptmp
mv -f .deptmp .depend
(cd vm-stack1 && bmake depend)
mips-harvard-os161-gcc -O2 -Wall -W -Wwrite-strings -Wmissing-prototypes  -std=gnu99 -mno-abicalls -fno-pic -nostdinc  -I../../../build/install/include -M vm-stack1.c | awk '{x=$0~"^ ";for(i=1;i<=NF;i++){printf "%d %s\n",x,$i;x=1; }}'| sed '/1 \\/d' | awk '{ printf "%s%s", $1?" \\\n ":"\n", $2 }' | sed 's|../../../build/install|$(INSTALLTOP)|;$p;$x' | sed 's|^\([^ ]\)|$(MYBUILDDIR)/\1|' > .deptmp
mv -f .deptmp .depend
(cd vm-stack2 && bmake depend)
mips-harvard-os161-gcc -O2 -Wall -W -Wwrite-strings -Wmissing-prototypes  -std=gnu99 -mno-abicalls -fno-pic -nostdinc  -I../../../build/install/include -M vm-stack2.c | awk '{x=$0~"^ ";for(i=1;i<=NF;i++){printf "%d %s\n",x,$i;x=1; }}'| sed '/1 \\/d' | awk '{ printf "%s%s", $1?" \\\n ":"\n", $2 }' | sed 's|../../../build/install|$(INSTALLTOP)|;$p;$x' | sed 's|^\([^ ]\)|$(MYBUILDDIR)/\1|' > .deptmp
mv -f .deptmp .depend
(cd vm-stackgrow && bmake depend)
mips-harvard-os161-gcc -O2 -Wall -W -Wwrite-strings -Wmissing-prototypes  -std=gnu99 -mno-abicalls -fno-pic -nostdinc  -I../../../build/install/include -M vm-stackgrow.c | awk '{x=$0~"^ ";for(i=1;i<=NF;i++){printf "%d %s\n",x,$i;x=1; }}'| sed '/1 \\/d' | awk '{ printf "%s%s", $1?" \\\n ":"\n", $2 }' | sed 's|../../../build/install|$(INSTALLTOP)|;$p;$x' | sed 's|^\([^ ]\)|$(MYBUILDDIR)/\1|' > .deptmp
mv -f .deptmp .depend
(cd vm-mix1 && bmake depend)
mips-harvard-os161-gcc -O2 -Wall -W -Wwrite-strings -Wmissing-prototypes  -std=gnu99 -mno-abicalls -fno-pic -nostdinc  -I../../../build/install/include -M vm-mix1.c | awk '{x=$0~"^ ";for(i=1;i<=NF;i++){printf "%d %s\n",x,$i;x=1; }}'| sed '/1 \\/d' | awk '{ printf "%s%s", $1?" \\\n ":"\n", $2 }' | sed 's|../../../build/install|$(INSTALLTOP)|;$p;$x' | sed 's|^\([^ ]\)|$(MYBUILDDIR)/\1|' > .deptmp
mv -f .deptmp .depend
(cd vm-mix1-exec && bmake depend)
mips-harvard-os161-gcc -O2 -Wall -W -Wwrite-strings -Wmissing-prototypes  -std=gnu99 -mno-abicalls -fno-pic -nostdinc  -I../../../build/install/include -M vm-mix1-exec.c | awk '{x=$0~"^ ";for(i=1;i<=NF;i++){printf "%d %s\n",x,$i;x=1; }}'| sed '/1 \\/d' | awk '{ printf "%s%s", $1?" \\\n ":"\n", $2 }' | sed 's|../../../build/install|$(INSTALLTOP)|;$p;$x' | sed 's|^\([^ ]\)|$(MYBUILDDIR)/\1|' > .deptmp
mv -f .deptmp .depend
(cd vm-mix1-fork && bmake depend)
mips-harvard-os161-gcc -O2 -Wall -W -Wwrite-strings -Wmissing-prototypes  -std=gnu99 -mno-abicalls -fno-pic -nostdinc  -I../../../build/install/include -M vm-mix1-fork.c | awk '{x=$0~"^ ";for(i=1;i<=NF;i++){printf "%d %s\n",x,$i;x=1; }}'| sed '/1 \\/d' | awk '{ printf "%s%s", $1?" \\\n ":"\n", $2 }' | sed 's|../../../build/install|$(INSTALLTOP)|;$p;$x' | sed 's|^\([^ ]\)|$(MYBUILDDIR)/\1|' > .deptmp
mv -f .deptmp .depend
(cd vm-mix2 && bmake depend)
mips-harvard-os161-gcc -O2 -Wall -W -Wwrite-strings -Wmissing-prototypes  -std=gnu99 -mno-abicalls -fno-pic -nostdinc  -I../../../build/install/include -M vm-mix2.c | awk '{x=$0~"^ ";for(i=1;i<=NF;i++){printf "%d %s\n",x,$i;x=1; }}'| sed '/1 \\/d' | awk '{ printf "%s%s", $1?" \\\n ":"\n", $2 }' | sed 's|../../../build/install|$(INSTALLTOP)|;$p;$x' | sed 's|^\([^ ]\)|$(MYBUILDDIR)/\1|' > .deptmp
mv -f .deptmp .depend
(cd romemwrite && bmake depend)
mips-harvard-os161-gcc -O2 -Wall -W -Wwrite-strings -Wmissing-prototypes  -std=gnu99 -mno-abicalls -fno-pic -nostdinc  -I../../../build/install/include -M romemwrite.c | awk '{x=$0~"^ ";for(i=1;i<=NF;i++){printf "%d %s\n",x,$i;x=1; }}'| sed '/1 \\/d' | awk '{ printf "%s%s", $1?" \\\n ":"\n", $2 }' | sed 's|../../../build/install|$(INSTALLTOP)|;$p;$x' | sed 's|^\([^ ]\)|$(MYBUILDDIR)/\1|' > .deptmp
mv -f .deptmp .depend
(cd sparse && bmake depend)
mips-harvard-os161-gcc -O2 -Wall -W -Wwrite-strings -Wmissing-prototypes  -std=gnu99 -mno-abicalls -fno-pic -nostdinc  -I../../../build/install/include -M sparse.c | awk '{x=$0~"^ ";for(i=1;i<=NF;i++){printf "%d %s\n",x,$i;x=1; }}'| sed '/1 \\/d' | awk '{ printf "%s%s", $1?" \\\n ":"\n", $2 }' | sed 's|../../../build/install|$(INSTALLTOP)|;$p;$x' | sed 's|^\([^ ]\)|$(MYBUILDDIR)/\1|' > .deptmp
mv -f .deptmp .depend
(cd exec-sparse && bmake depend)
mips-harvard-os161-gcc -O2 -Wall -W -Wwrite-strings -Wmissing-prototypes  -std=gnu99 -mno-abicalls -fno-pic -nostdinc  -I../../../build/install/include -M exec-sparse.c | awk '{x=$0~"^ ";for(i=1;i<=NF;i++){printf "%d %s\n",x,$i;x=1; }}'| sed '/1 \\/d' | awk '{ printf "%s%s", $1?" \\\n ":"\n", $2 }' | sed 's|../../../build/install|$(INSTALLTOP)|;$p;$x' | sed 's|^\([^ ]\)|$(MYBUILDDIR)/\1|' > .deptmp
mv -f .deptmp .depend
(cd tlbfaulter && bmake depend)
mips-harvard-os161-gcc -O2 -Wall -W -Wwrite-strings -Wmissing-prototypes  -std=gnu99 -mno-abicalls -fno-pic -nostdinc  -I../../../build/install/include -M tlbfaulter.c | awk '{x=$0~"^ ";for(i=1;i<=NF;i++){printf "%d %s\n",x,$i;x=1; }}'| sed '/1 \\/d' | awk '{ printf "%s%s", $1?" \\\n ":"\n", $2 }' | sed 's|../../../build/install|$(INSTALLTOP)|;$p;$x' | sed 's|^\([^ ]\)|$(MYBUILDDIR)/\1|' > .deptmp
mv -f .deptmp .depend
(cd onefork && bmake depend)
mips-harvard-os161-gcc -O2 -Wall -W -Wwrite-strings -Wmissing-prototypes  -std=gnu99 -mno-abicalls -fno-pic -nostdinc  -I../../../build/install/include -M onefork.c | awk '{x=$0~"^ ";for(i=1;i<=NF;i++){printf "%d %s\n",x,$i;x=1; }}'| sed '/1 \\/d' | awk '{ printf "%s%s", $1?" \\\n ":"\n", $2 }' | sed 's|../../../build/install|$(INSTALLTOP)|;$p;$x' | sed 's|^\([^ ]\)|$(MYBUILDDIR)/\1|' > .deptmp
mv -f .deptmp .depend
(cd widefork && bmake depend)
mips-harvard-os161-gcc -O2 -Wall -W -Wwrite-strings -Wmissing-prototypes  -std=gnu99 -mno-abicalls -fno-pic -nostdinc  -I../../../build/install/include -M widefork.c | awk '{x=$0~"^ ";for(i=1;i<=NF;i++){printf "%d %s\n",x,$i;x=1; }}'| sed '/1 \\/d' | awk '{ printf "%s%s", $1?" \\\n ":"\n", $2 }' | sed 's|../../../build/install|$(INSTALLTOP)|;$p;$x' | sed 's|^\([^ ]\)|$(MYBUILDDIR)/\1|' > .deptmp
mv -f .deptmp .depend
(cd pidcheck && bmake depend)
mips-harvard-os161-gcc -O2 -Wall -W -Wwrite-strings -Wmissing-prototypes  -std=gnu99 -mno-abicalls -fno-pic -nostdinc  -I../../../build/install/include -M pidcheck.c | awk '{x=$0~"^ ";for(i=1;i<=NF;i++){printf "%d %s\n",x,$i;x=1; }}'| sed '/1 \\/d' | awk '{ printf "%s%s", $1?" \\\n ":"\n", $2 }' | sed 's|../../../build/install|$(INSTALLTOP)|;$p;$x' | sed 's|^\([^ ]\)|$(MYBUILDDIR)/\1|' > .deptmp
mv -f .deptmp .depend
(cd xhog && bmake depend)
mips-harvard-os161-gcc -O2 -Wall -W -Wwrite-strings -Wmissing-prototypes  -std=gnu99 -mno-abicalls -fno-pic -nostdinc  -I../../../build/install/include -M xhog.c | awk '{x=$0~"^ ";for(i=1;i<=NF;i++){printf "%d %s\n",x,$i;x=1; }}'| sed '/1 \\/d' | awk '{ printf "%s%s", $1?" \\\n ":"\n", $2 }' | sed 's|../../../build/install|$(INSTALLTOP)|;$p;$x' | sed 's|^\([^ ]\)|$(MYBUILDDIR)/\1|' > .deptmp
mv -f .deptmp .depend
(cd yhog && bmake depend)
mips-harvard-os161-gcc -O2 -Wall -W -Wwrite-strings -Wmissing-prototypes  -std=gnu99 -mno-abicalls -fno-pic -nostdinc  -I../../../build/install/include -M yhog.c | awk '{x=$0~"^ ";for(i=1;i<=NF;i++){printf "%d %s\n",x,$i;x=1; }}'| sed '/1 \\/d' | awk '{ printf "%s%s", $1?" \\\n ":"\n", $2 }' | sed 's|../../../build/install|$(INSTALLTOP)|;$p;$x' | sed 's|^\([^ ]\)|$(MYBUILDDIR)/\1|' > .deptmp
mv -f .deptmp .depend
(cd zhog && bmake depend)
mips-harvard-os161-gcc -O2 -Wall -W -Wwrite-strings -Wmissing-prototypes  -std=gnu99 -mno-abicalls -fno-pic -nostdinc  -I../../../build/install/include -M zhog.c | awk '{x=$0~"^ ";for(i=1;i<=NF;i++){printf "%d %s\n",x,$i;x=1; }}'| sed '/1 \\/d' | awk '{ printf "%s%s", $1?" \\\n ":"\n", $2 }' | sed 's|../../../build/install|$(INSTALLTOP)|;$p;$x' | sed 's|^\([^ ]\)|$(MYBUILDDIR)/\1|' > .deptmp
mv -f .deptmp .depend
(cd hogparty && bmake depend)
mips-harvard-os161-gcc -O2 -Wall -W -Wwrite-strings -Wmissing-prototypes  -std=gnu99 -mno-abicalls -fno-pic -nostdinc  -I../../../build/install/include -M hogparty.c | awk '{x=$0~"^ ";for(i=1;i<=NF;i++){printf "%d %s\n",x,$i;x=1; }}'| sed '/1 \\/d' | awk '{ printf "%s%s", $1?" \\\n ":"\n", $2 }' | sed 's|../../../build/install|$(INSTALLTOP)|;$p;$x' | sed 's|^\([^ ]\)|$(MYBUILDDIR)/\1|' > .deptmp
mv -f .deptmp .depend
(cd argtesttest && bmake depend)
mips-harvard-os161-gcc -O2 -Wall -W -Wwrite-strings -Wmissing-prototypes  -std=gnu99 -mno-abicalls -fno-pic -nostdinc  -I../../../build/install/include -M argtesttest.c | awk '{x=$0~"^ ";for(i=1;i<=NF;i++){printf "%d %s\n",x,$i;x=1; }}'| sed '/1 \\/d' | awk '{ printf "%s%s", $1?" \\\n ":"\n", $2 }' | sed 's|../../../build/install|$(INSTALLTOP)|;$p;$x' | sed 's|^\([^ ]\)|$(MYBUILDDIR)/\1|' > .deptmp
mv -f .deptmp .depend
(cd my-testbin && bmake depend)
(cd example && bmake depend)
mips-harvard-os161-gcc -O2 -Wall -W -Wwrite-strings -Wmissing-prototypes  -std=gnu99 -mno-abicalls -fno-pic -nostdinc  -I../../../build/install/include -M example.c | awk '{x=$0~"^ ";for(i=1;i<=NF;i++){printf "%d %s\n",x,$i;x=1; }}'| sed '/1 \\/d' | awk '{ printf "%s%s", $1?" \\\n ":"\n", $2 }' | sed 's|../../../build/install|$(INSTALLTOP)|;$p;$x' | sed 's|^\([^ ]\)|$(MYBUILDDIR)/\1|' > .deptmp
mv -f .deptmp .depend
(cd lib && bmake all)
(cd crt0 && bmake all)
(cd libc && bmake all)
(cd hostcompat && bmake all)
(cd bin && bmake all)
(cd true && bmake all)
(cd false && bmake all)
(cd sync && bmake all)
(cd mkdir && bmake all)
(cd rmdir && bmake all)
(cd pwd && bmake all)
(cd cat && bmake all)
(cd cp && bmake all)
(cd ln && bmake all)
(cd mv && bmake all)
(cd rm && bmake all)
(cd ls && bmake all)
(cd sh && bmake all)
(cd sbin && bmake all)
(cd reboot && bmake all)
(cd halt && bmake all)
(cd poweroff && bmake all)
(cd mksfs && bmake all)
(cd dumpsfs && bmake all)
(cd sfsck && bmake all)
(cd testbin && bmake all)
(cd add && bmake all)
(cd argtest && bmake all)
(cd badcall && bmake all)
(cd bigfile && bmake all)
(cd conman && bmake all)
(cd crash && bmake all)
(cd ctest && bmake all)
(cd dirconc && bmake all)
(cd dirseek && bmake all)
(cd dirtest && bmake all)
(cd f_test && bmake all)
(cd farm && bmake all)
(cd faulter && bmake all)
(cd filetest && bmake all)
(cd forkbomb && bmake all)
(cd forktest && bmake all)
(cd guzzle && bmake all)
(cd hash && bmake all)
(cd hog && bmake all)
(cd huge && bmake all)
(cd kitchen && bmake all)
(cd malloctest && bmake all)
(cd matmult && bmake all)
(cd palin && bmake all)
(cd parallelvm && bmake all)
(cd psort && bmake all)
(cd randcall && bmake all)
(cd rmdirtest && bmake all)
(cd rmtest && bmake all)
(cd sink && bmake all)
(cd sort && bmake all)
(cd sty && bmake all)
(cd tail && bmake all)
(cd tictac && bmake all)
(cd triplehuge && bmake all)
(cd triplemat && bmake all)
(cd triplesort && bmake all)
(cd zero && bmake all)
(cd uw-testbin && bmake all)
(cd lib && bmake all)
(cd files1 && bmake all)
(cd files2 && bmake all)
(cd conc-io && bmake all)
(cd writeread && bmake all)
(cd argtest && bmake all)
(cd segments && bmake all)
(cd syscall && bmake all)
(cd vm-funcs && bmake all)
(cd vm-crash1 && bmake all)
(cd vm-crash2 && bmake all)
(cd vm-crash3 && bmake all)
(cd vm-data1 && bmake all)
(cd vm-data2 && bmake all)
(cd vm-data3 && bmake all)
(cd vm-stack1 && bmake all)
(cd vm-stack2 && bmake all)
(cd vm-stackgrow && bmake all)
(cd vm-mix1 && bmake all)
(cd vm-mix1-exec && bmake all)
(cd vm-mix1-fork && bmake all)
(cd vm-mix2 && bmake all)
(cd romemwrite && bmake all)
(cd sparse && bmake all)
(cd exec-sparse && bmake all)
(cd tlbfaulter && bmake all)
(cd onefork && bmake all)
(cd widefork && bmake all)
(cd pidcheck && bmake all)
(cd xhog && bmake all)
(cd yhog && bmake all)
(cd zhog && bmake all)
(cd hogparty && bmake all)
(cd argtesttest && bmake all)
(cd my-testbin && bmake all)
(cd example && bmake all)
(cd lib && bmake install-staging)
(cd crt0 && bmake install-staging)
cp  ../../../build/user/lib/crt0/crt0.o ../../../build/install/lib/
(cd libc && bmake install-staging)
(cd hostcompat && bmake install-staging)
(cd bin && bmake install-staging)
(cd true && bmake install-staging)
mips-harvard-os161-gcc  -nostdlib -L../../../build/install/lib ../../../build/install/lib/crt0.o -T ../../../mk/uw-prog-ldscript  ../../../build/user/bin/true/true.o   -lc -o ../../../build/user/bin/true/true
rm -f ../../../build/install/bin/true
ln ../../../build/user/bin/true/true ../../../build/install/bin/true ||  cp ../../../build/user/bin/true/true ../../../build/install/bin/true
(cd false && bmake install-staging)
mips-harvard-os161-gcc  -nostdlib -L../../../build/install/lib ../../../build/install/lib/crt0.o -T ../../../mk/uw-prog-ldscript  ../../../build/user/bin/false/false.o   -lc -o ../../../build/user/bin/false/false
rm -f ../../../build/install/bin/false
ln ../../../build/user/bin/false/false ../../../build/install/bin/false ||  cp ../../../build/user/bin/false/false ../../../build/install/bin/false
(cd sync && bmake install-staging)
mips-harvard-os161-gcc  -nostdlib -L../../../build/install/lib ../../../build/install/lib/crt0.o -T ../../../mk/uw-prog-ldscript  ../../../build/user/bin/sync/sync.o   -lc -o ../../../build/user/bin/sync/sync
rm -f ../../../build/install/bin/sync
ln ../../../build/user/bin/sync/sync ../../../build/install/bin/sync ||  cp ../../../build/user/bin/sync/sync ../../../build/install/bin/sync
(cd mkdir && bmake install-staging)
mips-harvard-os161-gcc  -nostdlib -L../../../build/install/lib ../../../build/install/lib/crt0.o -T ../../../mk/uw-prog-ldscript  ../../../build/user/bin/mkdir/mkdir.o   -lc -o ../../../build/user/bin/mkdir/mkdir
rm -f ../../../build/install/bin/mkdir
ln ../../../build/user/bin/mkdir/mkdir ../../../build/install/bin/mkdir ||  cp ../../../build/user/bin/mkdir/mkdir ../../../build/install/bin/mkdir
(cd rmdir && bmake install-staging)
mips-harvard-os161-gcc  -nostdlib -L../../../build/install/lib ../../../build/install/lib/crt0.o -T ../../../mk/uw-prog-ldscript  ../../../build/user/bin/rmdir/rmdir.o   -lc -o ../../../build/user/bin/rmdir/rmdir
rm -f ../../../build/install/bin/rmdir
ln ../../../build/user/bin/rmdir/rmdir ../../../build/install/bin/rmdir ||  cp ../../../build/user/bin/rmdir/rmdir ../../../build/install/bin/rmdir
(cd pwd && bmake install-staging)
mips-harvard-os161-gcc  -nostdlib -L../../../build/install/lib ../../../build/install/lib/crt0.o -T ../../../mk/uw-prog-ldscript  ../../../build/user/bin/pwd/pwd.o   -lc -o ../../../build/user/bin/pwd/pwd
rm -f ../../../build/install/bin/pwd
ln ../../../build/user/bin/pwd/pwd ../../../build/install/bin/pwd ||  cp ../../../build/user/bin/pwd/pwd ../../../build/install/bin/pwd
(cd cat && bmake install-staging)
mips-harvard-os161-gcc  -nostdlib -L../../../build/install/lib ../../../build/install/lib/crt0.o -T ../../../mk/uw-prog-ldscript  ../../../build/user/bin/cat/cat.o   -lc -o ../../../build/user/bin/cat/cat
rm -f ../../../build/install/bin/cat
ln ../../../build/user/bin/cat/cat ../../../build/install/bin/cat ||  cp ../../../build/user/bin/cat/cat ../../../build/install/bin/cat
(cd cp && bmake install-staging)
mips-harvard-os161-gcc  -nostdlib -L../../../build/install/lib ../../../build/install/lib/crt0.o -T ../../../mk/uw-prog-ldscript  ../../../build/user/bin/cp/cp.o   -lc -o ../../../build/user/bin/cp/cp
rm -f ../../../build/install/bin/cp
ln ../../../build/user/bin/cp/cp ../../../build/install/bin/cp ||  cp ../../../build/user/bin/cp/cp ../../../build/install/bin/cp
(cd ln && bmake install-staging)
mips-harvard-os161-gcc  -nostdlib -L../../../build/install/lib ../../../build/install/lib/crt0.o -T ../../../mk/uw-prog-ldscript  ../../../build/user/bin/ln/ln.o   -lc -o ../../../build/user/bin/ln/ln
rm -f ../../../build/install/bin/ln
ln ../../../build/user/bin/ln/ln ../../../build/install/bin/ln ||  cp ../../../build/user/bin/ln/ln ../../../build/install/bin/ln
(cd mv && bmake install-staging)
mips-harvard-os161-gcc  -nostdlib -L../../../build/install/lib ../../../build/install/lib/crt0.o -T ../../../mk/uw-prog-ldscript  ../../../build/user/bin/mv/mv.o   -lc -o ../../../build/user/bin/mv/mv
rm -f ../../../build/install/bin/mv
ln ../../../build/user/bin/mv/mv ../../../build/install/bin/mv ||  cp ../../../build/user/bin/mv/mv ../../../build/install/bin/mv
(cd rm && bmake install-staging)
mips-harvard-os161-gcc  -nostdlib -L../../../build/install/lib ../../../build/install/lib/crt0.o -T ../../../mk/uw-prog-ldscript  ../../../build/user/bin/rm/rm.o   -lc -o ../../../build/user/bin/rm/rm
rm -f ../../../build/install/bin/rm
ln ../../../build/user/bin/rm/rm ../../../build/install/bin/rm ||  cp ../../../build/user/bin/rm/rm ../../../build/install/bin/rm
(cd ls && bmake install-staging)
mips-harvard-os161-gcc  -nostdlib -L../../../build/install/lib ../../../build/install/lib/crt0.o -T ../../../mk/uw-prog-ldscript  ../../../build/user/bin/ls/ls.o   -lc -o ../../../build/user/bin/ls/ls
rm -f ../../../build/install/bin/ls
ln ../../../build/user/bin/ls/ls ../../../build/install/bin/ls ||  cp ../../../build/user/bin/ls/ls ../../../build/install/bin/ls
(cd sh && bmake install-staging)
mips-harvard-os161-gcc  -nostdlib -L../../../build/install/lib ../../../build/install/lib/crt0.o -T ../../../mk/uw-prog-ldscript  ../../../build/user/bin/sh/sh.o   -lc -o ../../../build/user/bin/sh/sh
rm -f ../../../build/install/bin/sh
ln ../../../build/user/bin/sh/sh ../../../build/install/bin/sh ||  cp ../../../build/user/bin/sh/sh ../../../build/install/bin/sh
(cd sbin && bmake install-staging)
(cd reboot && bmake install-staging)
mips-harvard-os161-gcc  -nostdlib -L../../../build/install/lib ../../../build/install/lib/crt0.o -T ../../../mk/uw-prog-ldscript  ../../../build/user/sbin/reboot/reboot.o   -lc -o ../../../build/user/sbin/reboot/reboot
rm -f ../../../build/install/sbin/reboot
ln ../../../build/user/sbin/reboot/reboot ../../../build/install/sbin/reboot ||  cp ../../../build/user/sbin/reboot/reboot ../../../build/install/sbin/reboot
(cd halt && bmake install-staging)
mips-harvard-os161-gcc  -nostdlib -L../../../build/install/lib ../../../build/install/lib/crt0.o -T ../../../mk/uw-prog-ldscript  ../../../build/user/sbin/halt/halt.o   -lc -o ../../../build/user/sbin/halt/halt
rm -f ../../../build/install/sbin/halt
ln ../../../build/user/sbin/halt/halt ../../../build/install/sbin/halt ||  cp ../../../build/user/sbin/halt/halt ../../../build/install/sbin/halt
(cd poweroff && bmake install-staging)
mips-harvard-os161-gcc  -nostdlib -L../../../build/install/lib ../../../build/install/lib/crt0.o -T ../../../mk/uw-prog-ldscript  ../../../build/user/sbin/poweroff/poweroff.o   -lc -o ../../../build/user/sbin/poweroff/poweroff
rm -f ../../../build/install/sbin/poweroff
ln ../../../build/user/sbin/poweroff/poweroff ../../../build/install/sbin/poweroff ||  cp ../../../build/user/sbin/poweroff/poweroff ../../../build/install/sbin/poweroff
(cd mksfs && bmake install-staging)
mips-harvard-os161-gcc  -nostdlib -L../../../build/install/lib ../../../build/install/lib/crt0.o -T ../../../mk/uw-prog-ldscript  ../../../build/user/sbin/mksfs/mksfs.o ../../../build/user/sbin/mksfs/disk.o ../../../build/user/sbin/mksfs/support.o   -lc -o ../../../build/user/sbin/mksfs/mksfs
rm -f ../../../build/install/sbin/mksfs
ln ../../../build/user/sbin/mksfs/mksfs ../../../build/install/sbin/mksfs ||  cp ../../../build/user/sbin/mksfs/mksfs ../../../build/install/sbin/mksfs
(cd dumpsfs && bmake install-staging)
mips-harvard-os161-gcc  -nostdlib -L../../../build/install/lib ../../../build/install/lib/crt0.o -T ../../../mk/uw-prog-ldscript  ../../../build/user/sbin/dumpsfs/dumpsfs.o ../../../build/user/sbin/dumpsfs/disk.o ../../../build/user/sbin/dumpsfs/support.o   -lc -o ../../../build/user/sbin/dumpsfs/dumpsfs
rm -f ../../../build/install/sbin/dumpsfs
ln ../../../build/user/sbin/dumpsfs/dumpsfs ../../../build/install/sbin/dumpsfs ||  cp ../../../build/user/sbin/dumpsfs/dumpsfs ../../../build/install/sbin/dumpsfs
(cd sfsck && bmake install-staging)
mips-harvard-os161-gcc  -nostdlib -L../../../build/install/lib ../../../build/install/lib/crt0.o -T ../../../mk/uw-prog-ldscript  ../../../build/user/sbin/sfsck/sfsck.o ../../../build/user/sbin/sfsck/disk.o ../../../build/user/sbin/sfsck/support.o   -lc -o ../../../build/user/sbin/sfsck/sfsck
rm -f ../../../build/install/sbin/sfsck
ln ../../../build/user/sbin/sfsck/sfsck ../../../build/install/sbin/sfsck ||  cp ../../../build/user/sbin/sfsck/sfsck ../../../build/install/sbin/sfsck
(cd testbin && bmake install-staging)
(cd add && bmake install-staging)
mips-harvard-os161-gcc  -nostdlib -L../../../build/install/lib ../../../build/install/lib/crt0.o -T ../../../mk/uw-prog-ldscript  ../../../build/user/testbin/add/add.o   -lc -o ../../../build/user/testbin/add/add
rm -f ../../../build/install/testbin/add
ln ../../../build/user/testbin/add/add ../../../build/install/testbin/add ||  cp ../../../build/user/testbin/add/add ../../../build/install/testbin/add
(cd argtest && bmake install-staging)
mips-harvard-os161-gcc  -nostdlib -L../../../build/install/lib ../../../build/install/lib/crt0.o -T ../../../mk/uw-prog-ldscript  ../../../build/user/testbin/argtest/argtest.o   -lc -o ../../../build/user/testbin/argtest/argtest
rm -f ../../../build/install/testbin/argtest
ln ../../../build/user/testbin/argtest/argtest ../../../build/install/testbin/argtest ||  cp ../../../build/user/testbin/argtest/argtest ../../../build/install/testbin/argtest
(cd badcall && bmake install-staging)
mips-harvard-os161-gcc  -nostdlib -L../../../build/install/lib ../../../build/install/lib/crt0.o -T ../../../mk/uw-prog-ldscript  ../../../build/user/testbin/badcall/bad_execv.o ../../../build/user/testbin/badcall/bad_waitpid.o ../../../build/user/testbin/badcall/bad_open.o ../../../build/user/testbin/badcall/bad_read.o ../../../build/user/testbin/badcall/bad_write.o ../../../build/user/testbin/badcall/bad_close.o ../../../build/user/testbin/badcall/bad_reboot.o ../../../build/user/testbin/badcall/bad_sbrk.o ../../../build/user/testbin/badcall/bad_ioctl.o ../../../build/user/testbin/badcall/bad_lseek.o ../../../build/user/testbin/badcall/bad_fsync.o ../../../build/user/testbin/badcall/bad_ftruncate.o ../../../build/user/testbin/badcall/bad_stat.o ../../../build/user/testbin/badcall/bad_remove.o ../../../build/user/testbin/badcall/bad_rename.o ../../../build/user/testbin/badcall/bad_link.o ../../../build/user/testbin/badcall/bad_mkdir.o ../../../build/user/testbin/badcall/bad_rmdir.o ../../../build/user/testbin/badcall/bad_chdir.o ../../../build/user/testbin/badcall/bad_getdirentry.o ../../../build/user/testbin/badcall/bad_symlink.o ../../../build/user/testbin/badcall/bad_readlink.o ../../../build/user/testbin/badcall/bad_dup2.o ../../../build/user/testbin/badcall/bad_pipe.o ../../../build/user/testbin/badcall/bad_time.o ../../../build/user/testbin/badcall/bad_getcwd.o ../../../build/user/testbin/badcall/common_buf.o ../../../build/user/testbin/badcall/common_fds.o ../../../build/user/testbin/badcall/common_path.o ../../../build/user/testbin/badcall/driver.o   -lc -o ../../../build/user/testbin/badcall/badcall
rm -f ../../../build/install/testbin/badcall
ln ../../../build/user/testbin/badcall/badcall ../../../build/install/testbin/badcall ||  cp ../../../build/user/testbin/badcall/badcall ../../../build/install/testbin/badcall
(cd bigfile && bmake install-staging)
mips-harvard-os161-gcc  -nostdlib -L../../../build/install/lib ../../../build/install/lib/crt0.o -T ../../../mk/uw-prog-ldscript  ../../../build/user/testbin/bigfile/bigfile.o   -lc -o ../../../build/user/testbin/bigfile/bigfile
rm -f ../../../build/install/testbin/bigfile
ln ../../../build/user/testbin/bigfile/bigfile ../../../build/install/testbin/bigfile ||  cp ../../../build/user/testbin/bigfile/bigfile ../../../build/install/testbin/bigfile
(cd conman && bmake install-staging)
mips-harvard-os161-gcc  -nostdlib -L../../../build/install/lib ../../../build/install/lib/crt0.o -T ../../../mk/uw-prog-ldscript  ../../../build/user/testbin/conman/conman.o   -lc -o ../../../build/user/testbin/conman/conman
rm -f ../../../build/install/testbin/conman
ln ../../../build/user/testbin/conman/conman ../../../build/install/testbin/conman ||  cp ../../../build/user/testbin/conman/conman ../../../build/install/testbin/conman
(cd crash && bmake install-staging)
mips-harvard-os161-gcc  -nostdlib -L../../../build/install/lib ../../../build/install/lib/crt0.o -T ../../../mk/uw-prog-ldscript  ../../../build/user/testbin/crash/crash.o   -lc -o ../../../build/user/testbin/crash/crash
rm -f ../../../build/install/testbin/crash
ln ../../../build/user/testbin/crash/crash ../../../build/install/testbin/crash ||  cp ../../../build/user/testbin/crash/crash ../../../build/install/testbin/crash
(cd ctest && bmake install-staging)
mips-harvard-os161-gcc  -nostdlib -L../../../build/install/lib ../../../build/install/lib/crt0.o -T ../../../mk/uw-prog-ldscript  ../../../build/user/testbin/ctest/ctest.o   -lc -o ../../../build/user/testbin/ctest/ctest
rm -f ../../../build/install/testbin/ctest
ln ../../../build/user/testbin/ctest/ctest ../../../build/install/testbin/ctest ||  cp ../../../build/user/testbin/ctest/ctest ../../../build/install/testbin/ctest
(cd dirconc && bmake install-staging)
mips-harvard-os161-gcc  -nostdlib -L../../../build/install/lib ../../../build/install/lib/crt0.o -T ../../../mk/uw-prog-ldscript  ../../../build/user/testbin/dirconc/dirconc.o   -lc -o ../../../build/user/testbin/dirconc/dirconc
rm -f ../../../build/install/testbin/dirconc
ln ../../../build/user/testbin/dirconc/dirconc ../../../build/install/testbin/dirconc ||  cp ../../../build/user/testbin/dirconc/dirconc ../../../build/install/testbin/dirconc
(cd dirseek && bmake install-staging)
mips-harvard-os161-gcc  -nostdlib -L../../../build/install/lib ../../../build/install/lib/crt0.o -T ../../../mk/uw-prog-ldscript  ../../../build/user/testbin/dirseek/dirseek.o   -lc -o ../../../build/user/testbin/dirseek/dirseek
rm -f ../../../build/install/testbin/dirseek
ln ../../../build/user/testbin/dirseek/dirseek ../../../build/install/testbin/dirseek ||  cp ../../../build/user/testbin/dirseek/dirseek ../../../build/install/testbin/dirseek
(cd dirtest && bmake install-staging)
mips-harvard-os161-gcc  -nostdlib -L../../../build/install/lib ../../../build/install/lib/crt0.o -T ../../../mk/uw-prog-ldscript  ../../../build/user/testbin/dirtest/dirtest.o   -lc -o ../../../build/user/testbin/dirtest/dirtest
rm -f ../../../build/install/testbin/dirtest
ln ../../../build/user/testbin/dirtest/dirtest ../../../build/install/testbin/dirtest ||  cp ../../../build/user/testbin/dirtest/dirtest ../../../build/install/testbin/dirtest
(cd f_test && bmake install-staging)
mips-harvard-os161-gcc  -nostdlib -L../../../build/install/lib ../../../build/install/lib/crt0.o -T ../../../mk/uw-prog-ldscript  ../../../build/user/testbin/f_test/f_test.o ../../../build/user/testbin/f_test/f_read.o ../../../build/user/testbin/f_test/f_write.o   -lc -o ../../../build/user/testbin/f_test/f_test
rm -f ../../../build/install/testbin/f_test
ln ../../../build/user/testbin/f_test/f_test ../../../build/install/testbin/f_test ||  cp ../../../build/user/testbin/f_test/f_test ../../../build/install/testbin/f_test
(cd farm && bmake install-staging)
mips-harvard-os161-gcc  -nostdlib -L../../../build/install/lib ../../../build/install/lib/crt0.o -T ../../../mk/uw-prog-ldscript  ../../../build/user/testbin/farm/farm.o   -lc -o ../../../build/user/testbin/farm/farm
rm -f ../../../build/install/testbin/farm
ln ../../../build/user/testbin/farm/farm ../../../build/install/testbin/farm ||  cp ../../../build/user/testbin/farm/farm ../../../build/install/testbin/farm
(cd faulter && bmake install-staging)
mips-harvard-os161-gcc  -nostdlib -L../../../build/install/lib ../../../build/install/lib/crt0.o -T ../../../mk/uw-prog-ldscript  ../../../build/user/testbin/faulter/faulter.o   -lc -o ../../../build/user/testbin/faulter/faulter
rm -f ../../../build/install/testbin/faulter
ln ../../../build/user/testbin/faulter/faulter ../../../build/install/testbin/faulter ||  cp ../../../build/user/testbin/faulter/faulter ../../../build/install/testbin/faulter
(cd filetest && bmake install-staging)
mips-harvard-os161-gcc  -nostdlib -L../../../build/install/lib ../../../build/install/lib/crt0.o -T ../../../mk/uw-prog-ldscript  ../../../build/user/testbin/filetest/filetest.o   -lc -o ../../../build/user/testbin/filetest/filetest
rm -f ../../../build/install/testbin/filetest
ln ../../../build/user/testbin/filetest/filetest ../../../build/install/testbin/filetest ||  cp ../../../build/user/testbin/filetest/filetest ../../../build/install/testbin/filetest
(cd forkbomb && bmake install-staging)
mips-harvard-os161-gcc  -nostdlib -L../../../build/install/lib ../../../build/install/lib/crt0.o -T ../../../mk/uw-prog-ldscript  ../../../build/user/testbin/forkbomb/forkbomb.o   -lc -o ../../../build/user/testbin/forkbomb/forkbomb
rm -f ../../../build/install/testbin/forkbomb
ln ../../../build/user/testbin/forkbomb/forkbomb ../../../build/install/testbin/forkbomb ||  cp ../../../build/user/testbin/forkbomb/forkbomb ../../../build/install/testbin/forkbomb
(cd forktest && bmake install-staging)
mips-harvard-os161-gcc  -nostdlib -L../../../build/install/lib ../../../build/install/lib/crt0.o -T ../../../mk/uw-prog-ldscript  ../../../build/user/testbin/forktest/forktest.o   -lc -o ../../../build/user/testbin/forktest/forktest
rm -f ../../../build/install/testbin/forktest
ln ../../../build/user/testbin/forktest/forktest ../../../build/install/testbin/forktest ||  cp ../../../build/user/testbin/forktest/forktest ../../../build/install/testbin/forktest
(cd guzzle && bmake install-staging)
mips-harvard-os161-gcc  -nostdlib -L../../../build/install/lib ../../../build/install/lib/crt0.o -T ../../../mk/uw-prog-ldscript  ../../../build/user/testbin/guzzle/guzzle.o   -lc -o ../../../build/user/testbin/guzzle/guzzle
rm -f ../../../build/install/testbin/guzzle
ln ../../../build/user/testbin/guzzle/guzzle ../../../build/install/testbin/guzzle ||  cp ../../../build/user/testbin/guzzle/guzzle ../../../build/install/testbin/guzzle
(cd hash && bmake install-staging)
mips-harvard-os161-gcc  -nostdlib -L../../../build/install/lib ../../../build/install/lib/crt0.o -T ../../../mk/uw-prog-ldscript  ../../../build/user/testbin/hash/hash.o   -lc -o ../../../build/user/testbin/hash/hash
rm -f ../../../build/install/testbin/hash
ln ../../../build/user/testbin/hash/hash ../../../build/install/testbin/hash ||  cp ../../../build/user/testbin/hash/hash ../../../build/install/testbin/hash
(cd hog && bmake install-staging)
mips-harvard-os161-gcc  -nostdlib -L../../../build/install/lib ../../../build/install/lib/crt0.o -T ../../../mk/uw-prog-ldscript  ../../../build/user/testbin/hog/hog.o   -lc -o ../../../build/user/testbin/hog/hog
rm -f ../../../build/install/testbin/hog
ln ../../../build/user/testbin/hog/hog ../../../build/install/testbin/hog ||  cp ../../../build/user/testbin/hog/hog ../../../build/install/testbin/hog
(cd huge && bmake install-staging)
mips-harvard-os161-gcc  -nostdlib -L../../../build/install/lib ../../../build/install/lib/crt0.o -T ../../../mk/uw-prog-ldscript  ../../../build/user/testbin/huge/huge.o   -lc -o ../../../build/user/testbin/huge/huge
rm -f ../../../build/install/testbin/huge
ln ../../../build/user/testbin/huge/huge ../../../build/install/testbin/huge ||  cp ../../../build/user/testbin/huge/huge ../../../build/install/testbin/huge
(cd kitchen && bmake install-staging)
mips-harvard-os161-gcc  -nostdlib -L../../../build/install/lib ../../../build/install/lib/crt0.o -T ../../../mk/uw-prog-ldscript  ../../../build/user/testbin/kitchen/kitchen.o   -lc -o ../../../build/user/testbin/kitchen/kitchen
rm -f ../../../build/install/testbin/kitchen
ln ../../../build/user/testbin/kitchen/kitchen ../../../build/install/testbin/kitchen ||  cp ../../../build/user/testbin/kitchen/kitchen ../../../build/install/testbin/kitchen
(cd malloctest && bmake install-staging)
mips-harvard-os161-gcc  -nostdlib -L../../../build/install/lib ../../../build/install/lib/crt0.o -T ../../../mk/uw-prog-ldscript  ../../../build/user/testbin/malloctest/malloctest.o   -lc -o ../../../build/user/testbin/malloctest/malloctest
rm -f ../../../build/install/testbin/malloctest
ln ../../../build/user/testbin/malloctest/malloctest ../../../build/install/testbin/malloctest ||  cp ../../../build/user/testbin/malloctest/malloctest ../../../build/install/testbin/malloctest
(cd matmult && bmake install-staging)
mips-harvard-os161-gcc  -nostdlib -L../../../build/install/lib ../../../build/install/lib/crt0.o -T ../../../mk/uw-prog-ldscript  ../../../build/user/testbin/matmult/matmult.o   -lc -o ../../../build/user/testbin/matmult/matmult
rm -f ../../../build/install/testbin/matmult
ln ../../../build/user/testbin/matmult/matmult ../../../build/install/testbin/matmult ||  cp ../../../build/user/testbin/matmult/matmult ../../../build/install/testbin/matmult
(cd palin && bmake install-staging)
mips-harvard-os161-gcc  -nostdlib -L../../../build/install/lib ../../../build/install/lib/crt0.o -T ../../../mk/uw-prog-ldscript  ../../../build/user/testbin/palin/palin.o   -lc -o ../../../build/user/testbin/palin/palin
rm -f ../../../build/install/testbin/palin
ln ../../../build/user/testbin/palin/palin ../../../build/install/testbin/palin ||  cp ../../../build/user/testbin/palin/palin ../../../build/install/testbin/palin
(cd parallelvm && bmake install-staging)
mips-harvard-os161-gcc  -nostdlib -L../../../build/install/lib ../../../build/install/lib/crt0.o -T ../../../mk/uw-prog-ldscript  ../../../build/user/testbin/parallelvm/parallelvm.o   -lc -o ../../../build/user/testbin/parallelvm/parallelvm
rm -f ../../../build/install/testbin/parallelvm
ln ../../../build/user/testbin/parallelvm/parallelvm ../../../build/install/testbin/parallelvm ||  cp ../../../build/user/testbin/parallelvm/parallelvm ../../../build/install/testbin/parallelvm
(cd psort && bmake install-staging)
mips-harvard-os161-gcc  -nostdlib -L../../../build/install/lib ../../../build/install/lib/crt0.o -T ../../../mk/uw-prog-ldscript  ../../../build/user/testbin/psort/psort.o   -lc -o ../../../build/user/testbin/psort/psort
rm -f ../../../build/install/testbin/psort
ln ../../../build/user/testbin/psort/psort ../../../build/install/testbin/psort ||  cp ../../../build/user/testbin/psort/psort ../../../build/install/testbin/psort
(cd randcall && bmake install-staging)
mips-harvard-os161-gcc  -nostdlib -L../../../build/install/lib ../../../build/install/lib/crt0.o -T ../../../mk/uw-prog-ldscript  ../../../build/user/testbin/randcall/calls.o ../../../build/user/testbin/randcall/main.o   -lc -o ../../../build/user/testbin/randcall/randcall
rm -f ../../../build/install/testbin/randcall
ln ../../../build/user/testbin/randcall/randcall ../../../build/install/testbin/randcall ||  cp ../../../build/user/testbin/randcall/randcall ../../../build/install/testbin/randcall
(cd rmdirtest && bmake install-staging)
mips-harvard-os161-gcc  -nostdlib -L../../../build/install/lib ../../../build/install/lib/crt0.o -T ../../../mk/uw-prog-ldscript  ../../../build/user/testbin/rmdirtest/rmdirtest.o   -lc -o ../../../build/user/testbin/rmdirtest/rmdirtest
rm -f ../../../build/install/testbin/rmdirtest
ln ../../../build/user/testbin/rmdirtest/rmdirtest ../../../build/install/testbin/rmdirtest ||  cp ../../../build/user/testbin/rmdirtest/rmdirtest ../../../build/install/testbin/rmdirtest
(cd rmtest && bmake install-staging)
mips-harvard-os161-gcc  -nostdlib -L../../../build/install/lib ../../../build/install/lib/crt0.o -T ../../../mk/uw-prog-ldscript  ../../../build/user/testbin/rmtest/rmtest.o   -lc -o ../../../build/user/testbin/rmtest/rmtest
rm -f ../../../build/install/testbin/rmtest
ln ../../../build/user/testbin/rmtest/rmtest ../../../build/install/testbin/rmtest ||  cp ../../../build/user/testbin/rmtest/rmtest ../../../build/install/testbin/rmtest
(cd sink && bmake install-staging)
mips-harvard-os161-gcc  -nostdlib -L../../../build/install/lib ../../../build/install/lib/crt0.o -T ../../../mk/uw-prog-ldscript  ../../../build/user/testbin/sink/sink.o   -lc -o ../../../build/user/testbin/sink/sink
rm -f ../../../build/install/testbin/sink
ln ../../../build/user/testbin/sink/sink ../../../build/install/testbin/sink ||  cp ../../../build/user/testbin/sink/sink ../../../build/install/testbin/sink
(cd sort && bmake install-staging)
mips-harvard-os161-gcc  -nostdlib -L../../../build/install/lib ../../../build/install/lib/crt0.o -T ../../../mk/uw-prog-ldscript  ../../../build/user/testbin/sort/sort.o   -lc -o ../../../build/user/testbin/sort/sort
rm -f ../../../build/install/testbin/sort
ln ../../../build/user/testbin/sort/sort ../../../build/install/testbin/sort ||  cp ../../../build/user/testbin/sort/sort ../../../build/install/testbin/sort
(cd sty && bmake install-staging)
mips-harvard-os161-gcc  -nostdlib -L../../../build/install/lib ../../../build/install/lib/crt0.o -T ../../../mk/uw-prog-ldscript  ../../../build/user/testbin/sty/sty.o   -lc -o ../../../build/user/testbin/sty/sty
rm -f ../../../build/install/testbin/sty
ln ../../../build/user/testbin/sty/sty ../../../build/install/testbin/sty ||  cp ../../../build/user/testbin/sty/sty ../../../build/install/testbin/sty
(cd tail && bmake install-staging)
mips-harvard-os161-gcc  -nostdlib -L../../../build/install/lib ../../../build/install/lib/crt0.o -T ../../../mk/uw-prog-ldscript  ../../../build/user/testbin/tail/tail.o   -lc -o ../../../build/user/testbin/tail/tail
rm -f ../../../build/install/testbin/tail
ln ../../../build/user/testbin/tail/tail ../../../build/install/testbin/tail ||  cp ../../../build/user/testbin/tail/tail ../../../build/install/testbin/tail
(cd tictac && bmake install-staging)
mips-harvard-os161-gcc  -nostdlib -L../../../build/install/lib ../../../build/install/lib/crt0.o -T ../../../mk/uw-prog-ldscript  ../../../build/user/testbin/tictac/tictac.o   -lc -o ../../../build/user/testbin/tictac/tictac
rm -f ../../../build/install/testbin/tictac
ln ../../../build/user/testbin/tictac/tictac ../../../build/install/testbin/tictac ||  cp ../../../build/user/testbin/tictac/tictac ../../../build/install/testbin/tictac
(cd triplehuge && bmake install-staging)
mips-harvard-os161-gcc  -nostdlib -L../../../build/install/lib ../../../build/install/lib/crt0.o -T ../../../mk/uw-prog-ldscript  ../../../build/user/testbin/triplehuge/triplehuge.o ../../../build/user/testbin/triplehuge/triple.o   -lc -o ../../../build/user/testbin/triplehuge/triplehuge
rm -f ../../../build/install/testbin/triplehuge
ln ../../../build/user/testbin/triplehuge/triplehuge ../../../build/install/testbin/triplehuge ||  cp ../../../build/user/testbin/triplehuge/triplehuge ../../../build/install/testbin/triplehuge
(cd triplemat && bmake install-staging)
mips-harvard-os161-gcc  -nostdlib -L../../../build/install/lib ../../../build/install/lib/crt0.o -T ../../../mk/uw-prog-ldscript  ../../../build/user/testbin/triplemat/triplemat.o ../../../build/user/testbin/triplemat/triple.o   -lc -o ../../../build/user/testbin/triplemat/triplemat
rm -f ../../../build/install/testbin/triplemat
ln ../../../build/user/testbin/triplemat/triplemat ../../../build/install/testbin/triplemat ||  cp ../../../build/user/testbin/triplemat/triplemat ../../../build/install/testbin/triplemat
(cd triplesort && bmake install-staging)
mips-harvard-os161-gcc  -nostdlib -L../../../build/install/lib ../../../build/install/lib/crt0.o -T ../../../mk/uw-prog-ldscript  ../../../build/user/testbin/triplesort/triplesort.o ../../../build/user/testbin/triplesort/triple.o   -lc -o ../../../build/user/testbin/triplesort/triplesort
rm -f ../../../build/install/testbin/triplesort
ln ../../../build/user/testbin/triplesort/triplesort ../../../build/install/testbin/triplesort ||  cp ../../../build/user/testbin/triplesort/triplesort ../../../build/install/testbin/triplesort
(cd zero && bmake install-staging)
mips-harvard-os161-gcc  -nostdlib -L../../../build/install/lib ../../../build/install/lib/crt0.o -T ../../../mk/uw-prog-ldscript  ../../../build/user/testbin/zero/zero.o   -lc -o ../../../build/user/testbin/zero/zero
rm -f ../../../build/install/testbin/zero
ln ../../../build/user/testbin/zero/zero ../../../build/install/testbin/zero ||  cp ../../../build/user/testbin/zero/zero ../../../build/install/testbin/zero
(cd uw-testbin && bmake install-staging)
(cd lib && bmake install-staging)
(cd files1 && bmake install-staging)
mips-harvard-os161-gcc  -nostdlib -L../../../build/install/lib ../../../build/install/lib/crt0.o -T ../../../mk/uw-prog-ldscript  ../../../build/user/uw-testbin/files1/files1.o  ../../../build/user/uw-testbin/lib/libtestutils.a  -lc -o ../../../build/user/uw-testbin/files1/files1
rm -f ../../../build/install/uw-testbin/files1
ln ../../../build/user/uw-testbin/files1/files1 ../../../build/install/uw-testbin/files1 ||  cp ../../../build/user/uw-testbin/files1/files1 ../../../build/install/uw-testbin/files1
(cd files2 && bmake install-staging)
mips-harvard-os161-gcc  -nostdlib -L../../../build/install/lib ../../../build/install/lib/crt0.o -T ../../../mk/uw-prog-ldscript  ../../../build/user/uw-testbin/files2/files2.o  ../../../build/user/uw-testbin/lib/libtestutils.a  -lc -o ../../../build/user/uw-testbin/files2/files2
rm -f ../../../build/install/uw-testbin/files2
ln ../../../build/user/uw-testbin/files2/files2 ../../../build/install/uw-testbin/files2 ||  cp ../../../build/user/uw-testbin/files2/files2 ../../../build/install/uw-testbin/files2
(cd conc-io && bmake install-staging)
mips-harvard-os161-gcc  -nostdlib -L../../../build/install/lib ../../../build/install/lib/crt0.o -T ../../../mk/uw-prog-ldscript  ../../../build/user/uw-testbin/conc-io/conc-io.o   -lc -o ../../../build/user/uw-testbin/conc-io/conc-io
rm -f ../../../build/install/uw-testbin/conc-io
ln ../../../build/user/uw-testbin/conc-io/conc-io ../../../build/install/uw-testbin/conc-io ||  cp ../../../build/user/uw-testbin/conc-io/conc-io ../../../build/install/uw-testbin/conc-io
(cd writeread && bmake install-staging)
mips-harvard-os161-gcc  -nostdlib -L../../../build/install/lib ../../../build/install/lib/crt0.o -T ../../../mk/uw-prog-ldscript  ../../../build/user/uw-testbin/writeread/writeread.o  ../../../build/user/uw-testbin/lib/libtestutils.a  -lc -o ../../../build/user/uw-testbin/writeread/writeread
rm -f ../../../build/install/uw-testbin/writeread
ln ../../../build/user/uw-testbin/writeread/writeread ../../../build/install/uw-testbin/writeread ||  cp ../../../build/user/uw-testbin/writeread/writeread ../../../build/install/uw-testbin/writeread
(cd argtest && bmake install-staging)
mips-harvard-os161-gcc  -nostdlib -L../../../build/install/lib ../../../build/install/lib/crt0.o -T ../../../mk/uw-prog-ldscript  ../../../build/user/uw-testbin/argtest/argtest.o   -lc -o ../../../build/user/uw-testbin/argtest/argtest
rm -f ../../../build/install/uw-testbin/argtest
ln ../../../build/user/uw-testbin/argtest/argtest ../../../build/install/uw-testbin/argtest ||  cp ../../../build/user/uw-testbin/argtest/argtest ../../../build/install/uw-testbin/argtest
(cd segments && bmake install-staging)
mips-harvard-os161-gcc  -nostdlib -L../../../build/install/lib ../../../build/install/lib/crt0.o -T ../../../mk/uw-prog-ldscript  ../../../build/user/uw-testbin/segments/segments.o   -lc -o ../../../build/user/uw-testbin/segments/segments
rm -f ../../../build/install/uw-testbin/segments
ln ../../../build/user/uw-testbin/segments/segments ../../../build/install/uw-testbin/segments ||  cp ../../../build/user/uw-testbin/segments/segments ../../../build/install/uw-testbin/segments
(cd syscall && bmake install-staging)
mips-harvard-os161-gcc  -nostdlib -L../../../build/install/lib ../../../build/install/lib/crt0.o -T ../../../mk/uw-prog-ldscript  ../../../build/user/uw-testbin/syscall/syscall.o   -lc -o ../../../build/user/uw-testbin/syscall/syscall
rm -f ../../../build/install/uw-testbin/syscall
ln ../../../build/user/uw-testbin/syscall/syscall ../../../build/install/uw-testbin/syscall ||  cp ../../../build/user/uw-testbin/syscall/syscall ../../../build/install/uw-testbin/syscall
(cd vm-funcs && bmake install-staging)
(cd vm-crash1 && bmake install-staging)
mips-harvard-os161-gcc  -nostdlib -L../../../build/install/lib ../../../build/install/lib/crt0.o -T ../../../mk/uw-prog-ldscript  ../../../build/user/uw-testbin/vm-crash1/vm-crash1.o   -lc -o ../../../build/user/uw-testbin/vm-crash1/vm-crash1
rm -f ../../../build/install/uw-testbin/vm-crash1
ln ../../../build/user/uw-testbin/vm-crash1/vm-crash1 ../../../build/install/uw-testbin/vm-crash1 ||  cp ../../../build/user/uw-testbin/vm-crash1/vm-crash1 ../../../build/install/uw-testbin/vm-crash1
(cd vm-crash2 && bmake install-staging)
mips-harvard-os161-gcc  -nostdlib -L../../../build/install/lib ../../../build/install/lib/crt0.o -T ../../../mk/uw-prog-ldscript  ../../../build/user/uw-testbin/vm-crash2/vm-crash2.o   -lc -o ../../../build/user/uw-testbin/vm-crash2/vm-crash2
rm -f ../../../build/install/uw-testbin/vm-crash2
ln ../../../build/user/uw-testbin/vm-crash2/vm-crash2 ../../../build/install/uw-testbin/vm-crash2 ||  cp ../../../build/user/uw-testbin/vm-crash2/vm-crash2 ../../../build/install/uw-testbin/vm-crash2
(cd vm-crash3 && bmake install-staging)
mips-harvard-os161-gcc  -nostdlib -L../../../build/install/lib ../../../build/install/lib/crt0.o -T ../../../mk/uw-prog-ldscript  ../../../build/user/uw-testbin/vm-crash3/vm-crash3.o  ../../../build/user/uw-testbin/vm-funcs/libvm-funcs.a  -lc -o ../../../build/user/uw-testbin/vm-crash3/vm-crash3
rm -f ../../../build/install/uw-testbin/vm-crash3
ln ../../../build/user/uw-testbin/vm-crash3/vm-crash3 ../../../build/install/uw-testbin/vm-crash3 ||  cp ../../../build/user/uw-testbin/vm-crash3/vm-crash3 ../../../build/install/uw-testbin/vm-crash3
(cd vm-data1 && bmake install-staging)
mips-harvard-os161-gcc  -nostdlib -L../../../build/install/lib ../../../build/install/lib/crt0.o -T ../../../mk/uw-prog-ldscript  ../../../build/user/uw-testbin/vm-data1/vm-data1.o   -lc -o ../../../build/user/uw-testbin/vm-data1/vm-data1
rm -f ../../../build/install/uw-testbin/vm-data1
ln ../../../build/user/uw-testbin/vm-data1/vm-data1 ../../../build/install/uw-testbin/vm-data1 ||  cp ../../../build/user/uw-testbin/vm-data1/vm-data1 ../../../build/install/uw-testbin/vm-data1
(cd vm-data2 && bmake install-staging)
mips-harvard-os161-gcc  -nostdlib -L../../../build/install/lib ../../../build/install/lib/crt0.o -T ../../../mk/uw-prog-ldscript  ../../../build/user/uw-testbin/vm-data2/vm-data2.o   -lc -o ../../../build/user/uw-testbin/vm-data2/vm-data2
rm -f ../../../build/install/uw-testbin/vm-data2
ln ../../../build/user/uw-testbin/vm-data2/vm-data2 ../../../build/install/uw-testbin/vm-data2 ||  cp ../../../build/user/uw-testbin/vm-data2/vm-data2 ../../../build/install/uw-testbin/vm-data2
(cd vm-data3 && bmake install-staging)
mips-harvard-os161-gcc  -nostdlib -L../../../build/install/lib ../../../build/install/lib/crt0.o -T ../../../mk/uw-prog-ldscript  ../../../build/user/uw-testbin/vm-data3/vm-data3.o  ../../../build/user/uw-testbin/vm-funcs/libvm-funcs.a  -lc -o ../../../build/user/uw-testbin/vm-data3/vm-data3
rm -f ../../../build/install/uw-testbin/vm-data3
ln ../../../build/user/uw-testbin/vm-data3/vm-data3 ../../../build/install/uw-testbin/vm-data3 ||  cp ../../../build/user/uw-testbin/vm-data3/vm-data3 ../../../build/install/uw-testbin/vm-data3
(cd vm-stack1 && bmake install-staging)
mips-harvard-os161-gcc  -nostdlib -L../../../build/install/lib ../../../build/install/lib/crt0.o -T ../../../mk/uw-prog-ldscript  ../../../build/user/uw-testbin/vm-stack1/vm-stack1.o   -lc -o ../../../build/user/uw-testbin/vm-stack1/vm-stack1
rm -f ../../../build/install/uw-testbin/vm-stack1
ln ../../../build/user/uw-testbin/vm-stack1/vm-stack1 ../../../build/install/uw-testbin/vm-stack1 ||  cp ../../../build/user/uw-testbin/vm-stack1/vm-stack1 ../../../build/install/uw-testbin/vm-stack1
(cd vm-stack2 && bmake install-staging)
mips-harvard-os161-gcc  -nostdlib -L../../../build/install/lib ../../../build/install/lib/crt0.o -T ../../../mk/uw-prog-ldscript  ../../../build/user/uw-testbin/vm-stack2/vm-stack2.o   -lc -o ../../../build/user/uw-testbin/vm-stack2/vm-stack2
rm -f ../../../build/install/uw-testbin/vm-stack2
ln ../../../build/user/uw-testbin/vm-stack2/vm-stack2 ../../../build/install/uw-testbin/vm-stack2 ||  cp ../../../build/user/uw-testbin/vm-stack2/vm-stack2 ../../../build/install/uw-testbin/vm-stack2
(cd vm-stackgrow && bmake install-staging)
mips-harvard-os161-gcc  -nostdlib -L../../../build/install/lib ../../../build/install/lib/crt0.o -T ../../../mk/uw-prog-ldscript  ../../../build/user/uw-testbin/vm-stackgrow/vm-stackgrow.o   -lc -o ../../../build/user/uw-testbin/vm-stackgrow/vm-stackgrow
rm -f ../../../build/install/uw-testbin/vm-stackgrow
ln ../../../build/user/uw-testbin/vm-stackgrow/vm-stackgrow ../../../build/install/uw-testbin/vm-stackgrow ||  cp ../../../build/user/uw-testbin/vm-stackgrow/vm-stackgrow ../../../build/install/uw-testbin/vm-stackgrow
(cd vm-mix1 && bmake install-staging)
mips-harvard-os161-gcc  -nostdlib -L../../../build/install/lib ../../../build/install/lib/crt0.o -T ../../../mk/uw-prog-ldscript  ../../../build/user/uw-testbin/vm-mix1/vm-mix1.o  ../../../build/user/uw-testbin/vm-funcs/libvm-funcs.a  -lc -o ../../../build/user/uw-testbin/vm-mix1/vm-mix1
rm -f ../../../build/install/uw-testbin/vm-mix1
ln ../../../build/user/uw-testbin/vm-mix1/vm-mix1 ../../../build/install/uw-testbin/vm-mix1 ||  cp ../../../build/user/uw-testbin/vm-mix1/vm-mix1 ../../../build/install/uw-testbin/vm-mix1
(cd vm-mix1-exec && bmake install-staging)
mips-harvard-os161-gcc  -nostdlib -L../../../build/install/lib ../../../build/install/lib/crt0.o -T ../../../mk/uw-prog-ldscript  ../../../build/user/uw-testbin/vm-mix1-exec/vm-mix1-exec.o  ../../../build/user/uw-testbin/vm-funcs/libvm-funcs.a  -lc -o ../../../build/user/uw-testbin/vm-mix1-exec/vm-mix1-exec
rm -f ../../../build/install/uw-testbin/vm-mix1-exec
ln ../../../build/user/uw-testbin/vm-mix1-exec/vm-mix1-exec ../../../build/install/uw-testbin/vm-mix1-exec ||  cp ../../../build/user/uw-testbin/vm-mix1-exec/vm-mix1-exec ../../../build/install/uw-testbin/vm-mix1-exec
(cd vm-mix1-fork && bmake install-staging)
mips-harvard-os161-gcc  -nostdlib -L../../../build/install/lib ../../../build/install/lib/crt0.o -T ../../../mk/uw-prog-ldscript  ../../../build/user/uw-testbin/vm-mix1-fork/vm-mix1-fork.o  ../../../build/user/uw-testbin/vm-funcs/libvm-funcs.a  -lc -o ../../../build/user/uw-testbin/vm-mix1-fork/vm-mix1-fork
rm -f ../../../build/install/uw-testbin/vm-mix1-fork
ln ../../../build/user/uw-testbin/vm-mix1-fork/vm-mix1-fork ../../../build/install/uw-testbin/vm-mix1-fork ||  cp ../../../build/user/uw-testbin/vm-mix1-fork/vm-mix1-fork ../../../build/install/uw-testbin/vm-mix1-fork
(cd vm-mix2 && bmake install-staging)
mips-harvard-os161-gcc  -nostdlib -L../../../build/install/lib ../../../build/install/lib/crt0.o -T ../../../mk/uw-prog-ldscript  ../../../build/user/uw-testbin/vm-mix2/vm-mix2.o  ../../../build/user/uw-testbin/vm-funcs/libvm-funcs.a  -lc -o ../../../build/user/uw-testbin/vm-mix2/vm-mix2
rm -f ../../../build/install/uw-testbin/vm-mix2
ln ../../../build/user/uw-testbin/vm-mix2/vm-mix2 ../../../build/install/uw-testbin/vm-mix2 ||  cp ../../../build/user/uw-testbin/vm-mix2/vm-mix2 ../../../build/install/uw-testbin/vm-mix2
(cd romemwrite && bmake install-staging)
mips-harvard-os161-gcc  -nostdlib -L../../../build/install/lib ../../../build/install/lib/crt0.o -T ../../../mk/uw-prog-ldscript  ../../../build/user/uw-testbin/romemwrite/romemwrite.o   -lc -o ../../../build/user/uw-testbin/romemwrite/romemwrite
rm -f ../../../build/install/uw-testbin/romemwrite
ln ../../../build/user/uw-testbin/romemwrite/romemwrite ../../../build/install/uw-testbin/romemwrite ||  cp ../../../build/user/uw-testbin/romemwrite/romemwrite ../../../build/install/uw-testbin/romemwrite
(cd sparse && bmake install-staging)
mips-harvard-os161-gcc  -nostdlib -L../../../build/install/lib ../../../build/install/lib/crt0.o -T ../../../mk/uw-prog-ldscript  ../../../build/user/uw-testbin/sparse/sparse.o   -lc -o ../../../build/user/uw-testbin/sparse/sparse
rm -f ../../../build/install/uw-testbin/sparse
ln ../../../build/user/uw-testbin/sparse/sparse ../../../build/install/uw-testbin/sparse ||  cp ../../../build/user/uw-testbin/sparse/sparse ../../../build/install/uw-testbin/sparse
(cd exec-sparse && bmake install-staging)
mips-harvard-os161-gcc  -nostdlib -L../../../build/install/lib ../../../build/install/lib/crt0.o -T ../../../mk/uw-prog-ldscript  ../../../build/user/uw-testbin/exec-sparse/exec-sparse.o   -lc -o ../../../build/user/uw-testbin/exec-sparse/exec-sparse
rm -f ../../../build/install/uw-testbin/exec-sparse
ln ../../../build/user/uw-testbin/exec-sparse/exec-sparse ../../../build/install/uw-testbin/exec-sparse ||  cp ../../../build/user/uw-testbin/exec-sparse/exec-sparse ../../../build/install/uw-testbin/exec-sparse
(cd tlbfaulter && bmake install-staging)
mips-harvard-os161-gcc  -nostdlib -L../../../build/install/lib ../../../build/install/lib/crt0.o -T ../../../mk/uw-prog-ldscript  ../../../build/user/uw-testbin/tlbfaulter/tlbfaulter.o   -lc -o ../../../build/user/uw-testbin/tlbfaulter/tlbfaulter
rm -f ../../../build/install/uw-testbin/tlbfaulter
ln ../../../build/user/uw-testbin/tlbfaulter/tlbfaulter ../../../build/install/uw-testbin/tlbfaulter ||  cp ../../../build/user/uw-testbin/tlbfaulter/tlbfaulter ../../../build/install/uw-testbin/tlbfaulter
(cd onefork && bmake install-staging)
mips-harvard-os161-gcc  -nostdlib -L../../../build/install/lib ../../../build/install/lib/crt0.o -T ../../../mk/uw-prog-ldscript  ../../../build/user/uw-testbin/onefork/onefork.o   -lc -o ../../../build/user/uw-testbin/onefork/onefork
rm -f ../../../build/install/uw-testbin/onefork
ln ../../../build/user/uw-testbin/onefork/onefork ../../../build/install/uw-testbin/onefork ||  cp ../../../build/user/uw-testbin/onefork/onefork ../../../build/install/uw-testbin/onefork
(cd widefork && bmake install-staging)
mips-harvard-os161-gcc  -nostdlib -L../../../build/install/lib ../../../build/install/lib/crt0.o -T ../../../mk/uw-prog-ldscript  ../../../build/user/uw-testbin/widefork/widefork.o   -lc -o ../../../build/user/uw-testbin/widefork/widefork
rm -f ../../../build/install/uw-testbin/widefork
ln ../../../build/user/uw-testbin/widefork/widefork ../../../build/install/uw-testbin/widefork ||  cp ../../../build/user/uw-testbin/widefork/widefork ../../../build/install/uw-testbin/widefork
(cd pidcheck && bmake install-staging)
mips-harvard-os161-gcc  -nostdlib -L../../../build/install/lib ../../../build/install/lib/crt0.o -T ../../../mk/uw-prog-ldscript  ../../../build/user/uw-testbin/pidcheck/pidcheck.o   -lc -o ../../../build/user/uw-testbin/pidcheck/pidcheck
rm -f ../../../build/install/uw-testbin/pidcheck
ln ../../../build/user/uw-testbin/pidcheck/pidcheck ../../../build/install/uw-testbin/pidcheck ||  cp ../../../build/user/uw-testbin/pidcheck/pidcheck ../../../build/install/uw-testbin/pidcheck
(cd xhog && bmake install-staging)
mips-harvard-os161-gcc  -nostdlib -L../../../build/install/lib ../../../build/install/lib/crt0.o -T ../../../mk/uw-prog-ldscript  ../../../build/user/uw-testbin/xhog/xhog.o   -lc -o ../../../build/user/uw-testbin/xhog/xhog
rm -f ../../../build/install/uw-testbin/xhog
ln ../../../build/user/uw-testbin/xhog/xhog ../../../build/install/uw-testbin/xhog ||  cp ../../../build/user/uw-testbin/xhog/xhog ../../../build/install/uw-testbin/xhog
(cd yhog && bmake install-staging)
mips-harvard-os161-gcc  -nostdlib -L../../../build/install/lib ../../../build/install/lib/crt0.o -T ../../../mk/uw-prog-ldscript  ../../../build/user/uw-testbin/yhog/yhog.o   -lc -o ../../../build/user/uw-testbin/yhog/yhog
rm -f ../../../build/install/uw-testbin/yhog
ln ../../../build/user/uw-testbin/yhog/yhog ../../../build/install/uw-testbin/yhog ||  cp ../../../build/user/uw-testbin/yhog/yhog ../../../build/install/uw-testbin/yhog
(cd zhog && bmake install-staging)
mips-harvard-os161-gcc  -nostdlib -L../../../build/install/lib ../../../build/install/lib/crt0.o -T ../../../mk/uw-prog-ldscript  ../../../build/user/uw-testbin/zhog/zhog.o   -lc -o ../../../build/user/uw-testbin/zhog/zhog
rm -f ../../../build/install/uw-testbin/zhog
ln ../../../build/user/uw-testbin/zhog/zhog ../../../build/install/uw-testbin/zhog ||  cp ../../../build/user/uw-testbin/zhog/zhog ../../../build/install/uw-testbin/zhog
(cd hogparty && bmake install-staging)
mips-harvard-os161-gcc  -nostdlib -L../../../build/install/lib ../../../build/install/lib/crt0.o -T ../../../mk/uw-prog-ldscript  ../../../build/user/uw-testbin/hogparty/hogparty.o   -lc -o ../../../build/user/uw-testbin/hogparty/hogparty
rm -f ../../../build/install/uw-testbin/hogparty
ln ../../../build/user/uw-testbin/hogparty/hogparty ../../../build/install/uw-testbin/hogparty ||  cp ../../../build/user/uw-testbin/hogparty/hogparty ../../../build/install/uw-testbin/hogparty
(cd argtesttest && bmake install-staging)
mips-harvard-os161-gcc  -nostdlib -L../../../build/install/lib ../../../build/install/lib/crt0.o -T ../../../mk/uw-prog-ldscript  ../../../build/user/uw-testbin/argtesttest/argtesttest.o   -lc -o ../../../build/user/uw-testbin/argtesttest/argtesttest
rm -f ../../../build/install/uw-testbin/argtesttest
ln ../../../build/user/uw-testbin/argtesttest/argtesttest ../../../build/install/uw-testbin/argtesttest ||  cp ../../../build/user/uw-testbin/argtesttest/argtesttest ../../../build/install/uw-testbin/argtesttest
(cd my-testbin && bmake install-staging)
(cd example && bmake install-staging)
mips-harvard-os161-gcc  -nostdlib -L../../../build/install/lib ../../../build/install/lib/crt0.o -T ../../../mk/uw-prog-ldscript  ../../../build/user/my-testbin/example/example.o   -lc -o ../../../build/user/my-testbin/example/example
rm -f ../../../build/install/my-testbin/example
ln ../../../build/user/my-testbin/example/example ../../../build/install/my-testbin/example ||  cp ../../../build/user/my-testbin/example/example ../../../build/install/my-testbin/example
(cd man && bmake install-staging)
(cd toplevel && bmake install-staging)
(cd bin && bmake install-staging)
(cd sbin && bmake install-staging)
(cd testbin && bmake install-staging)
(cd libc && bmake install-staging)
(cd syscall && bmake install-staging)
(cd dev && bmake install-staging)
(cd misc && bmake install-staging)
(cd ./build/install && tar -cf - .) | (cd /os-compile && tar -xvf -)
./
./hostbin/
./hostbin/host-dumpsfs
./hostbin/host-hash
./hostbin/host-mksfs
./hostbin/host-sfsck
./uw-testbin/
./uw-testbin/syscall
./uw-testbin/files1
./uw-testbin/pidcheck
./uw-testbin/romemwrite
./uw-testbin/vm-mix2
./uw-testbin/xhog
./uw-testbin/argtesttest
./uw-testbin/zhog
./uw-testbin/vm-data1
./uw-testbin/sparse
./uw-testbin/vm-data2
./uw-testbin/tlbfaulter
./uw-testbin/vm-mix1
./uw-testbin/vm-crash1
./uw-testbin/hogparty
./uw-testbin/argtest
./uw-testbin/widefork
./uw-testbin/vm-stack1
./uw-testbin/conc-io
./uw-testbin/onefork
./uw-testbin/vm-mix1-fork
./uw-testbin/vm-stack2
./uw-testbin/exec-sparse
./uw-testbin/segments
./uw-testbin/vm-crash3
./uw-testbin/vm-stackgrow
./uw-testbin/files2
./uw-testbin/writeread
./uw-testbin/yhog
./uw-testbin/vm-crash2
./uw-testbin/vm-mix1-exec
./uw-testbin/vm-data3
./include/
./include/signal.h
./include/err.h
./include/stdlib.h
./include/kern/
./include/kern/signal.h
./include/kern/sfs.h
./include/kern/kern
./include/kern/unistd.h
./include/kern/reboot.h
./include/kern/wait.h
./include/kern/limits.h
./include/kern/machine
./include/kern/types.h
./include/kern/resource.h
./include/kern/iovec.h
./include/kern/ioctl.h
./include/kern/errno.h
./include/kern/stattypes.h
./include/kern/syscall.h
./include/kern/fcntl.h
./include/kern/seek.h
./include/kern/errmsg.h
./include/kern/socket.h
./include/kern/mips/
./include/kern/mips/signal.h
./include/kern/mips/regdefs.h
./include/kern/mips/machine
./include/kern/mips/types.h
./include/kern/mips/setjmp.h
./include/kern/mips/mips
./include/kern/mips/endian.h
./include/kern/stat.h
./include/kern/endian.h
./include/kern/time.h
./include/unistd.h
./include/types/
./include/types/size_t.h
./include/limits.h
./include/machine
./include/string.h
./include/errno.h
./include/setjmp.h
./include/fcntl.h
./include/sys/
./include/sys/reboot.h
./include/sys/wait.h
./include/sys/types.h
./include/sys/null.h
./include/sys/ioctl.h
./include/sys/stat.h
./include/sys/endian.h
./include/stdarg.h
./include/stdint.h
./include/assert.h
./include/stdio.h
./include/time.h
./man/
./man/syscall/
./man/syscall/remove.html
./man/syscall/mkdir.html
./man/syscall/_exit.html
./man/syscall/__time.html
./man/syscall/pipe.html
./man/syscall/fork.html
./man/syscall/fstat.html
./man/syscall/link.html
./man/syscall/sbrk.html
./man/syscall/stat.html
./man/syscall/symlink.html
./man/syscall/rename.html
./man/syscall/errno.html
./man/syscall/sync.html
./man/syscall/lstat.html
./man/syscall/__getcwd.html
./man/syscall/getpid.html
./man/syscall/rmdir.html
./man/syscall/open.html
./man/syscall/chdir.html
./man/syscall/reboot.html
./man/syscall/ftruncate.html
./man/syscall/waitpid.html
./man/syscall/execv.html
./man/syscall/write.html
./man/syscall/getdirentry.html
./man/syscall/read.html
./man/syscall/close.html
./man/syscall/readlink.html
./man/syscall/dup2.html
./man/syscall/ioctl.html
./man/syscall/fsync.html
./man/syscall/index.html
./man/syscall/lseek.html
./man/libc/
./man/libc/random.html
./man/libc/malloc.html
./man/libc/snprintf.html
./man/libc/assert.html
./man/libc/strlen.html
./man/libc/system.html
./man/libc/free.html
./man/libc/time.html
./man/libc/strrchr.html
./man/libc/bzero.html
./man/libc/putchar.html
./man/libc/memcpy.html
./man/libc/calloc.html
./man/libc/atoi.html
./man/libc/realloc.html
./man/libc/getchar.html
./man/libc/exit.html
./man/libc/getcwd.html
./man/libc/strerror.html
./man/libc/strtok_r.html
./man/libc/strcat.html
./man/libc/memset.html
./man/libc/strchr.html
./man/libc/err.html
./man/libc/strtok.html
./man/libc/__vprintf.html
./man/libc/stdarg.html
./man/libc/warn.html
./man/libc/setjmp.html
./man/libc/memmove.html
./man/libc/strcmp.html
./man/libc/puts.html
./man/libc/index.html
./man/libc/strcpy.html
./man/libc/abort.html
./man/libc/printf.html
./man/dev/
./man/dev/random.html
./man/dev/lscreen.html
./man/dev/beep.html
./man/dev/lnet.html
./man/dev/lrandom.html
./man/dev/con.html
./man/dev/lhd.html
./man/dev/ltimer.html
./man/dev/emu.html
./man/dev/null.html
./man/dev/lser.html
./man/dev/rtclock.html
./man/dev/index.html
./man/dev/lamebus.html
./man/sbin/
./man/sbin/halt.html
./man/sbin/poweroff.html
./man/sbin/dumpsfs.html
./man/sbin/reboot.html
./man/sbin/index.html
./man/sbin/mksfs.html
./man/testbin/
./man/testbin/sort.html
./man/testbin/randcall.html
./man/testbin/bigfile.html
./man/testbin/argtest.html
./man/testbin/tail.html
./man/testbin/huge.html
./man/testbin/crash.html
./man/testbin/matmult.html
./man/testbin/forkbomb.html
./man/testbin/rmdirtest.html
./man/testbin/malloctest.html
./man/testbin/rmtest.html
./man/testbin/dirtest.html
./man/testbin/tictac.html
./man/testbin/userthreads.html
./man/testbin/sink.html
./man/testbin/ctest.html
./man/testbin/triplemat.html
./man/testbin/badcall.html
./man/testbin/hash.html
./man/testbin/palin.html
./man/testbin/dirseek.html
./man/testbin/forktest.html
./man/testbin/add.html
./man/testbin/kitchen.html
./man/testbin/faulter.html
./man/testbin/guzzle.html
./man/testbin/triplesort.html
./man/testbin/triplehuge.html
./man/testbin/hog.html
./man/testbin/index.html
./man/testbin/filetest.html
./man/testbin/conman.html
./man/testbin/farm.html
./man/testbin/f_test.html
./man/testbin/sty.html
./man/bin/
./man/bin/ln.html
./man/bin/sh.html
./man/bin/false.html
./man/bin/mkdir.html
./man/bin/mv.html
./man/bin/ls.html
./man/bin/true.html
./man/bin/sync.html
./man/bin/cat.html
./man/bin/rm.html
./man/bin/rmdir.html
./man/bin/pwd.html
./man/bin/cp.html
./man/bin/index.html
./man/index.html
./man/misc/
./man/misc/index.html
./lib/
./lib/libtestutils.a
./lib/crt0.o
./lib/libc.a
./lib/libvm-funcs.a
./hostinclude/
./hostinclude/kern
./hostinclude/hostcompat.h
./sbin/
./sbin/dumpsfs
./sbin/reboot
./sbin/halt
./sbin/poweroff
./sbin/sfsck
./sbin/mksfs
./testbin/
./testbin/dirconc
./testbin/filetest
./testbin/crash
./testbin/rmtest
./testbin/hog
./testbin/parallelvm
./testbin/sort
./testbin/randcall
./testbin/sink
./testbin/rmdirtest
./testbin/matmult
./testbin/add
./testbin/dirseek
./testbin/forktest
./testbin/psort
./testbin/triplesort
./testbin/kitchen
./testbin/argtest
./testbin/huge
./testbin/palin
./testbin/faulter
./testbin/bigfile
./testbin/conman
./testbin/zero
./testbin/farm
./testbin/malloctest
./testbin/forkbomb
./testbin/triplemat
./testbin/hash
./testbin/triplehuge
./testbin/f_test
./testbin/tictac
./testbin/badcall
./testbin/guzzle
./testbin/tail
./testbin/dirtest
./testbin/ctest
./testbin/sty
./bin/
./bin/sync
./bin/rm
./bin/mv
./bin/cat
./bin/mkdir
./bin/cp
./bin/rmdir
./bin/false
./bin/sh
./bin/true
./bin/ls
./bin/pwd
./bin/ln
./my-testbin/
./my-testbin/example
